Archive member included to satisfy reference by file (symbol)

C:/Users/yoshi/.pico-sdk/toolchain/13_2_Rel1/bin/../lib/gcc/arm-none-eabi/13.2.1/thumb/v6-m/nofp\libgcc.a(_dvmd_tls.o)
                              CMakeFiles/RTOS_setup.dir/C_/Users/yoshi/.pico-sdk/sdk/2.0.0/src/rp2_common/pico_divider/divider_hardware.S.obj (__aeabi_idiv0)
C:/Users/yoshi/.pico-sdk/toolchain/13_2_Rel1/bin/../lib/gcc/arm-none-eabi/13.2.1/thumb/v6-m/nofp\libg.a(libc_a-calloc.o)
                              CMakeFiles/RTOS_setup.dir/C_/Users/yoshi/.pico-sdk/sdk/2.0.0/src/rp2_common/pico_malloc/malloc.c.obj (calloc)
C:/Users/yoshi/.pico-sdk/toolchain/13_2_Rel1/bin/../lib/gcc/arm-none-eabi/13.2.1/thumb/v6-m/nofp\libg.a(libc_a-callocr.o)
                              C:/Users/yoshi/.pico-sdk/toolchain/13_2_Rel1/bin/../lib/gcc/arm-none-eabi/13.2.1/thumb/v6-m/nofp\libg.a(libc_a-calloc.o) (_calloc_r)
C:/Users/yoshi/.pico-sdk/toolchain/13_2_Rel1/bin/../lib/gcc/arm-none-eabi/13.2.1/thumb/v6-m/nofp\libg.a(libc_a-malloc.o)
                              CMakeFiles/RTOS_setup.dir/C_/Users/yoshi/.pico-sdk/sdk/2.0.0/src/rp2_common/pico_malloc/malloc.c.obj (malloc)
C:/Users/yoshi/.pico-sdk/toolchain/13_2_Rel1/bin/../lib/gcc/arm-none-eabi/13.2.1/thumb/v6-m/nofp\libg.a(libc_a-mallocr.o)
                              C:/Users/yoshi/.pico-sdk/toolchain/13_2_Rel1/bin/../lib/gcc/arm-none-eabi/13.2.1/thumb/v6-m/nofp\libg.a(libc_a-callocr.o) (_malloc_r)
C:/Users/yoshi/.pico-sdk/toolchain/13_2_Rel1/bin/../lib/gcc/arm-none-eabi/13.2.1/thumb/v6-m/nofp\libg.a(libc_a-mlock.o)
                              C:/Users/yoshi/.pico-sdk/toolchain/13_2_Rel1/bin/../lib/gcc/arm-none-eabi/13.2.1/thumb/v6-m/nofp\libg.a(libc_a-mallocr.o) (__malloc_lock)
C:/Users/yoshi/.pico-sdk/toolchain/13_2_Rel1/bin/../lib/gcc/arm-none-eabi/13.2.1/thumb/v6-m/nofp\libg.a(libc_a-realloc.o)
                              CMakeFiles/RTOS_setup.dir/C_/Users/yoshi/.pico-sdk/sdk/2.0.0/src/rp2_common/pico_malloc/malloc.c.obj (realloc)
C:/Users/yoshi/.pico-sdk/toolchain/13_2_Rel1/bin/../lib/gcc/arm-none-eabi/13.2.1/thumb/v6-m/nofp\libg.a(libc_a-reallocr.o)
                              C:/Users/yoshi/.pico-sdk/toolchain/13_2_Rel1/bin/../lib/gcc/arm-none-eabi/13.2.1/thumb/v6-m/nofp\libg.a(libc_a-realloc.o) (_realloc_r)
C:/Users/yoshi/.pico-sdk/toolchain/13_2_Rel1/bin/../lib/gcc/arm-none-eabi/13.2.1/thumb/v6-m/nofp\libg.a(libc_a-memcmp.o)
                              CMakeFiles/RTOS_setup.dir/C_/Users/yoshi/.pico-sdk/sdk/2.0.0/src/rp2_common/pico_atomic/atomic.c.obj (memcmp)
C:/Users/yoshi/.pico-sdk/toolchain/13_2_Rel1/bin/../lib/gcc/arm-none-eabi/13.2.1/thumb/v6-m/nofp\libg.a(libc_a-memmove.o)
                              C:/Users/yoshi/.pico-sdk/toolchain/13_2_Rel1/bin/../lib/gcc/arm-none-eabi/13.2.1/thumb/v6-m/nofp\libg.a(libc_a-reallocr.o) (memmove)
C:/Users/yoshi/.pico-sdk/toolchain/13_2_Rel1/bin/../lib/gcc/arm-none-eabi/13.2.1/thumb/v6-m/nofp\libg.a(libc_a-lcltime_r.o)
                              CMakeFiles/RTOS_setup.dir/C_/Users/yoshi/.pico-sdk/sdk/2.0.0/src/common/pico_util/datetime.c.obj (localtime_r)
C:/Users/yoshi/.pico-sdk/toolchain/13_2_Rel1/bin/../lib/gcc/arm-none-eabi/13.2.1/thumb/v6-m/nofp\libg.a(libc_a-mktime.o)
                              CMakeFiles/RTOS_setup.dir/C_/Users/yoshi/.pico-sdk/sdk/2.0.0/src/common/pico_util/datetime.c.obj (mktime)
C:/Users/yoshi/.pico-sdk/toolchain/13_2_Rel1/bin/../lib/gcc/arm-none-eabi/13.2.1/thumb/v6-m/nofp\libg.a(libc_a-month_lengths.o)
                              C:/Users/yoshi/.pico-sdk/toolchain/13_2_Rel1/bin/../lib/gcc/arm-none-eabi/13.2.1/thumb/v6-m/nofp\libg.a(libc_a-lcltime_r.o) (__month_lengths)
C:/Users/yoshi/.pico-sdk/toolchain/13_2_Rel1/bin/../lib/gcc/arm-none-eabi/13.2.1/thumb/v6-m/nofp\libg.a(libc_a-tzcalc_limits.o)
                              C:/Users/yoshi/.pico-sdk/toolchain/13_2_Rel1/bin/../lib/gcc/arm-none-eabi/13.2.1/thumb/v6-m/nofp\libg.a(libc_a-lcltime_r.o) (__tzcalc_limits)
C:/Users/yoshi/.pico-sdk/toolchain/13_2_Rel1/bin/../lib/gcc/arm-none-eabi/13.2.1/thumb/v6-m/nofp\libg.a(libc_a-tzlock.o)
                              C:/Users/yoshi/.pico-sdk/toolchain/13_2_Rel1/bin/../lib/gcc/arm-none-eabi/13.2.1/thumb/v6-m/nofp\libg.a(libc_a-lcltime_r.o) (__tz_lock)
C:/Users/yoshi/.pico-sdk/toolchain/13_2_Rel1/bin/../lib/gcc/arm-none-eabi/13.2.1/thumb/v6-m/nofp\libg.a(libc_a-tzset.o)
                              C:/Users/yoshi/.pico-sdk/toolchain/13_2_Rel1/bin/../lib/gcc/arm-none-eabi/13.2.1/thumb/v6-m/nofp\libg.a(libc_a-lcltime_r.o) (_tzset_unlocked)
C:/Users/yoshi/.pico-sdk/toolchain/13_2_Rel1/bin/../lib/gcc/arm-none-eabi/13.2.1/thumb/v6-m/nofp\libg.a(libc_a-tzset_r.o)
                              C:/Users/yoshi/.pico-sdk/toolchain/13_2_Rel1/bin/../lib/gcc/arm-none-eabi/13.2.1/thumb/v6-m/nofp\libg.a(libc_a-tzset.o) (_tzset_unlocked_r)
C:/Users/yoshi/.pico-sdk/toolchain/13_2_Rel1/bin/../lib/gcc/arm-none-eabi/13.2.1/thumb/v6-m/nofp\libg.a(libc_a-tzvars.o)
[...]
Memory Configuration

Name             Origin             Length             Attributes
FLASH            0x10000000         0x00200000         xr
RAM              0x20000000         0x00040000         xrw
SCRATCH_X        0x20040000         0x00001000         xrw
SCRATCH_Y        0x20041000         0x00001000         xrw
*default*        0x00000000         0xffffffff

Linker script and memory map

LOAD C:/Users/yoshi/.pico-sdk/toolchain/13_2_Rel1/bin/../lib/gcc/arm-none-eabi/13.2.1/thumb/v6-m/nofp/crti.o
LOAD C:/Users/yoshi/.pico-sdk/toolchain/13_2_Rel1/bin/../lib/gcc/arm-none-eabi/13.2.1/thumb/v6-m/nofp/crtbegin.o
LOAD C:/Users/yoshi/.pico-sdk/toolchain/13_2_Rel1/bin/../lib/gcc/arm-none-eabi/13.2.1/thumb/v6-m/nofp/crt0.o

.flash_begin    0x10000000        0x0
                0x10000000                        __flash_binary_start = .

.boot2          0x10000000      0x100
                0x10000000                        __boot2_start__ = .
 *(.boot2)
 .boot2         0x10000000      0x100 C:\Users\yoshi\AppData\Local\Temp\ccm7lX8E.o
                0x10000100                        __boot2_end__ = .
                0x00000001                        ASSERT (((__boot2_end__ - __boot2_start__) == 0x100), ERROR: Pico second stage bootloader must be 256 bytes in size)

.text           0x10000100     0x65e8
                0x10000100                        __logical_binary_start = .
 *(.vectors)
 .vectors       0x10000100       0xd4 CMakeFiles/RTOS_setup.dir/C_/Users/yoshi/.pico-sdk/sdk/2.0.0/src/rp2_common/pico_crt0/crt0.S.obj
                0x10000100                __VECTOR_TABLE
                0x10000100                __vectors
                0x100001c0                isr_invalid
                0x100001c0                __default_isrs_start
                0x100001c2                isr_nmi
                0x100001c4                isr_hardfault
                0x100001c6                isr_svcall
                0x100001c8                isr_pendsv
                0x100001ca                isr_systick
                0x100001cc                isr_irq23
                0x100001cc                isr_irq18
                0x100001cc                isr_irq11
                0x100001cc                isr_irq28
                0x100001cc                isr_irq19
                0x100001cc                isr_irq0
                0x100001cc                isr_irq6
                0x100001cc                isr_irq5
                0x100001cc                isr_irq12
                0x100001cc                isr_irq22
                0x100001cc                isr_irq31
                0x100001cc                isr_irq17
                0x100001cc                isr_irq27
                0x100001cc                isr_irq30
                0x100001cc                isr_irq2
                0x100001cc                isr_irq10
                0x100001cc                isr_irq8
                0x100001cc                isr_irq24
                0x100001cc                isr_irq1
                0x100001cc                isr_irq7
                0x100001cc                isr_irq21
                0x100001cc                isr_irq20
                0x100001cc                isr_irq15
                0x100001cc                isr_irq25
                0x100001cc                isr_irq13
                0x100001cc                __unhandled_user_irq
                0x100001cc                isr_irq4
                0x100001cc                isr_irq16
                0x100001cc                isr_irq29
                0x100001cc                isr_irq26
                0x100001cc                __default_isrs_end
                0x100001cc                isr_irq3
                0x100001cc                isr_irq14
                0x100001cc                isr_irq9
                0x100001d2                unhandled_user_irq_num_in_r0
 *(.binary_info_header)
 .binary_info_header
                0x100001d4       0x14 CMakeFiles/RTOS_setup.dir/C_/Users/yoshi/.pico-sdk/sdk/2.0.0/src/rp2_common/pico_crt0/crt0.S.obj
                0x100001e8                        __binary_info_header_end = .
 *(.embedded_block)
                0x100001e8                        __embedded_block_end = .
 *(.reset)
 .reset         0x100001e8       0x9c CMakeFiles/RTOS_setup.dir/C_/Users/yoshi/.pico-sdk/sdk/2.0.0/src/rp2_common/pico_crt0/crt0.S.obj
                0x100001e8                _entry_point
 *(.init)
 .init          0x10000284        0x4 C:/Users/yoshi/.pico-sdk/toolchain/13_2_Rel1/bin/../lib/gcc/arm-none-eabi/13.2.1/thumb/v6-m/nofp/crti.o
                0x10000284                _init
 *(EXCLUDE_FILE(*libm.a: *libc.a:*lib_a-mem*.o *libgcc.a:) .text*)
 .text.register_tm_clones
                0x10000288       0x28 C:/Users/yoshi/.pico-sdk/toolchain/13_2_Rel1/bin/../lib/gcc/arm-none-eabi/13.2.1/thumb/v6-m/nofp/crtbegin.o
 .text.frame_dummy
                0x100002b0       0x24 C:/Users/yoshi/.pico-sdk/toolchain/13_2_Rel1/bin/../lib/gcc/arm-none-eabi/13.2.1/thumb/v6-m/nofp/crtbegin.o
 .text._Z6vTask1Pv
                0x100002d4       0x18 CMakeFiles/RTOS_setup.dir/RTOS_setup.cpp.obj
                0x100002d4                vTask1(void*)
 .text._Z6vTask2Pv
                0x100002ec       0x18 CMakeFiles/RTOS_setup.dir/RTOS_setup.cpp.obj
                0x100002ec                vTask2(void*)
 .text.startup.main
                0x10000304       0x48 CMakeFiles/RTOS_setup.dir/RTOS_setup.cpp.obj
                0x10000304                main
 .text.rp2040_chip_version
                0x1000034c        0xc CMakeFiles/RTOS_setup.dir/C_/Users/yoshi/.pico-sdk/sdk/2.0.0/src/rp2040/pico_platform/platform.c.obj
                0x1000034c                rp2040_chip_version
 .text.panic    0x10000358       0x30 CMakeFiles/RTOS_setup.dir/C_/Users/yoshi/.pico-sdk/sdk/2.0.0/src/rp2_common/pico_platform_panic/panic.c.obj
                0x10000358                panic
 .text.panic_unsupported
                0x10000388        0xc CMakeFiles/RTOS_setup.dir/C_/Users/yoshi/.pico-sdk/sdk/2.0.0/src/rp2_common/pico_platform_panic/panic.c.obj
                0x10000388                panic_unsupported
 .text.hw_claim_or_assert
                0x10000394       0x44 CMakeFiles/RTOS_setup.dir/C_/Users/yoshi/.pico-sdk/sdk/2.0.0/src/common/hardware_claim/claim.c.obj
                0x10000394                hw_claim_or_assert
 .text.hw_claim_unused_from_range
                0x100003d8       0x9c CMakeFiles/RTOS_setup.dir/C_/Users/yoshi/.pico-sdk/sdk/2.0.0/src/common/hardware_claim/claim.c.obj
                0x100003d8                hw_claim_unused_from_range
 .text.next_striped_spin_lock_num
                0x10000474       0x18 CMakeFiles/RTOS_setup.dir/C_/Users/yoshi/.pico-sdk/sdk/2.0.0/src/rp2_common/hardware_sync/sync.c.obj
                0x10000474                next_striped_spin_lock_num
 .text.spin_lock_claim_unused
                0x1000048c       0x24 CMakeFiles/RTOS_setup.dir/C_/Users/yoshi/.pico-sdk/sdk/2.0.0/src/rp2_common/hardware_sync/sync.c.obj
                0x1000048c                spin_lock_claim_unused
 .text.spin_locks_reset
                0x100004b0       0x1c CMakeFiles/RTOS_setup.dir/C_/Users/yoshi/.pico-sdk/sdk/2.0.0/src/rp2_common/hardware_sync_spin_lock/sync_spin_lock.c.obj
                0x100004b0                spin_locks_reset
 .text.runtime_init_per_core_irq_priorities
                0x100004cc       0x24 CMakeFiles/RTOS_setup.dir/C_/Users/yoshi/.pico-sdk/sdk/2.0.0/src/rp2_common/hardware_irq/irq.c.obj
                0x100004cc                runtime_init_per_core_irq_priorities
 .text.irq_set_enabled
                0x100004f0       0x24 CMakeFiles/RTOS_setup.dir/C_/Users/yoshi/.pico-sdk/sdk/2.0.0/src/rp2_common/hardware_irq/irq.c.obj
                0x100004f0                irq_set_enabled
 .text.irq_is_enabled
                0x10000514       0x18 CMakeFiles/RTOS_setup.dir/C_/Users/yoshi/.pico-sdk/sdk/2.0.0/src/rp2_common/hardware_irq/irq.c.obj
                0x10000514                irq_is_enabled
 .text.irq_set_pending
                0x1000052c       0x10 CMakeFiles/RTOS_setup.dir/C_/Users/yoshi/.pico-sdk/sdk/2.0.0/src/rp2_common/hardware_irq/irq.c.obj
                0x1000052c                irq_set_pending
 .text.irq_has_shared_handler
                0x1000053c       0x2c CMakeFiles/RTOS_setup.dir/C_/Users/yoshi/.pico-sdk/sdk/2.0.0/src/rp2_common/hardware_irq/irq.c.obj
                0x1000053c                irq_has_shared_handler
 .text.irq_set_exclusive_handler
                0x10000568       0x54 CMakeFiles/RTOS_setup.dir/C_/Users/yoshi/.pico-sdk/sdk/2.0.0/src/rp2_common/hardware_irq/irq.c.obj
                0x10000568                irq_set_exclusive_handler
 .text.irq_add_shared_handler
                0x100005bc      0x1f4 CMakeFiles/RTOS_setup.dir/C_/Users/yoshi/.pico-sdk/sdk/2.0.0/src/rp2_common/hardware_irq/irq.c.obj
                0x100005bc                irq_add_shared_handler
 .text.irq_set_priority
                0x100007b0       0x28 CMakeFiles/RTOS_setup.dir/C_/Users/yoshi/.pico-sdk/sdk/2.0.0/src/rp2_common/hardware_irq/irq.c.obj
                0x100007b0                irq_set_priority
 .text.irq_add_tail_to_free_list
                0x100007d8       0xb4 CMakeFiles/RTOS_setup.dir/C_/Users/yoshi/.pico-sdk/sdk/2.0.0/src/rp2_common/hardware_irq/irq.c.obj
                0x100007d8                irq_add_tail_to_free_list
 .text.user_irq_claim_unused
                0x1000088c       0x2c CMakeFiles/RTOS_setup.dir/C_/Users/yoshi/.pico-sdk/sdk/2.0.0/src/rp2_common/hardware_irq/irq.c.obj
                0x1000088c                user_irq_claim_unused
 .text.lock_init
                0x100008b8       0x10 CMakeFiles/RTOS_setup.dir/C_/Users/yoshi/.pico-sdk/sdk/2.0.0/src/common/pico_sync/lock_core.c.obj
                0x100008b8                lock_init
 .text.runtime_init_mutex
                0x100008c8       0x54 CMakeFiles/RTOS_setup.dir/C_/Users/yoshi/.pico-sdk/sdk/2.0.0/src/common/pico_sync/mutex.c.obj
                0x100008c8                runtime_init_mutex
 .text.mutex_init
                0x1000091c       0x1c CMakeFiles/RTOS_setup.dir/C_/Users/yoshi/.pico-sdk/sdk/2.0.0/src/common/pico_sync/mutex.c.obj
                0x1000091c                mutex_init
 .text.critical_section_init
                0x10000938       0x1c CMakeFiles/RTOS_setup.dir/C_/Users/yoshi/.pico-sdk/sdk/2.0.0/src/common/pico_sync/critical_section.c.obj
                0x10000938                critical_section_init
 .text.critical_section_init_with_lock_num
                0x10000954       0x14 CMakeFiles/RTOS_setup.dir/C_/Users/yoshi/.pico-sdk/sdk/2.0.0/src/common/pico_sync/critical_section.c.obj
                0x10000954                critical_section_init_with_lock_num
 .text.alarm_pool_irq_handler
                0x10000968      0x2e4 CMakeFiles/RTOS_setup.dir/C_/Users/yoshi/.pico-sdk/sdk/2.0.0/src/common/pico_time/time.c.obj
 .text.sleep_until_callback
                0x10000c4c       0x24 CMakeFiles/RTOS_setup.dir/C_/Users/yoshi/.pico-sdk/sdk/2.0.0/src/common/pico_time/time.c.obj
 .text.runtime_init_default_alarm_pool
                0x10000c70       0xdc CMakeFiles/RTOS_setup.dir/C_/Users/yoshi/.pico-sdk/sdk/2.0.0/src/common/pico_time/time.c.obj
                0x10000c70                runtime_init_default_alarm_pool
 .text.alarm_pool_get_default
                0x10000d4c        0x8 CMakeFiles/RTOS_setup.dir/C_/Users/yoshi/.pico-sdk/sdk/2.0.0/src/common/pico_time/time.c.obj
                0x10000d4c                alarm_pool_get_default
 .text.alarm_pool_add_alarm_at
                0x10000d54       0xd4 CMakeFiles/RTOS_setup.dir/C_/Users/yoshi/.pico-sdk/sdk/2.0.0/src/common/pico_time/time.c.obj
                0x10000d54                alarm_pool_add_alarm_at
 .text.alarm_pool_cancel_alarm
                0x10000e28       0x74 CMakeFiles/RTOS_setup.dir/C_/Users/yoshi/.pico-sdk/sdk/2.0.0/src/common/pico_time/time.c.obj
                0x10000e28                alarm_pool_cancel_alarm
 .text.alarm_pool_core_num
                0x10000e9c        0x4 CMakeFiles/RTOS_setup.dir/C_/Users/yoshi/.pico-sdk/sdk/2.0.0/src/common/pico_time/time.c.obj
                0x10000e9c                alarm_pool_core_num
 .text.best_effort_wfe_or_timeout
                0x10000ea0      0x134 CMakeFiles/RTOS_setup.dir/C_/Users/yoshi/.pico-sdk/sdk/2.0.0/src/common/pico_time/time.c.obj
                0x10000ea0                best_effort_wfe_or_timeout
 .text.timer_hardware_alarm_claim
                0x10000fd4       0x14 CMakeFiles/RTOS_setup.dir/C_/Users/yoshi/.pico-sdk/sdk/2.0.0/src/rp2_common/hardware_timer/timer.c.obj
                0x10000fd4                timer_hardware_alarm_claim
 .text.timer_time_us_64
                0x10000fe8       0x10 CMakeFiles/RTOS_setup.dir/C_/Users/yoshi/.pico-sdk/sdk/2.0.0/src/rp2_common/hardware_timer/timer.c.obj
                0x10000fe8                timer_time_us_64
 .text.time_us_64
                0x10000ff8       0x14 CMakeFiles/RTOS_setup.dir/C_/Users/yoshi/.pico-sdk/sdk/2.0.0/src/rp2_common/hardware_timer/timer.c.obj
                0x10000ff8                time_us_64
 .text.clock_configure_int_divider
                0x1000100c       0xf4 CMakeFiles/RTOS_setup.dir/C_/Users/yoshi/.pico-sdk/sdk/2.0.0/src/rp2_common/hardware_clocks/clocks.c.obj
                0x1000100c                clock_configure_int_divider
 .text.clock_configure_undivided
                0x10001100       0xe8 CMakeFiles/RTOS_setup.dir/C_/Users/yoshi/.pico-sdk/sdk/2.0.0/src/rp2_common/hardware_clocks/clocks.c.obj
                0x10001100                clock_configure_undivided
 .text.clock_get_hz
                0x100011e8        0xc CMakeFiles/RTOS_setup.dir/C_/Users/yoshi/.pico-sdk/sdk/2.0.0/src/rp2_common/hardware_clocks/clocks.c.obj
                0x100011e8                clock_get_hz
 .text.pll_init
                0x100011f4       0xa4 CMakeFiles/RTOS_setup.dir/C_/Users/yoshi/.pico-sdk/sdk/2.0.0/src/rp2_common/hardware_pll/pll.c.obj
                0x100011f4                pll_init
 .text.watchdog_reboot
                0x10001298       0x9c CMakeFiles/RTOS_setup.dir/C_/Users/yoshi/.pico-sdk/sdk/2.0.0/src/rp2_common/hardware_watchdog/watchdog.c.obj
                0x10001298                watchdog_reboot
 .text.tick_start
                0x10001334       0x10 CMakeFiles/RTOS_setup.dir/C_/Users/yoshi/.pico-sdk/sdk/2.0.0/src/rp2_common/hardware_ticks/ticks.c.obj
                0x10001334                tick_start
 .text.xosc_init
                0x10001344       0x28 CMakeFiles/RTOS_setup.dir/C_/Users/yoshi/.pico-sdk/sdk/2.0.0/src/rp2_common/hardware_xosc/xosc.c.obj
                0x10001344                xosc_init
 .text.first_per_core_initializer
                0x1000136c        0x4 CMakeFiles/RTOS_setup.dir/C_/Users/yoshi/.pico-sdk/sdk/2.0.0/src/rp2_common/pico_runtime/runtime.c.obj
 .text.hard_assertion_failure
                0x10001370        0xc CMakeFiles/RTOS_setup.dir/C_/Users/yoshi/.pico-sdk/sdk/2.0.0/src/rp2_common/pico_runtime/runtime.c.obj
                0x10001370                hard_assertion_failure
 .text.runtime_run_initializers
                0x1000137c       0x28 CMakeFiles/RTOS_setup.dir/C_/Users/yoshi/.pico-sdk/sdk/2.0.0/src/rp2_common/pico_runtime/runtime.c.obj
                0x1000137c                runtime_run_initializers
 .text.runtime_init_early_resets
                0x100013a4       0x2c CMakeFiles/RTOS_setup.dir/C_/Users/yoshi/.pico-sdk/sdk/2.0.0/src/rp2_common/pico_runtime_init/runtime_init.c.obj
                0x100013a4                runtime_init_early_resets
 .text.runtime_init_usb_power_down
                0x100013d0       0x1c CMakeFiles/RTOS_setup.dir/C_/Users/yoshi/.pico-sdk/sdk/2.0.0/src/rp2_common/pico_runtime_init/runtime_init.c.obj
                0x100013d0                runtime_init_usb_power_down
 .text.runtime_init_post_clock_resets
                0x100013ec       0x20 CMakeFiles/RTOS_setup.dir/C_/Users/yoshi/.pico-sdk/sdk/2.0.0/src/rp2_common/pico_runtime_init/runtime_init.c.obj
                0x100013ec                runtime_init_post_clock_resets
 .text.runtime_init_rp2040_gpio_ie_disable
                0x1000140c       0x14 CMakeFiles/RTOS_setup.dir/C_/Users/yoshi/.pico-sdk/sdk/2.0.0/src/rp2_common/pico_runtime_init/runtime_init.c.obj
                0x1000140c                runtime_init_rp2040_gpio_ie_disable
 .text.runtime_init_spin_locks_reset
                0x10001420        0x8 CMakeFiles/RTOS_setup.dir/C_/Users/yoshi/.pico-sdk/sdk/2.0.0/src/rp2_common/pico_runtime_init/runtime_init.c.obj
                0x10001420                runtime_init_spin_locks_reset
 .text.runtime_init_install_ram_vector_table
                0x10001428       0x1c CMakeFiles/RTOS_setup.dir/C_/Users/yoshi/.pico-sdk/sdk/2.0.0/src/rp2_common/pico_runtime_init/runtime_init.c.obj
                0x10001428                runtime_init_install_ram_vector_table
 .text.runtime_init_clocks
                0x10001444       0xd8 CMakeFiles/RTOS_setup.dir/C_/Users/yoshi/.pico-sdk/sdk/2.0.0/src/rp2_common/pico_runtime_init/runtime_init_clocks.c.obj
                0x10001444                runtime_init_clocks
 .text          0x1000151c       0x10 CMakeFiles/RTOS_setup.dir/C_/Users/yoshi/.pico-sdk/sdk/2.0.0/src/rp2_common/pico_bit_ops/bit_ops_aeabi.S.obj
 .text.rom_func_lookup
                0x1000152c       0x10 CMakeFiles/RTOS_setup.dir/C_/Users/yoshi/.pico-sdk/sdk/2.0.0/src/rp2_common/pico_bootrom/bootrom.c.obj
                0x1000152c                rom_func_lookup
 .text.rom_data_lookup
                0x1000153c       0x10 CMakeFiles/RTOS_setup.dir/C_/Users/yoshi/.pico-sdk/sdk/2.0.0/src/rp2_common/pico_bootrom/bootrom.c.obj
                0x1000153c                rom_data_lookup
 .text.rom_funcs_lookup
                0x1000154c       0x44 CMakeFiles/RTOS_setup.dir/C_/Users/yoshi/.pico-sdk/sdk/2.0.0/src/rp2_common/pico_bootrom/bootrom.c.obj
                0x1000154c                rom_funcs_lookup
 .text.rom_reset_usb_boot
                0x10001590       0x20 CMakeFiles/RTOS_setup.dir/C_/Users/yoshi/.pico-sdk/sdk/2.0.0/src/rp2_common/pico_bootrom/bootrom.c.obj
                0x10001590                rom_reset_usb_boot
 .text.__wrap___aeabi_uidiv
                0x100015b0       0x4c CMakeFiles/RTOS_setup.dir/C_/Users/yoshi/.pico-sdk/sdk/2.0.0/src/rp2_common/pico_divider/divider_hardware.S.obj
                0x100015b0                __wrap___aeabi_uidiv
                0x100015b0                __wrap___aeabi_uidivmod
                0x100015b0                div_u32u32
                0x100015b0                divmod_u32u32
                0x100015b8                divmod_u32u32_unsafe
                0x100015e0                divmod_u32u32_savestate
 .text.__wrap___aeabi_ldiv
                0x100015fc      0x424 CMakeFiles/RTOS_setup.dir/C_/Users/yoshi/.pico-sdk/sdk/2.0.0/src/rp2_common/pico_divider/divider_hardware.S.obj
                0x100015fc                div_s64s64
                0x100015fc                divmod_s64s64
                0x100015fc                __wrap___aeabi_ldivmod
                0x1000162c                divmod_u64u64
                0x1000162c                div_u64u64
                0x1000162c                __wrap___aeabi_uldivmod
                0x1000163c                divmod_u64u64_savestate
                0x1000165c                divmod_s64s64_unsafe
                0x100016e4                divmod_u64u64_unsafe
 .text.missing_double_func_shim
                0x10001a20        0xc CMakeFiles/RTOS_setup.dir/C_/Users/yoshi/.pico-sdk/sdk/2.0.0/src/rp2_common/pico_double/double_init_rom_rp2040.c.obj
 .text.__aeabi_double_init
                0x10001a2c       0xa0 CMakeFiles/RTOS_setup.dir/C_/Users/yoshi/.pico-sdk/sdk/2.0.0/src/rp2_common/pico_double/double_init_rom_rp2040.c.obj
                0x10001a2c                __aeabi_double_init
 .text.double_table_shim_on_use_helper
                0x10001acc       0x2c CMakeFiles/RTOS_setup.dir/C_/Users/yoshi/.pico-sdk/sdk/2.0.0/src/rp2_common/pico_double/double_v1_rom_shim_rp2040.S.obj
                0x10001acc                double_table_shim_on_use_helper
 .text.__aeabi_lmul
                0x10001af8       0x32 CMakeFiles/RTOS_setup.dir/C_/Users/yoshi/.pico-sdk/sdk/2.0.0/src/rp2_common/pico_int64_ops/pico_int64_ops_aeabi.S.obj
                0x10001af8                __wrap___aeabi_lmul
 *fill*         0x10001b2a        0x2 
 .text.missing_float_func_shim
                0x10001b2c        0xc CMakeFiles/RTOS_setup.dir/C_/Users/yoshi/.pico-sdk/sdk/2.0.0/src/rp2_common/pico_float/float_init_rom_rp2040.c.obj
 .text.__aeabi_float_init
                0x10001b38       0x5c CMakeFiles/RTOS_setup.dir/C_/Users/yoshi/.pico-sdk/sdk/2.0.0/src/rp2_common/pico_float/float_init_rom_rp2040.c.obj
                0x10001b38                __aeabi_float_init
 .text          0x10001b94       0x10 CMakeFiles/RTOS_setup.dir/C_/Users/yoshi/.pico-sdk/sdk/2.0.0/src/rp2_common/pico_mem_ops/mem_ops_aeabi.S.obj
                0x10001b94                __aeabi_mem_init
 .text.memset   0x10001ba4        0xc CMakeFiles/RTOS_setup.dir/C_/Users/yoshi/.pico-sdk/sdk/2.0.0/src/rp2_common/pico_mem_ops/mem_ops_aeabi.S.obj
                0x10001ba4                __wrap_memset
 .text.memcpy   0x10001bb0        0xc CMakeFiles/RTOS_setup.dir/C_/Users/yoshi/.pico-sdk/sdk/2.0.0/src/rp2_common/pico_mem_ops/mem_ops_aeabi.S.obj
                0x10001bb0                __wrap_memcpy
                0x10001bb0                __wrap___aeabi_memcpy
 .text._out_char
                0x10001bbc       0x10 CMakeFiles/RTOS_setup.dir/C_/Users/yoshi/.pico-sdk/sdk/2.0.0/src/rp2_common/pico_printf/printf.c.obj
 .text.weak_raw_vprintf
                0x10001bcc       0x30 CMakeFiles/RTOS_setup.dir/C_/Users/yoshi/.pico-sdk/sdk/2.0.0/src/rp2_common/pico_printf/printf.c.obj
                0x10001bcc                weak_raw_vprintf
 .text._exit    0x10001bfc        0x4 CMakeFiles/RTOS_setup.dir/C_/Users/yoshi/.pico-sdk/sdk/2.0.0/src/rp2_common/pico_clib_interface/newlib_interface.c.obj
                0x10001bfc                _exit
 .text.exit     0x10001c00        0x8 CMakeFiles/RTOS_setup.dir/C_/Users/yoshi/.pico-sdk/sdk/2.0.0/src/rp2_common/pico_clib_interface/newlib_interface.c.obj
                0x10001c00                exit
 .text.runtime_init
                0x10001c08       0x2c CMakeFiles/RTOS_setup.dir/C_/Users/yoshi/.pico-sdk/sdk/2.0.0/src/rp2_common/pico_clib_interface/newlib_interface.c.obj
                0x10001c08                runtime_init
 .text.stdio_out_chars_no_crlf
                0x10001c34       0x10 CMakeFiles/RTOS_setup.dir/C_/Users/yoshi/.pico-sdk/sdk/2.0.0/src/rp2_common/pico_stdio/stdio.c.obj
 .text.stdio_out_chars_crlf
                0x10001c44       0x94 CMakeFiles/RTOS_setup.dir/C_/Users/yoshi/.pico-sdk/sdk/2.0.0/src/rp2_common/pico_stdio/stdio.c.obj
 .text.stdio_put_string
                0x10001cd8      0x100 CMakeFiles/RTOS_setup.dir/C_/Users/yoshi/.pico-sdk/sdk/2.0.0/src/rp2_common/pico_stdio/stdio.c.obj
                0x10001cd8                stdio_put_string
 .text.stdio_set_driver_enabled
                0x10001dd8       0x30 CMakeFiles/RTOS_setup.dir/C_/Users/yoshi/.pico-sdk/sdk/2.0.0/src/rp2_common/pico_stdio/stdio.c.obj
                0x10001dd8                stdio_set_driver_enabled
 .text.stdio_init_all
                0x10001e08        0x8 CMakeFiles/RTOS_setup.dir/C_/Users/yoshi/.pico-sdk/sdk/2.0.0/src/rp2_common/pico_stdio/stdio.c.obj
                0x10001e08                stdio_init_all
 .text.__wrap_putchar
                0x10001e10       0x98 CMakeFiles/RTOS_setup.dir/C_/Users/yoshi/.pico-sdk/sdk/2.0.0/src/rp2_common/pico_stdio/stdio.c.obj
                0x10001e10                __wrap_putchar
                0x10001e10                stdio_putchar
 .text.__wrap_puts
                0x10001ea8       0x3c CMakeFiles/RTOS_setup.dir/C_/Users/yoshi/.pico-sdk/sdk/2.0.0/src/rp2_common/pico_stdio/stdio.c.obj
                0x10001ea8                stdio_puts
                0x10001ea8                __wrap_puts
 .text.resetd_init
                0x10001ee4        0x4 CMakeFiles/RTOS_setup.dir/C_/Users/yoshi/.pico-sdk/sdk/2.0.0/src/rp2_common/pico_stdio_usb/reset_interface.c.obj
 .text.resetd_reset
                0x10001ee8        0xc CMakeFiles/RTOS_setup.dir/C_/Users/yoshi/.pico-sdk/sdk/2.0.0/src/rp2_common/pico_stdio_usb/reset_interface.c.obj
 .text.resetd_open
                0x10001ef4       0x28 CMakeFiles/RTOS_setup.dir/C_/Users/yoshi/.pico-sdk/sdk/2.0.0/src/rp2_common/pico_stdio_usb/reset_interface.c.obj
 .text.resetd_xfer_cb
                0x10001f1c        0x4 CMakeFiles/RTOS_setup.dir/C_/Users/yoshi/.pico-sdk/sdk/2.0.0/src/rp2_common/pico_stdio_usb/reset_interface.c.obj
 .text.resetd_control_xfer_cb
                0x10001f20       0x54 CMakeFiles/RTOS_setup.dir/C_/Users/yoshi/.pico-sdk/sdk/2.0.0/src/rp2_common/pico_stdio_usb/reset_interface.c.obj
 .text.tud_descriptor_bos_cb
                0x10001f74        0x8 CMakeFiles/RTOS_setup.dir/C_/Users/yoshi/.pico-sdk/sdk/2.0.0/src/rp2_common/pico_stdio_usb/reset_interface.c.obj
                0x10001f74                tud_descriptor_bos_cb
 .text.tud_vendor_control_xfer_cb
                0x10001f7c       0x34 CMakeFiles/RTOS_setup.dir/C_/Users/yoshi/.pico-sdk/sdk/2.0.0/src/rp2_common/pico_stdio_usb/reset_interface.c.obj
                0x10001f7c                tud_vendor_control_xfer_cb
 .text.usbd_app_driver_get_cb
                0x10001fb0        0xc CMakeFiles/RTOS_setup.dir/C_/Users/yoshi/.pico-sdk/sdk/2.0.0/src/rp2_common/pico_stdio_usb/reset_interface.c.obj
                0x10001fb0                usbd_app_driver_get_cb
 .text.tud_cdc_line_coding_cb
                0x10001fbc       0x28 CMakeFiles/RTOS_setup.dir/C_/Users/yoshi/.pico-sdk/sdk/2.0.0/src/rp2_common/pico_stdio_usb/reset_interface.c.obj
                0x10001fbc                tud_cdc_line_coding_cb
 .text.stdio_usb_set_chars_available_callback
                0x10001fe4       0x14 CMakeFiles/RTOS_setup.dir/C_/Users/yoshi/.pico-sdk/sdk/2.0.0/src/rp2_common/pico_stdio_usb/stdio_usb.c.obj
                0x10001fe4                stdio_usb_set_chars_available_callback
 .text.usb_irq  0x10001ff8       0x10 CMakeFiles/RTOS_setup.dir/C_/Users/yoshi/.pico-sdk/sdk/2.0.0/src/rp2_common/pico_stdio_usb/stdio_usb.c.obj
 .text.timer_task
                0x10002008       0x64 CMakeFiles/RTOS_setup.dir/C_/Users/yoshi/.pico-sdk/sdk/2.0.0/src/rp2_common/pico_stdio_usb/stdio_usb.c.obj
 .text.stdio_usb_in_chars
                0x1000206c       0x90 CMakeFiles/RTOS_setup.dir/C_/Users/yoshi/.pico-sdk/sdk/2.0.0/src/rp2_common/pico_stdio_usb/stdio_usb.c.obj
                0x1000206c                stdio_usb_in_chars
 .text.stdio_usb_out_flush
                0x100020fc       0x50 CMakeFiles/RTOS_setup.dir/C_/Users/yoshi/.pico-sdk/sdk/2.0.0/src/rp2_common/pico_stdio_usb/stdio_usb.c.obj
 .text.stdio_usb_out_chars
                0x1000214c      0x104 CMakeFiles/RTOS_setup.dir/C_/Users/yoshi/.pico-sdk/sdk/2.0.0/src/rp2_common/pico_stdio_usb/stdio_usb.c.obj
 .text.low_priority_worker_irq
                0x10002250       0xcc CMakeFiles/RTOS_setup.dir/C_/Users/yoshi/.pico-sdk/sdk/2.0.0/src/rp2_common/pico_stdio_usb/stdio_usb.c.obj
 .text.stdio_usb_init
                0x1000231c       0xe8 CMakeFiles/RTOS_setup.dir/C_/Users/yoshi/.pico-sdk/sdk/2.0.0/src/rp2_common/pico_stdio_usb/stdio_usb.c.obj
                0x1000231c                stdio_usb_init
 .text.tud_descriptor_device_cb
                0x10002404        0x8 CMakeFiles/RTOS_setup.dir/C_/Users/yoshi/.pico-sdk/sdk/2.0.0/src/rp2_common/pico_stdio_usb/stdio_usb_descriptors.c.obj
                0x10002404                tud_descriptor_device_cb
 .text.tud_descriptor_configuration_cb
                0x1000240c        0x8 CMakeFiles/RTOS_setup.dir/C_/Users/yoshi/.pico-sdk/sdk/2.0.0/src/rp2_common/pico_stdio_usb/stdio_usb_descriptors.c.obj
                0x1000240c                tud_descriptor_configuration_cb
 .text.tud_descriptor_string_cb
                0x10002414       0x78 CMakeFiles/RTOS_setup.dir/C_/Users/yoshi/.pico-sdk/sdk/2.0.0/src/rp2_common/pico_stdio_usb/stdio_usb_descriptors.c.obj
                0x10002414                tud_descriptor_string_cb
 .text.startup._retrieve_unique_id_on_boot
                0x1000248c       0x10 CMakeFiles/RTOS_setup.dir/C_/Users/yoshi/.pico-sdk/sdk/2.0.0/src/rp2_common/pico_unique_id/unique_id.c.obj
 .text.pico_get_unique_board_id_string
                0x1000249c      0x1a8 CMakeFiles/RTOS_setup.dir/C_/Users/yoshi/.pico-sdk/sdk/2.0.0/src/rp2_common/pico_unique_id/unique_id.c.obj
                0x1000249c                pico_get_unique_board_id_string
 .text.flash_get_unique_id
                0x10002644       0x3c CMakeFiles/RTOS_setup.dir/C_/Users/yoshi/.pico-sdk/sdk/2.0.0/src/rp2_common/hardware_flash/flash.c.obj
                0x10002644                flash_get_unique_id
 .text.dcd_init
                0x10002680       0x8c CMakeFiles/RTOS_setup.dir/C_/Users/yoshi/.pico-sdk/sdk/2.0.0/lib/tinyusb/src/portable/raspberrypi/rp2040/dcd_rp2040.c.obj
                0x10002680                dcd_init
 .text.dcd_int_enable
                0x1000270c        0xc CMakeFiles/RTOS_setup.dir/C_/Users/yoshi/.pico-sdk/sdk/2.0.0/lib/tinyusb/src/portable/raspberrypi/rp2040/dcd_rp2040.c.obj
                0x1000270c                dcd_int_enable
 .text.dcd_set_address
                0x10002718       0x14 CMakeFiles/RTOS_setup.dir/C_/Users/yoshi/.pico-sdk/sdk/2.0.0/lib/tinyusb/src/portable/raspberrypi/rp2040/dcd_rp2040.c.obj
                0x10002718                dcd_set_address
 .text.dcd_sof_enable
                0x1000272c       0x1c CMakeFiles/RTOS_setup.dir/C_/Users/yoshi/.pico-sdk/sdk/2.0.0/lib/tinyusb/src/portable/raspberrypi/rp2040/dcd_rp2040.c.obj
                0x1000272c                dcd_sof_enable
 .text.dcd_edpt0_status_complete
                0x10002748       0x1c CMakeFiles/RTOS_setup.dir/C_/Users/yoshi/.pico-sdk/sdk/2.0.0/lib/tinyusb/src/portable/raspberrypi/rp2040/dcd_rp2040.c.obj
                0x10002748                dcd_edpt0_status_complete
 .text.dcd_edpt_open
                0x10002764      0x108 CMakeFiles/RTOS_setup.dir/C_/Users/yoshi/.pico-sdk/sdk/2.0.0/lib/tinyusb/src/portable/raspberrypi/rp2040/dcd_rp2040.c.obj
                0x10002764                dcd_edpt_open
 .text.dcd_edpt_close_all
                0x1000286c        0x8 CMakeFiles/RTOS_setup.dir/C_/Users/yoshi/.pico-sdk/sdk/2.0.0/lib/tinyusb/src/portable/raspberrypi/rp2040/dcd_rp2040.c.obj
                0x1000286c                dcd_edpt_close_all
 .text.dcd_edpt_xfer
                0x10002874       0x24 CMakeFiles/RTOS_setup.dir/C_/Users/yoshi/.pico-sdk/sdk/2.0.0/lib/tinyusb/src/portable/raspberrypi/rp2040/dcd_rp2040.c.obj
                0x10002874                dcd_edpt_xfer
 .text.dcd_edpt_stall
                0x10002898       0x34 CMakeFiles/RTOS_setup.dir/C_/Users/yoshi/.pico-sdk/sdk/2.0.0/lib/tinyusb/src/portable/raspberrypi/rp2040/dcd_rp2040.c.obj
                0x10002898                dcd_edpt_stall
 .text.dcd_edpt_clear_stall
                0x100028cc       0x30 CMakeFiles/RTOS_setup.dir/C_/Users/yoshi/.pico-sdk/sdk/2.0.0/lib/tinyusb/src/portable/raspberrypi/rp2040/dcd_rp2040.c.obj
                0x100028cc                dcd_edpt_clear_stall
 .text.rp2040_usb_init
                0x100028fc       0x40 CMakeFiles/RTOS_setup.dir/C_/Users/yoshi/.pico-sdk/sdk/2.0.0/lib/tinyusb/src/portable/raspberrypi/rp2040/rp2040_usb.c.obj
                0x100028fc                rp2040_usb_init
 .text.hw_endpoint_xfer_start
                0x1000293c       0x40 CMakeFiles/RTOS_setup.dir/C_/Users/yoshi/.pico-sdk/sdk/2.0.0/lib/tinyusb/src/portable/raspberrypi/rp2040/rp2040_usb.c.obj
                0x1000293c                hw_endpoint_xfer_start
 .text.tud_event_hook_cb
                0x1000297c        0x4 CMakeFiles/RTOS_setup.dir/C_/Users/yoshi/.pico-sdk/sdk/2.0.0/lib/tinyusb/src/device/usbd.c.obj
                0x1000297c                tud_event_hook_cb
 .text.tud_sof_cb
                0x10002980        0x4 CMakeFiles/RTOS_setup.dir/C_/Users/yoshi/.pico-sdk/sdk/2.0.0/lib/tinyusb/src/device/usbd.c.obj
                0x10002980                tud_sof_cb
 .text.tud_descriptor_device_qualifier_cb
                0x10002984        0x4 CMakeFiles/RTOS_setup.dir/C_/Users/yoshi/.pico-sdk/sdk/2.0.0/lib/tinyusb/src/device/usbd.c.obj
                0x10002984                tud_descriptor_device_qualifier_cb
 .text.tud_descriptor_other_speed_configuration_cb
                0x10002988        0x4 CMakeFiles/RTOS_setup.dir/C_/Users/yoshi/.pico-sdk/sdk/2.0.0/lib/tinyusb/src/device/usbd.c.obj
                0x10002988                tud_descriptor_other_speed_configuration_cb
 .text.tud_mount_cb
                0x1000298c        0x4 CMakeFiles/RTOS_setup.dir/C_/Users/yoshi/.pico-sdk/sdk/2.0.0/lib/tinyusb/src/device/usbd.c.obj
                0x1000298c                tud_mount_cb
 .text.tud_umount_cb
                0x10002990        0x4 CMakeFiles/RTOS_setup.dir/C_/Users/yoshi/.pico-sdk/sdk/2.0.0/lib/tinyusb/src/device/usbd.c.obj
                0x10002990                tud_umount_cb
 .text.tud_suspend_cb
                0x10002994        0x4 CMakeFiles/RTOS_setup.dir/C_/Users/yoshi/.pico-sdk/sdk/2.0.0/lib/tinyusb/src/device/usbd.c.obj
                0x10002994                tud_suspend_cb
 .text.tud_resume_cb
                0x10002998        0x4 CMakeFiles/RTOS_setup.dir/C_/Users/yoshi/.pico-sdk/sdk/2.0.0/lib/tinyusb/src/device/usbd.c.obj
                0x10002998                tud_resume_cb
 .text.tud_mounted
                0x1000299c       0x10 CMakeFiles/RTOS_setup.dir/C_/Users/yoshi/.pico-sdk/sdk/2.0.0/lib/tinyusb/src/device/usbd.c.obj
                0x1000299c                tud_mounted
 .text.tud_suspended
                0x100029ac       0x10 CMakeFiles/RTOS_setup.dir/C_/Users/yoshi/.pico-sdk/sdk/2.0.0/lib/tinyusb/src/device/usbd.c.obj
                0x100029ac                tud_suspended
 .text.tud_init
                0x100029bc       0xe4 CMakeFiles/RTOS_setup.dir/C_/Users/yoshi/.pico-sdk/sdk/2.0.0/lib/tinyusb/src/device/usbd.c.obj
                0x100029bc                tud_init
 .text.tud_task_ext
                0x10002aa0      0x800 CMakeFiles/RTOS_setup.dir/C_/Users/yoshi/.pico-sdk/sdk/2.0.0/lib/tinyusb/src/device/usbd.c.obj
                0x10002aa0                tud_task_ext
 .text.usbd_open_edpt_pair
                0x100032a0       0x9c CMakeFiles/RTOS_setup.dir/C_/Users/yoshi/.pico-sdk/sdk/2.0.0/lib/tinyusb/src/device/usbd.c.obj
                0x100032a0                usbd_open_edpt_pair
 .text.usbd_edpt_open
                0x1000333c       0x34 CMakeFiles/RTOS_setup.dir/C_/Users/yoshi/.pico-sdk/sdk/2.0.0/lib/tinyusb/src/device/usbd.c.obj
                0x1000333c                usbd_edpt_open
 .text.usbd_edpt_claim
                0x10003370       0x28 CMakeFiles/RTOS_setup.dir/C_/Users/yoshi/.pico-sdk/sdk/2.0.0/lib/tinyusb/src/device/usbd.c.obj
                0x10003370                usbd_edpt_claim
 .text.usbd_edpt_release
                0x10003398       0x28 CMakeFiles/RTOS_setup.dir/C_/Users/yoshi/.pico-sdk/sdk/2.0.0/lib/tinyusb/src/device/usbd.c.obj
                0x10003398                usbd_edpt_release
 .text.usbd_edpt_xfer
                0x100033c0       0x4c CMakeFiles/RTOS_setup.dir/C_/Users/yoshi/.pico-sdk/sdk/2.0.0/lib/tinyusb/src/device/usbd.c.obj
                0x100033c0                usbd_edpt_xfer
 .text.tud_control_status
                0x1000340c       0x2c CMakeFiles/RTOS_setup.dir/C_/Users/yoshi/.pico-sdk/sdk/2.0.0/lib/tinyusb/src/device/usbd_control.c.obj
                0x1000340c                tud_control_status
 .text.tud_control_xfer
                0x10003438       0xac CMakeFiles/RTOS_setup.dir/C_/Users/yoshi/.pico-sdk/sdk/2.0.0/lib/tinyusb/src/device/usbd_control.c.obj
                0x10003438                tud_control_xfer
 .text.usbd_control_reset
                0x100034e4       0x14 CMakeFiles/RTOS_setup.dir/C_/Users/yoshi/.pico-sdk/sdk/2.0.0/lib/tinyusb/src/device/usbd_control.c.obj
                0x100034e4                usbd_control_reset
 .text.usbd_control_set_complete_callback
                0x100034f8        0xc CMakeFiles/RTOS_setup.dir/C_/Users/yoshi/.pico-sdk/sdk/2.0.0/lib/tinyusb/src/device/usbd_control.c.obj
                0x100034f8                usbd_control_set_complete_callback
 .text.usbd_control_set_request
                0x10003504       0x1c CMakeFiles/RTOS_setup.dir/C_/Users/yoshi/.pico-sdk/sdk/2.0.0/lib/tinyusb/src/device/usbd_control.c.obj
                0x10003504                usbd_control_set_request
 .text.usbd_control_xfer_cb
                0x10003520       0xec CMakeFiles/RTOS_setup.dir/C_/Users/yoshi/.pico-sdk/sdk/2.0.0/lib/tinyusb/src/device/usbd_control.c.obj
                0x10003520                usbd_control_xfer_cb
 .text._prep_out_transaction.isra.0
                0x1000360c       0x5c CMakeFiles/RTOS_setup.dir/C_/Users/yoshi/.pico-sdk/sdk/2.0.0/lib/tinyusb/src/class/cdc/cdc_device.c.obj
 .text.tud_cdc_n_connected
                0x10003668       0x30 CMakeFiles/RTOS_setup.dir/C_/Users/yoshi/.pico-sdk/sdk/2.0.0/lib/tinyusb/src/class/cdc/cdc_device.c.obj
                0x10003668                tud_cdc_n_connected
 .text.tud_cdc_n_available
                0x10003698       0x18 CMakeFiles/RTOS_setup.dir/C_/Users/yoshi/.pico-sdk/sdk/2.0.0/lib/tinyusb/src/class/cdc/cdc_device.c.obj
                0x10003698                tud_cdc_n_available
 .text.tud_cdc_n_read
                0x100036b0       0x98 CMakeFiles/RTOS_setup.dir/C_/Users/yoshi/.pico-sdk/sdk/2.0.0/lib/tinyusb/src/class/cdc/cdc_device.c.obj
                0x100036b0                tud_cdc_n_read
 .text.tud_cdc_n_write_flush
                0x10003748       0x78 CMakeFiles/RTOS_setup.dir/C_/Users/yoshi/.pico-sdk/sdk/2.0.0/lib/tinyusb/src/class/cdc/cdc_device.c.obj
                0x10003748                tud_cdc_n_write_flush
 .text.tud_cdc_n_write
                0x100037c0       0x40 CMakeFiles/RTOS_setup.dir/C_/Users/yoshi/.pico-sdk/sdk/2.0.0/lib/tinyusb/src/class/cdc/cdc_device.c.obj
                0x100037c0                tud_cdc_n_write
 .text.tud_cdc_n_write_available
                0x10003800       0x18 CMakeFiles/RTOS_setup.dir/C_/Users/yoshi/.pico-sdk/sdk/2.0.0/lib/tinyusb/src/class/cdc/cdc_device.c.obj
                0x10003800                tud_cdc_n_write_available
 .text.cdcd_init
                0x10003818       0x7c CMakeFiles/RTOS_setup.dir/C_/Users/yoshi/.pico-sdk/sdk/2.0.0/lib/tinyusb/src/class/cdc/cdc_device.c.obj
                0x10003818                cdcd_init
 .text.cdcd_deinit
                0x10003894       0x34 CMakeFiles/RTOS_setup.dir/C_/Users/yoshi/.pico-sdk/sdk/2.0.0/lib/tinyusb/src/class/cdc/cdc_device.c.obj
                0x10003894                cdcd_deinit
 .text.cdcd_reset
                0x100038c8       0x4c CMakeFiles/RTOS_setup.dir/C_/Users/yoshi/.pico-sdk/sdk/2.0.0/lib/tinyusb/src/class/cdc/cdc_device.c.obj
                0x100038c8                cdcd_reset
 .text.cdcd_open
                0x10003914       0xb0 CMakeFiles/RTOS_setup.dir/C_/Users/yoshi/.pico-sdk/sdk/2.0.0/lib/tinyusb/src/class/cdc/cdc_device.c.obj
                0x10003914                cdcd_open
 .text.cdcd_control_xfer_cb
                0x100039c4       0xe4 CMakeFiles/RTOS_setup.dir/C_/Users/yoshi/.pico-sdk/sdk/2.0.0/lib/tinyusb/src/class/cdc/cdc_device.c.obj
                0x100039c4                cdcd_control_xfer_cb
 .text.cdcd_xfer_cb
                0x10003aa8      0x100 CMakeFiles/RTOS_setup.dir/C_/Users/yoshi/.pico-sdk/sdk/2.0.0/lib/tinyusb/src/class/cdc/cdc_device.c.obj
                0x10003aa8                cdcd_xfer_cb
 .text.tud_vendor_n_write_flush
                0x10003ba8       0x78 CMakeFiles/RTOS_setup.dir/C_/Users/yoshi/.pico-sdk/sdk/2.0.0/lib/tinyusb/src/class/vendor/vendor_device.c.obj
                0x10003ba8                tud_vendor_n_write_flush
 .text.vendord_init
                0x10003c20       0x64 CMakeFiles/RTOS_setup.dir/C_/Users/yoshi/.pico-sdk/sdk/2.0.0/lib/tinyusb/src/class/vendor/vendor_device.c.obj
                0x10003c20                vendord_init
 .text.vendord_deinit
                0x10003c84       0x34 CMakeFiles/RTOS_setup.dir/C_/Users/yoshi/.pico-sdk/sdk/2.0.0/lib/tinyusb/src/class/vendor/vendor_device.c.obj
                0x10003c84                vendord_deinit
 .text.vendord_reset
                0x10003cb8       0x1c CMakeFiles/RTOS_setup.dir/C_/Users/yoshi/.pico-sdk/sdk/2.0.0/lib/tinyusb/src/class/vendor/vendor_device.c.obj
                0x10003cb8                vendord_reset
 .text.vendord_open
                0x10003cd4       0xd8 CMakeFiles/RTOS_setup.dir/C_/Users/yoshi/.pico-sdk/sdk/2.0.0/lib/tinyusb/src/class/vendor/vendor_device.c.obj
                0x10003cd4                vendord_open
 .text.vendord_xfer_cb
                0x10003dac       0xc8 CMakeFiles/RTOS_setup.dir/C_/Users/yoshi/.pico-sdk/sdk/2.0.0/lib/tinyusb/src/class/vendor/vendor_device.c.obj
                0x10003dac                vendord_xfer_cb
 .text.tusb_init
                0x10003e74        0xc CMakeFiles/RTOS_setup.dir/C_/Users/yoshi/.pico-sdk/sdk/2.0.0/lib/tinyusb/src/tusb.c.obj
                0x10003e74                tusb_init
 .text.tu_edpt_claim
                0x10003e80       0x50 CMakeFiles/RTOS_setup.dir/C_/Users/yoshi/.pico-sdk/sdk/2.0.0/lib/tinyusb/src/tusb.c.obj
                0x10003e80                tu_edpt_claim
 .text.tu_edpt_release
                0x10003ed0       0x38 CMakeFiles/RTOS_setup.dir/C_/Users/yoshi/.pico-sdk/sdk/2.0.0/lib/tinyusb/src/tusb.c.obj
                0x10003ed0                tu_edpt_release
 .text.tu_edpt_validate
                0x10003f08       0x7c CMakeFiles/RTOS_setup.dir/C_/Users/yoshi/.pico-sdk/sdk/2.0.0/lib/tinyusb/src/tusb.c.obj
                0x10003f08                tu_edpt_validate
 .text.tu_edpt_bind_driver
                0x10003f84       0x34 CMakeFiles/RTOS_setup.dir/C_/Users/yoshi/.pico-sdk/sdk/2.0.0/lib/tinyusb/src/tusb.c.obj
                0x10003f84                tu_edpt_bind_driver
 .text.tu_fifo_config
                0x10003fb8       0x6c CMakeFiles/RTOS_setup.dir/C_/Users/yoshi/.pico-sdk/sdk/2.0.0/lib/tinyusb/src/common/tusb_fifo.c.obj
                0x10003fb8                tu_fifo_config
 .text.tu_fifo_count
                0x10004024       0x2c CMakeFiles/RTOS_setup.dir/C_/Users/yoshi/.pico-sdk/sdk/2.0.0/lib/tinyusb/src/common/tusb_fifo.c.obj
                0x10004024                tu_fifo_count
 .text.tu_fifo_empty
                0x10004050       0x10 CMakeFiles/RTOS_setup.dir/C_/Users/yoshi/.pico-sdk/sdk/2.0.0/lib/tinyusb/src/common/tusb_fifo.c.obj
                0x10004050                tu_fifo_empty
 .text.tu_fifo_remaining
                0x10004060       0x2c CMakeFiles/RTOS_setup.dir/C_/Users/yoshi/.pico-sdk/sdk/2.0.0/lib/tinyusb/src/common/tusb_fifo.c.obj
                0x10004060                tu_fifo_remaining
 .text.tu_fifo_read
                0x1000408c       0x9c CMakeFiles/RTOS_setup.dir/C_/Users/yoshi/.pico-sdk/sdk/2.0.0/lib/tinyusb/src/common/tusb_fifo.c.obj
                0x1000408c                tu_fifo_read
 .text.tu_fifo_read_n
                0x10004128       0xe8 CMakeFiles/RTOS_setup.dir/C_/Users/yoshi/.pico-sdk/sdk/2.0.0/lib/tinyusb/src/common/tusb_fifo.c.obj
                0x10004128                tu_fifo_read_n
 .text.tu_fifo_write
                0x10004210       0xa8 CMakeFiles/RTOS_setup.dir/C_/Users/yoshi/.pico-sdk/sdk/2.0.0/lib/tinyusb/src/common/tusb_fifo.c.obj
                0x10004210                tu_fifo_write
 .text.tu_fifo_write_n
                0x100042b8      0x178 CMakeFiles/RTOS_setup.dir/C_/Users/yoshi/.pico-sdk/sdk/2.0.0/lib/tinyusb/src/common/tusb_fifo.c.obj
                0x100042b8                tu_fifo_write_n
 .text.tu_fifo_clear
                0x10004430       0x40 CMakeFiles/RTOS_setup.dir/C_/Users/yoshi/.pico-sdk/sdk/2.0.0/lib/tinyusb/src/common/tusb_fifo.c.obj
                0x10004430                tu_fifo_clear
 .text.tu_fifo_set_overwritable
                0x10004470       0x48 CMakeFiles/RTOS_setup.dir/C_/Users/yoshi/.pico-sdk/sdk/2.0.0/lib/tinyusb/src/common/tusb_fifo.c.obj
                0x10004470                tu_fifo_set_overwritable
 .text.vPortSVCHandler
                0x100044b8        0x4 CMakeFiles/RTOS_setup.dir/C_/Users/yoshi/Documents/Pico/FreeRTOS-Kernel/portable/ThirdParty/GCC/RP2040/port.c.obj
                0x100044b8                vPortSVCHandler
 *fill*         0x100044bc        0x4 
 .text.vPortStartFirstTask
                0x100044c0       0x34 CMakeFiles/RTOS_setup.dir/C_/Users/yoshi/Documents/Pico/FreeRTOS-Kernel/portable/ThirdParty/GCC/RP2040/port.c.obj
 *fill*         0x100044f4        0xc 
 .text.xPortPendSVHandler
                0x10004500       0x64 CMakeFiles/RTOS_setup.dir/C_/Users/yoshi/Documents/Pico/FreeRTOS-Kernel/portable/ThirdParty/GCC/RP2040/port.c.obj
                0x10004500                xPortPendSVHandler
 .text.prvFIFOInterruptHandler
                0x10004564       0x78 CMakeFiles/RTOS_setup.dir/C_/Users/yoshi/Documents/Pico/FreeRTOS-Kernel/portable/ThirdParty/GCC/RP2040/port.c.obj
 .text.prvTaskExitError
                0x100045dc        0x8 CMakeFiles/RTOS_setup.dir/C_/Users/yoshi/Documents/Pico/FreeRTOS-Kernel/portable/ThirdParty/GCC/RP2040/port.c.obj
 .text.pxPortInitialiseStack
                0x100045e4       0x20 CMakeFiles/RTOS_setup.dir/C_/Users/yoshi/Documents/Pico/FreeRTOS-Kernel/portable/ThirdParty/GCC/RP2040/port.c.obj
                0x100045e4                pxPortInitialiseStack
 .text.vPortYield
                0x10004604       0x18 CMakeFiles/RTOS_setup.dir/C_/Users/yoshi/Documents/Pico/FreeRTOS-Kernel/portable/ThirdParty/GCC/RP2040/port.c.obj
                0x10004604                vPortYield
 .text.vPortEnterCritical
                0x1000461c       0x18 CMakeFiles/RTOS_setup.dir/C_/Users/yoshi/Documents/Pico/FreeRTOS-Kernel/portable/ThirdParty/GCC/RP2040/port.c.obj
                0x1000461c                vPortEnterCritical
 .text.vPortExitCritical
                0x10004634       0x34 CMakeFiles/RTOS_setup.dir/C_/Users/yoshi/Documents/Pico/FreeRTOS-Kernel/portable/ThirdParty/GCC/RP2040/port.c.obj
                0x10004634                vPortExitCritical
 .text.ulSetInterruptMaskFromISR
                0x10004668        0x8 CMakeFiles/RTOS_setup.dir/C_/Users/yoshi/Documents/Pico/FreeRTOS-Kernel/portable/ThirdParty/GCC/RP2040/port.c.obj
                0x10004668                ulSetInterruptMaskFromISR
 .text.vClearInterruptMaskFromISR
                0x10004670        0x8 CMakeFiles/RTOS_setup.dir/C_/Users/yoshi/Documents/Pico/FreeRTOS-Kernel/portable/ThirdParty/GCC/RP2040/port.c.obj
                0x10004670                vClearInterruptMaskFromISR
 .text.xPortSysTickHandler
                0x10004678       0x24 CMakeFiles/RTOS_setup.dir/C_/Users/yoshi/Documents/Pico/FreeRTOS-Kernel/portable/ThirdParty/GCC/RP2040/port.c.obj
                0x10004678                xPortSysTickHandler
 .text.vPortSetupTimerInterrupt
                0x1000469c       0x34 CMakeFiles/RTOS_setup.dir/C_/Users/yoshi/Documents/Pico/FreeRTOS-Kernel/portable/ThirdParty/GCC/RP2040/port.c.obj
                0x1000469c                vPortSetupTimerInterrupt
 .text.xPortStartScheduler
                0x100046d0       0x9c CMakeFiles/RTOS_setup.dir/C_/Users/yoshi/Documents/Pico/FreeRTOS-Kernel/portable/ThirdParty/GCC/RP2040/port.c.obj
                0x100046d0                xPortStartScheduler
 .text.ulPortLockGetCurrentOwnerId
                0x1000476c       0x2c CMakeFiles/RTOS_setup.dir/C_/Users/yoshi/Documents/Pico/FreeRTOS-Kernel/portable/ThirdParty/GCC/RP2040/port.c.obj
                0x1000476c                ulPortLockGetCurrentOwnerId
 .text.vPortLockInternalSpinUnlockWithNotify
                0x10004798       0xc8 CMakeFiles/RTOS_setup.dir/C_/Users/yoshi/Documents/Pico/FreeRTOS-Kernel/portable/ThirdParty/GCC/RP2040/port.c.obj
                0x10004798                vPortLockInternalSpinUnlockWithNotify
 .text.xPortLockInternalSpinUnlockWithBestEffortWaitOrTimeout
                0x10004860       0xfc CMakeFiles/RTOS_setup.dir/C_/Users/yoshi/Documents/Pico/FreeRTOS-Kernel/portable/ThirdParty/GCC/RP2040/port.c.obj
                0x10004860                xPortLockInternalSpinUnlockWithBestEffortWaitOrTimeout
 .text.startup.prvRuntimeInitializer
                0x1000495c       0x28 CMakeFiles/RTOS_setup.dir/C_/Users/yoshi/Documents/Pico/FreeRTOS-Kernel/portable/ThirdParty/GCC/RP2040/port.c.obj
 .text.vEventGroupSetBitsCallback
                0x10004984       0x90 CMakeFiles/RTOS_setup.dir/C_/Users/yoshi/Documents/Pico/FreeRTOS-Kernel/event_groups.c.obj
                0x10004984                vEventGroupSetBitsCallback
 .text.xEventGroupCreate
                0x10004a14       0x18 CMakeFiles/RTOS_setup.dir/C_/Users/yoshi/Documents/Pico/FreeRTOS-Kernel/event_groups.c.obj
                0x10004a14                xEventGroupCreate
 .text.xEventGroupWaitBits
                0x10004a2c       0xb8 CMakeFiles/RTOS_setup.dir/C_/Users/yoshi/Documents/Pico/FreeRTOS-Kernel/event_groups.c.obj
                0x10004a2c                xEventGroupWaitBits
 .text.xEventGroupSetBits
                0x10004ae4       0x9c CMakeFiles/RTOS_setup.dir/C_/Users/yoshi/Documents/Pico/FreeRTOS-Kernel/event_groups.c.obj
                0x10004ae4                xEventGroupSetBits
 .text.xEventGroupSetBitsFromISR
                0x10004b80       0x18 CMakeFiles/RTOS_setup.dir/C_/Users/yoshi/Documents/Pico/FreeRTOS-Kernel/event_groups.c.obj
                0x10004b80                xEventGroupSetBitsFromISR
 .text.vListInitialise
                0x10004b98       0x18 CMakeFiles/RTOS_setup.dir/C_/Users/yoshi/Documents/Pico/FreeRTOS-Kernel/list.c.obj
                0x10004b98                vListInitialise
 .text.vListInitialiseItem
                0x10004bb0        0x8 CMakeFiles/RTOS_setup.dir/C_/Users/yoshi/Documents/Pico/FreeRTOS-Kernel/list.c.obj
                0x10004bb0                vListInitialiseItem
 .text.vListInsert
                0x10004bb8       0x30 CMakeFiles/RTOS_setup.dir/C_/Users/yoshi/Documents/Pico/FreeRTOS-Kernel/list.c.obj
                0x10004bb8                vListInsert
 .text.uxListRemove
                0x10004be8       0x20 CMakeFiles/RTOS_setup.dir/C_/Users/yoshi/Documents/Pico/FreeRTOS-Kernel/list.c.obj
                0x10004be8                uxListRemove
 .text.prvUnlockQueue
                0x10004c08      0x180 CMakeFiles/RTOS_setup.dir/C_/Users/yoshi/Documents/Pico/FreeRTOS-Kernel/queue.c.obj
 .text.prvNotifyQueueSetContainer
                0x10004d88       0x90 CMakeFiles/RTOS_setup.dir/C_/Users/yoshi/Documents/Pico/FreeRTOS-Kernel/queue.c.obj
 .text.xQueueGenericCreate
                0x10004e18       0xa4 CMakeFiles/RTOS_setup.dir/C_/Users/yoshi/Documents/Pico/FreeRTOS-Kernel/queue.c.obj
                0x10004e18                xQueueGenericCreate
 .text.xQueueGenericSendFromISR
                0x10004ebc      0x134 CMakeFiles/RTOS_setup.dir/C_/Users/yoshi/Documents/Pico/FreeRTOS-Kernel/queue.c.obj
                0x10004ebc                xQueueGenericSendFromISR
 .text.xQueueReceive
                0x10004ff0      0x11c CMakeFiles/RTOS_setup.dir/C_/Users/yoshi/Documents/Pico/FreeRTOS-Kernel/queue.c.obj
                0x10004ff0                xQueueReceive
 .text.vQueueAddToRegistry
                0x1000510c      0x118 CMakeFiles/RTOS_setup.dir/C_/Users/yoshi/Documents/Pico/FreeRTOS-Kernel/queue.c.obj
                0x1000510c                vQueueAddToRegistry
 .text.vQueueWaitForMessageRestricted
                0x10005224       0x48 CMakeFiles/RTOS_setup.dir/C_/Users/yoshi/Documents/Pico/FreeRTOS-Kernel/queue.c.obj
                0x10005224                vQueueWaitForMessageRestricted
 .text.prvAddNewTaskToReadyList
                0x1000526c      0x124 CMakeFiles/RTOS_setup.dir/C_/Users/yoshi/Documents/Pico/FreeRTOS-Kernel/tasks.c.obj
 .text.prvIdleTask
                0x10005390       0x60 CMakeFiles/RTOS_setup.dir/C_/Users/yoshi/Documents/Pico/FreeRTOS-Kernel/tasks.c.obj
 .text.xTaskIncrementTick.part.0
                0x100053f0      0x190 CMakeFiles/RTOS_setup.dir/C_/Users/yoshi/Documents/Pico/FreeRTOS-Kernel/tasks.c.obj
 .text.xTaskCreate
                0x10005580      0x138 CMakeFiles/RTOS_setup.dir/C_/Users/yoshi/Documents/Pico/FreeRTOS-Kernel/tasks.c.obj
                0x10005580                xTaskCreate
 .text.vTaskStartScheduler
                0x100056b8       0xd4 CMakeFiles/RTOS_setup.dir/C_/Users/yoshi/Documents/Pico/FreeRTOS-Kernel/tasks.c.obj
                0x100056b8                vTaskStartScheduler
 .text.vTaskSuspendAll
                0x1000578c       0x10 CMakeFiles/RTOS_setup.dir/C_/Users/yoshi/Documents/Pico/FreeRTOS-Kernel/tasks.c.obj
                0x1000578c                vTaskSuspendAll
 .text.xTaskResumeAll
                0x1000579c      0x188 CMakeFiles/RTOS_setup.dir/C_/Users/yoshi/Documents/Pico/FreeRTOS-Kernel/tasks.c.obj
                0x1000579c                xTaskResumeAll
 .text.vTaskDelay
                0x10005924       0x84 CMakeFiles/RTOS_setup.dir/C_/Users/yoshi/Documents/Pico/FreeRTOS-Kernel/tasks.c.obj
                0x10005924                vTaskDelay
 .text.xTaskGetTickCount
                0x100059a8        0xc CMakeFiles/RTOS_setup.dir/C_/Users/yoshi/Documents/Pico/FreeRTOS-Kernel/tasks.c.obj
                0x100059a8                xTaskGetTickCount
 .text.uxTaskGetNumberOfTasks
                0x100059b4        0xc CMakeFiles/RTOS_setup.dir/C_/Users/yoshi/Documents/Pico/FreeRTOS-Kernel/tasks.c.obj
                0x100059b4                uxTaskGetNumberOfTasks
 .text.xTaskIncrementTick
                0x100059c0       0x24 CMakeFiles/RTOS_setup.dir/C_/Users/yoshi/Documents/Pico/FreeRTOS-Kernel/tasks.c.obj
                0x100059c0                xTaskIncrementTick
 .text.vTaskSwitchContext
                0x100059e4       0x7c CMakeFiles/RTOS_setup.dir/C_/Users/yoshi/Documents/Pico/FreeRTOS-Kernel/tasks.c.obj
                0x100059e4                vTaskSwitchContext
 .text.vTaskPlaceOnEventList
                0x10005a60       0xa0 CMakeFiles/RTOS_setup.dir/C_/Users/yoshi/Documents/Pico/FreeRTOS-Kernel/tasks.c.obj
                0x10005a60                vTaskPlaceOnEventList
 .text.vTaskPlaceOnUnorderedEventList
                0x10005b00       0xc4 CMakeFiles/RTOS_setup.dir/C_/Users/yoshi/Documents/Pico/FreeRTOS-Kernel/tasks.c.obj
                0x10005b00                vTaskPlaceOnUnorderedEventList
 .text.vTaskPlaceOnEventListRestricted
                0x10005bc4       0xf4 CMakeFiles/RTOS_setup.dir/C_/Users/yoshi/Documents/Pico/FreeRTOS-Kernel/tasks.c.obj
                0x10005bc4                vTaskPlaceOnEventListRestricted
 .text.xTaskRemoveFromEventList
                0x10005cb8       0xcc CMakeFiles/RTOS_setup.dir/C_/Users/yoshi/Documents/Pico/FreeRTOS-Kernel/tasks.c.obj
                0x10005cb8                xTaskRemoveFromEventList
 .text.vTaskRemoveFromUnorderedEventList
                0x10005d84       0x94 CMakeFiles/RTOS_setup.dir/C_/Users/yoshi/Documents/Pico/FreeRTOS-Kernel/tasks.c.obj
                0x10005d84                vTaskRemoveFromUnorderedEventList
 .text.vTaskInternalSetTimeOutState
                0x10005e18       0x18 CMakeFiles/RTOS_setup.dir/C_/Users/yoshi/Documents/Pico/FreeRTOS-Kernel/tasks.c.obj
                0x10005e18                vTaskInternalSetTimeOutState
 .text.xTaskCheckForTimeOut
                0x10005e30       0x74 CMakeFiles/RTOS_setup.dir/C_/Users/yoshi/Documents/Pico/FreeRTOS-Kernel/tasks.c.obj
                0x10005e30                xTaskCheckForTimeOut
 .text.vTaskMissedYield
                0x10005ea4        0xc CMakeFiles/RTOS_setup.dir/C_/Users/yoshi/Documents/Pico/FreeRTOS-Kernel/tasks.c.obj
                0x10005ea4                vTaskMissedYield
 .text.xTaskGetCurrentTaskHandle
                0x10005eb0        0xc CMakeFiles/RTOS_setup.dir/C_/Users/yoshi/Documents/Pico/FreeRTOS-Kernel/tasks.c.obj
                0x10005eb0                xTaskGetCurrentTaskHandle
 .text.xTaskPriorityDisinherit
                0x10005ebc       0x64 CMakeFiles/RTOS_setup.dir/C_/Users/yoshi/Documents/Pico/FreeRTOS-Kernel/tasks.c.obj
                0x10005ebc                xTaskPriorityDisinherit
 .text.uxTaskResetEventItemValue
                0x10005f20       0x18 CMakeFiles/RTOS_setup.dir/C_/Users/yoshi/Documents/Pico/FreeRTOS-Kernel/tasks.c.obj
                0x10005f20                uxTaskResetEventItemValue
 .text.prvTimerTask
                0x10005f38      0x38c CMakeFiles/RTOS_setup.dir/C_/Users/yoshi/Documents/Pico/FreeRTOS-Kernel/timers.c.obj
 .text.xTimerCreateTimerTask
                0x100062c4       0x8c CMakeFiles/RTOS_setup.dir/C_/Users/yoshi/Documents/Pico/FreeRTOS-Kernel/timers.c.obj
                0x100062c4                xTimerCreateTimerTask
 .text.xTimerPendFunctionCallFromISR
                0x10006350       0x28 CMakeFiles/RTOS_setup.dir/C_/Users/yoshi/Documents/Pico/FreeRTOS-Kernel/timers.c.obj
                0x10006350                xTimerPendFunctionCallFromISR
 .text.exception_set_exclusive_handler
                0x10006378       0x48 CMakeFiles/RTOS_setup.dir/C_/Users/yoshi/.pico-sdk/sdk/2.0.0/src/rp2_common/hardware_exception/exception.c.obj
                0x10006378                exception_set_exclusive_handler
 .text.pvPortMalloc
                0x100063c0      0x124 CMakeFiles/RTOS_setup.dir/C_/Users/yoshi/Documents/Pico/FreeRTOS-Kernel/portable/MemMang/heap_4.c.obj
                0x100063c0                pvPortMalloc
 .text.vPortFree
                0x100064e4       0x98 CMakeFiles/RTOS_setup.dir/C_/Users/yoshi/Documents/Pico/FreeRTOS-Kernel/portable/MemMang/heap_4.c.obj
                0x100064e4                vPortFree
 .text.strlen   0x1000657c       0x5c C:/Users/yoshi/.pico-sdk/toolchain/13_2_Rel1/bin/../lib/gcc/arm-none-eabi/13.2.1/thumb/v6-m/nofp\libg.a(libc_a-strlen-stub.o)
                0x1000657c                strlen
 *(.fini)
 .fini          0x100065d8        0x4 C:/Users/yoshi/.pico-sdk/toolchain/13_2_Rel1/bin/../lib/gcc/arm-none-eabi/13.2.1/thumb/v6-m/nofp/crti.o
                0x100065d8                _fini
 *fill*         0x100065dc        0x4 
 .fini.__stub   0x100065e0       0xc0 linker stubs
 *crtbegin.o(.ctors)
 *crtbegin?.o(.ctors)
 *(EXCLUDE_FILE(*crtend.o *crtend?.o) .ctors)
 *(SORT_BY_NAME(.ctors.*))
 *(.ctors)
 *crtbegin.o(.dtors)
 *crtbegin?.o(.dtors)
 *(EXCLUDE_FILE(*crtend.o *crtend?.o) .dtors)
 *(SORT_BY_NAME(.dtors.*))
 *(.dtors)
                0x100066a0                        . = ALIGN (0x4)
                0x100066a0                        PROVIDE (__preinit_array_start = .)
 *(SORT_BY_NAME(.preinit_array.*))
 .preinit_array.00100
                0x100066a0        0x4 CMakeFiles/RTOS_setup.dir/C_/Users/yoshi/.pico-sdk/sdk/2.0.0/src/rp2_common/pico_runtime_init/runtime_init.c.obj
                0x100066a0                __pre_init_runtime_init_early_resets
 .preinit_array.00101
                0x100066a4        0x4 CMakeFiles/RTOS_setup.dir/C_/Users/yoshi/.pico-sdk/sdk/2.0.0/src/rp2_common/pico_runtime_init/runtime_init.c.obj
                0x100066a4                __pre_init_runtime_init_usb_power_down
 .preinit_array.00275
                0x100066a8        0x4 CMakeFiles/RTOS_setup.dir/C_/Users/yoshi/.pico-sdk/sdk/2.0.0/src/rp2_common/pico_bit_ops/bit_ops_aeabi.S.obj
 .preinit_array.00300
                0x100066ac        0x4 CMakeFiles/RTOS_setup.dir/C_/Users/yoshi/.pico-sdk/sdk/2.0.0/src/rp2_common/pico_mem_ops/mem_ops_aeabi.S.obj
 .preinit_array.00350
                0x100066b0        0x4 CMakeFiles/RTOS_setup.dir/C_/Users/yoshi/.pico-sdk/sdk/2.0.0/src/rp2_common/pico_double/double_aeabi_rp2040.S.obj
 .preinit_array.00350
                0x100066b4        0x4 CMakeFiles/RTOS_setup.dir/C_/Users/yoshi/.pico-sdk/sdk/2.0.0/src/rp2_common/pico_float/float_aeabi_rp2040.S.obj
 .preinit_array.00500
                0x100066b8        0x4 CMakeFiles/RTOS_setup.dir/C_/Users/yoshi/.pico-sdk/sdk/2.0.0/src/rp2_common/pico_runtime_init/runtime_init.c.obj
                0x100066b8                __pre_init_runtime_init_clocks
 .preinit_array.00600
                0x100066bc        0x4 CMakeFiles/RTOS_setup.dir/C_/Users/yoshi/.pico-sdk/sdk/2.0.0/src/rp2_common/pico_runtime_init/runtime_init.c.obj
                0x100066bc                __pre_init_runtime_init_post_clock_resets
 .preinit_array.00700
                0x100066c0        0x4 CMakeFiles/RTOS_setup.dir/C_/Users/yoshi/.pico-sdk/sdk/2.0.0/src/rp2_common/pico_runtime_init/runtime_init.c.obj
                0x100066c0                __pre_init_runtime_init_rp2040_gpio_ie_disable
 .preinit_array.01000
                0x100066c4        0x4 CMakeFiles/RTOS_setup.dir/C_/Users/yoshi/.pico-sdk/sdk/2.0.0/src/rp2_common/pico_runtime_init/runtime_init.c.obj
                0x100066c4                __pre_init_runtime_init_spin_locks_reset
 .preinit_array.01100
                0x100066c8        0x4 CMakeFiles/RTOS_setup.dir/C_/Users/yoshi/.pico-sdk/sdk/2.0.0/src/common/pico_sync/mutex.c.obj
                0x100066c8                __pre_init_runtime_init_mutex
 .preinit_array.10080
                0x100066cc        0x4 CMakeFiles/RTOS_setup.dir/C_/Users/yoshi/.pico-sdk/sdk/2.0.0/src/rp2_common/pico_runtime_init/runtime_init.c.obj
                0x100066cc                __pre_init_runtime_init_install_ram_vector_table
 .preinit_array.11000
                0x100066d0        0x4 CMakeFiles/RTOS_setup.dir/C_/Users/yoshi/.pico-sdk/sdk/2.0.0/src/common/pico_time/time.c.obj
                0x100066d0                __pre_init_runtime_init_default_alarm_pool
 .preinit_array.YYYYY
                0x100066d4        0x4 CMakeFiles/RTOS_setup.dir/C_/Users/yoshi/.pico-sdk/sdk/2.0.0/src/rp2_common/pico_runtime/runtime.c.obj
                0x100066d4                __pre_init_first_per_core_initializer
 .preinit_array.ZZZZZ.01200
                0x100066d8        0x4 CMakeFiles/RTOS_setup.dir/C_/Users/yoshi/.pico-sdk/sdk/2.0.0/src/rp2_common/hardware_irq/irq.c.obj
                0x100066d8                __pre_init_runtime_init_per_core_irq_priorities
 *(.preinit_array)
                0x100066dc                        PROVIDE (__preinit_array_end = .)
                0x100066dc                        . = ALIGN (0x4)
                0x100066dc                        PROVIDE (__init_array_start = .)
 *(SORT_BY_NAME(.init_array.*))
 *(.init_array)
 .init_array    0x100066dc        0x4 C:/Users/yoshi/.pico-sdk/toolchain/13_2_Rel1/bin/../lib/gcc/arm-none-eabi/13.2.1/thumb/v6-m/nofp/crtbegin.o
 .init_array    0x100066e0        0x4 CMakeFiles/RTOS_setup.dir/C_/Users/yoshi/.pico-sdk/sdk/2.0.0/src/rp2_common/pico_unique_id/unique_id.c.obj
 .init_array    0x100066e4        0x4 CMakeFiles/RTOS_setup.dir/C_/Users/yoshi/Documents/Pico/FreeRTOS-Kernel/portable/ThirdParty/GCC/RP2040/port.c.obj
                0x100066e8                        PROVIDE (__init_array_end = .)
                0x100066e8                        . = ALIGN (0x4)
                [!provide]                        PROVIDE (__fini_array_start = .)
 *(SORT_BY_NAME(.fini_array.*))
 *(.fini_array)
                [!provide]                        PROVIDE (__fini_array_end = .)
 *(.eh_frame*)
 .eh_frame      0x100066e8        0x0 C:/Users/yoshi/.pico-sdk/toolchain/13_2_Rel1/bin/../lib/gcc/arm-none-eabi/13.2.1/thumb/v6-m/nofp/crtbegin.o
                0x100066e8                        . = ALIGN (0x4)

.glue_7         0x100066e8        0x0
 .glue_7        0x100066e8        0x0 linker stubs

.glue_7t        0x100066e8        0x0
 .glue_7t       0x100066e8        0x0 linker stubs

.vfp11_veneer   0x100066e8        0x0
 .vfp11_veneer  0x100066e8        0x0 linker stubs

.v4_bx          0x100066e8        0x0
 .v4_bx         0x100066e8        0x0 linker stubs

.iplt           0x100066e8        0x0
 .iplt          0x100066e8        0x0 C:/Users/yoshi/.pico-sdk/toolchain/13_2_Rel1/bin/../lib/gcc/arm-none-eabi/13.2.1/thumb/v6-m/nofp/crtbegin.o

.rodata         0x100066e8      0x4a0
 *(EXCLUDE_FILE(*libm.a: *libc.a:*lib_a-mem*.o *libgcc.a:) .rodata*)
 .rodata._Z6vTask1Pv.str1.4
                0x100066e8      0x1bc CMakeFiles/RTOS_setup.dir/RTOS_setup.cpp.obj
                                 0x13 (size before relaxing)
 .rodata._Z6vTask2Pv.str1.4
                0x100068a4       0x13 CMakeFiles/RTOS_setup.dir/RTOS_setup.cpp.obj
 .rodata.main.str1.4
                0x100068a4        0xf CMakeFiles/RTOS_setup.dir/RTOS_setup.cpp.obj
 .rodata.panic.str1.4
                0x100068a4       0x12 CMakeFiles/RTOS_setup.dir/C_/Users/yoshi/.pico-sdk/sdk/2.0.0/src/rp2_common/pico_platform_panic/panic.c.obj
 .rodata.panic_unsupported.str1.4
                0x100068a4        0xe CMakeFiles/RTOS_setup.dir/C_/Users/yoshi/.pico-sdk/sdk/2.0.0/src/rp2_common/pico_platform_panic/panic.c.obj
 .rodata.spin_lock_claim_unused.str1.4
                0x100068a4       0x1b CMakeFiles/RTOS_setup.dir/C_/Users/yoshi/.pico-sdk/sdk/2.0.0/src/rp2_common/hardware_sync/sync.c.obj
 .rodata.user_irq_claim_unused.str1.4
                0x100068a4       0x1b CMakeFiles/RTOS_setup.dir/C_/Users/yoshi/.pico-sdk/sdk/2.0.0/src/rp2_common/hardware_irq/irq.c.obj
 .rodata.timer_hardware_alarm_claim.str1.4
                0x100068a4       0x22 CMakeFiles/RTOS_setup.dir/C_/Users/yoshi/.pico-sdk/sdk/2.0.0/src/rp2_common/hardware_timer/timer.c.obj
 .rodata.hard_assertion_failure.str1.4
                0x100068a4        0xc CMakeFiles/RTOS_setup.dir/C_/Users/yoshi/.pico-sdk/sdk/2.0.0/src/rp2_common/pico_runtime/runtime.c.obj
 .rodata.missing_double_func_shim.str1.4
                0x100068a4       0x18 CMakeFiles/RTOS_setup.dir/C_/Users/yoshi/.pico-sdk/sdk/2.0.0/src/rp2_common/pico_double/double_init_rom_rp2040.c.obj
 .rodata.missing_float_func_shim.str1.4
                0x100068a4        0x1 CMakeFiles/RTOS_setup.dir/C_/Users/yoshi/.pico-sdk/sdk/2.0.0/src/rp2_common/pico_float/float_init_rom_rp2040.c.obj
 .rodata.str1.4
                0x100068a4       0x34 CMakeFiles/RTOS_setup.dir/C_/Users/yoshi/.pico-sdk/sdk/2.0.0/src/rp2_common/pico_standard_binary_info/standard_binary_info.c.obj
 .rodata.__bi_84
                0x100068a4        0xc CMakeFiles/RTOS_setup.dir/C_/Users/yoshi/.pico-sdk/sdk/2.0.0/src/rp2_common/pico_standard_binary_info/standard_binary_info.c.obj
 .rodata.__bi_60
                0x100068b0        0xc CMakeFiles/RTOS_setup.dir/C_/Users/yoshi/.pico-sdk/sdk/2.0.0/src/rp2_common/pico_standard_binary_info/standard_binary_info.c.obj
 .rodata.__bi_54
                0x100068bc        0xc CMakeFiles/RTOS_setup.dir/C_/Users/yoshi/.pico-sdk/sdk/2.0.0/src/rp2_common/pico_standard_binary_info/standard_binary_info.c.obj
 .rodata.__bi_48
                0x100068c8        0xc CMakeFiles/RTOS_setup.dir/C_/Users/yoshi/.pico-sdk/sdk/2.0.0/src/rp2_common/pico_standard_binary_info/standard_binary_info.c.obj
 .rodata.__bi_42
                0x100068d4        0xc CMakeFiles/RTOS_setup.dir/C_/Users/yoshi/.pico-sdk/sdk/2.0.0/src/rp2_common/pico_standard_binary_info/standard_binary_info.c.obj
 .rodata.__bi_34
                0x100068e0        0xc CMakeFiles/RTOS_setup.dir/C_/Users/yoshi/.pico-sdk/sdk/2.0.0/src/rp2_common/pico_standard_binary_info/standard_binary_info.c.obj
 .rodata.__bi_26
                0x100068ec        0xc CMakeFiles/RTOS_setup.dir/C_/Users/yoshi/.pico-sdk/sdk/2.0.0/src/rp2_common/pico_standard_binary_info/standard_binary_info.c.obj
 .rodata.crlf_str.0
                0x100068f8        0x2 CMakeFiles/RTOS_setup.dir/C_/Users/yoshi/.pico-sdk/sdk/2.0.0/src/rp2_common/pico_stdio/stdio.c.obj
 *fill*         0x100068fa        0x2 
 .rodata._resetd_driver
                0x100068fc       0x20 CMakeFiles/RTOS_setup.dir/C_/Users/yoshi/.pico-sdk/sdk/2.0.0/src/rp2_common/pico_stdio_usb/reset_interface.c.obj
 .rodata.desc_ms_os_20
                0x1000691c       0xa6 CMakeFiles/RTOS_setup.dir/C_/Users/yoshi/.pico-sdk/sdk/2.0.0/src/rp2_common/pico_stdio_usb/reset_interface.c.obj
 *fill*         0x100069c2        0x2 
 .rodata.desc_bos
                0x100069c4       0x21 CMakeFiles/RTOS_setup.dir/C_/Users/yoshi/.pico-sdk/sdk/2.0.0/src/rp2_common/pico_stdio_usb/reset_interface.c.obj
                0x100069c4                desc_bos
 .rodata.str1.4
                0x100069e5       0x13 CMakeFiles/RTOS_setup.dir/C_/Users/yoshi/.pico-sdk/sdk/2.0.0/src/rp2_common/pico_stdio_usb/stdio_usb.c.obj
 *fill*         0x100069e5        0x3 
 .rodata.__bi_197.0
                0x100069e8        0xc CMakeFiles/RTOS_setup.dir/C_/Users/yoshi/.pico-sdk/sdk/2.0.0/src/rp2_common/pico_stdio_usb/stdio_usb.c.obj
 .rodata.str1.4
                0x100069f4       0x2a CMakeFiles/RTOS_setup.dir/C_/Users/yoshi/.pico-sdk/sdk/2.0.0/src/rp2_common/pico_stdio_usb/stdio_usb_descriptors.c.obj
 .rodata.usbd_desc_str
                0x100069f4       0x18 CMakeFiles/RTOS_setup.dir/C_/Users/yoshi/.pico-sdk/sdk/2.0.0/src/rp2_common/pico_stdio_usb/stdio_usb_descriptors.c.obj
 .rodata.usbd_desc_cfg
                0x10006a0c       0x54 CMakeFiles/RTOS_setup.dir/C_/Users/yoshi/.pico-sdk/sdk/2.0.0/src/rp2_common/pico_stdio_usb/stdio_usb_descriptors.c.obj
 .rodata.usbd_desc_device
                0x10006a60       0x12 CMakeFiles/RTOS_setup.dir/C_/Users/yoshi/.pico-sdk/sdk/2.0.0/src/rp2_common/pico_stdio_usb/stdio_usb_descriptors.c.obj
 .rodata.str1.4
                0x10006a72       0x14 CMakeFiles/RTOS_setup.dir/C_/Users/yoshi/.pico-sdk/sdk/2.0.0/lib/tinyusb/src/portable/raspberrypi/rp2040/dcd_rp2040.c.obj
 .rodata.str1.4
                0x10006a72       0x48 CMakeFiles/RTOS_setup.dir/C_/Users/yoshi/.pico-sdk/sdk/2.0.0/lib/tinyusb/src/portable/raspberrypi/rp2040/rp2040_usb.c.obj
 *fill*         0x10006a72        0x2 
 .rodata.tud_task_ext
                0x10006a74       0x8c CMakeFiles/RTOS_setup.dir/C_/Users/yoshi/.pico-sdk/sdk/2.0.0/lib/tinyusb/src/device/usbd.c.obj
 .rodata        0x10006b00       0x1c CMakeFiles/RTOS_setup.dir/C_/Users/yoshi/.pico-sdk/sdk/2.0.0/lib/tinyusb/src/device/usbd.c.obj
 .rodata._usbd_driver
                0x10006b1c       0x40 CMakeFiles/RTOS_setup.dir/C_/Users/yoshi/.pico-sdk/sdk/2.0.0/lib/tinyusb/src/device/usbd.c.obj
 .rodata.uxTopUsedPriority
                0x10006b5c        0x4 CMakeFiles/RTOS_setup.dir/C_/Users/yoshi/Documents/Pico/FreeRTOS-Kernel/tasks.c.obj
 .rodata.prvTimerTask
                0x10006b60       0x28 CMakeFiles/RTOS_setup.dir/C_/Users/yoshi/Documents/Pico/FreeRTOS-Kernel/timers.c.obj
 .rodata.xTimerCreateTimerTask.str1.4
                0x10006b88       0x10 CMakeFiles/RTOS_setup.dir/C_/Users/yoshi/Documents/Pico/FreeRTOS-Kernel/timers.c.obj
                0x10006b98                        . = ALIGN (0x4)
 *(SORT_BY_ALIGNMENT(SORT_BY_NAME(.flashdata*)))
                0x10006b98                        . = ALIGN (0x4)

.ARM.extab
 *(.ARM.extab* .gnu.linkonce.armextab.*)
                0x10006b88                        __exidx_start = .

.ARM.exidx
 *(.ARM.exidx* .gnu.linkonce.armexidx.*)
                0x10006b88                        __exidx_end = .
                0x10006b98                        . = ALIGN (0x4)
                0x10006b88                        __binary_info_start = .

.binary_info    0x10006b88       0x20
 *(.binary_info.keep.*)
 .binary_info.keep.__bi_ptr84
                0x10006b88        0x4 CMakeFiles/RTOS_setup.dir/C_/Users/yoshi/.pico-sdk/sdk/2.0.0/src/rp2_common/pico_standard_binary_info/standard_binary_info.c.obj
 .binary_info.keep.__bi_ptr60
                0x10006b8c        0x4 CMakeFiles/RTOS_setup.dir/C_/Users/yoshi/.pico-sdk/sdk/2.0.0/src/rp2_common/pico_standard_binary_info/standard_binary_info.c.obj
 .binary_info.keep.__bi_ptr54
                0x10006b90        0x4 CMakeFiles/RTOS_setup.dir/C_/Users/yoshi/.pico-sdk/sdk/2.0.0/src/rp2_common/pico_standard_binary_info/standard_binary_info.c.obj
 .binary_info.keep.__bi_ptr48
                0x10006b94        0x4 CMakeFiles/RTOS_setup.dir/C_/Users/yoshi/.pico-sdk/sdk/2.0.0/src/rp2_common/pico_standard_binary_info/standard_binary_info.c.obj
 .binary_info.keep.__bi_ptr42
                0x10006b98        0x4 CMakeFiles/RTOS_setup.dir/C_/Users/yoshi/.pico-sdk/sdk/2.0.0/src/rp2_common/pico_standard_binary_info/standard_binary_info.c.obj
 .binary_info.keep.__bi_ptr34
                0x10006b9c        0x4 CMakeFiles/RTOS_setup.dir/C_/Users/yoshi/.pico-sdk/sdk/2.0.0/src/rp2_common/pico_standard_binary_info/standard_binary_info.c.obj
 .binary_info.keep.__bi_ptr26
                0x10006ba0        0x4 CMakeFiles/RTOS_setup.dir/C_/Users/yoshi/.pico-sdk/sdk/2.0.0/src/rp2_common/pico_standard_binary_info/standard_binary_info.c.obj
 *(.binary_info.*)
 .binary_info.__bi_ptr197
                0x10006ba4        0x4 CMakeFiles/RTOS_setup.dir/C_/Users/yoshi/.pico-sdk/sdk/2.0.0/src/rp2_common/pico_stdio_usb/stdio_usb.c.obj
                0x10006ba8                        __binary_info_end = .

.rel.dyn        0x10006ba8        0x0
 .rel.iplt      0x10006ba8        0x0 C:/Users/yoshi/.pico-sdk/toolchain/13_2_Rel1/bin/../lib/gcc/arm-none-eabi/13.2.1/thumb/v6-m/nofp/crtbegin.o
                0x10006ba8                        . = ALIGN (0x4)

.ram_vector_table
                0x20000000       0xc0
 *(.ram_vector_table)
 .ram_vector_table
                0x20000000       0xc0 CMakeFiles/RTOS_setup.dir/C_/Users/yoshi/.pico-sdk/sdk/2.0.0/src/rp2_common/pico_runtime_init/runtime_init.c.obj
                0x20000000                ram_vector_table

.uninitialized_data
                0x200000c0        0x0
                0x200000c0                        . = ALIGN (0x4)
 *(.uninitialized_data*)

.data           0x200000c0      0xfa8 load address 0x10006ba8
                0x200000c0                        __data_start__ = .
 *(vtable)
 *(.time_critical*)
 .time_critical.mutex_try_enter
                0x200000c0       0x40 CMakeFiles/RTOS_setup.dir/C_/Users/yoshi/.pico-sdk/sdk/2.0.0/src/common/pico_sync/mutex.c.obj
                0x200000c0                mutex_try_enter
 .time_critical.mutex_try_enter_block_until
                0x20000100       0xa0 CMakeFiles/RTOS_setup.dir/C_/Users/yoshi/.pico-sdk/sdk/2.0.0/src/common/pico_sync/mutex.c.obj
                0x20000100                mutex_try_enter_block_until
 .time_critical.mutex_enter_timeout_ms
                0x200001a0       0x78 CMakeFiles/RTOS_setup.dir/C_/Users/yoshi/.pico-sdk/sdk/2.0.0/src/common/pico_sync/mutex.c.obj
                0x200001a0                mutex_enter_timeout_ms
 .time_critical.mutex_exit
                0x20000218       0x20 CMakeFiles/RTOS_setup.dir/C_/Users/yoshi/.pico-sdk/sdk/2.0.0/src/common/pico_sync/mutex.c.obj
                0x20000218                mutex_exit
 .time_critical.flash_init_boot2_copyout
                0x20000238       0x30 CMakeFiles/RTOS_setup.dir/C_/Users/yoshi/.pico-sdk/sdk/2.0.0/src/rp2_common/hardware_flash/flash.c.obj
 .time_critical.flash_enable_xip_via_boot2
                0x20000268        0xc CMakeFiles/RTOS_setup.dir/C_/Users/yoshi/.pico-sdk/sdk/2.0.0/src/rp2_common/hardware_flash/flash.c.obj
 .time_critical.flash_cs_force
                0x20000274       0x38 CMakeFiles/RTOS_setup.dir/C_/Users/yoshi/.pico-sdk/sdk/2.0.0/src/rp2_common/hardware_flash/flash.c.obj
 .time_critical.flash_do_cmd
                0x200002ac       0xc0 CMakeFiles/RTOS_setup.dir/C_/Users/yoshi/.pico-sdk/sdk/2.0.0/src/rp2_common/hardware_flash/flash.c.obj
                0x200002ac                flash_do_cmd
 .time_critical.reset_non_control_endpoints
                0x2000036c       0x68 CMakeFiles/RTOS_setup.dir/C_/Users/yoshi/.pico-sdk/sdk/2.0.0/lib/tinyusb/src/portable/raspberrypi/rp2040/dcd_rp2040.c.obj
 .time_critical.hw_handle_buff_status
                0x200003d4       0xb0 CMakeFiles/RTOS_setup.dir/C_/Users/yoshi/.pico-sdk/sdk/2.0.0/lib/tinyusb/src/portable/raspberrypi/rp2040/dcd_rp2040.c.obj
 .time_critical.dcd_rp2040_irq
                0x20000484      0x578 CMakeFiles/RTOS_setup.dir/C_/Users/yoshi/.pico-sdk/sdk/2.0.0/lib/tinyusb/src/portable/raspberrypi/rp2040/dcd_rp2040.c.obj
 .time_critical.prepare_ep_buffer
                0x200009fc       0xe0 CMakeFiles/RTOS_setup.dir/C_/Users/yoshi/.pico-sdk/sdk/2.0.0/lib/tinyusb/src/portable/raspberrypi/rp2040/rp2040_usb.c.obj
 .time_critical.sync_ep_buffer
                0x20000adc       0xa8 CMakeFiles/RTOS_setup.dir/C_/Users/yoshi/.pico-sdk/sdk/2.0.0/lib/tinyusb/src/portable/raspberrypi/rp2040/rp2040_usb.c.obj
 .time_critical._hw_endpoint_xfer_sync
                0x20000b84       0x28 CMakeFiles/RTOS_setup.dir/C_/Users/yoshi/.pico-sdk/sdk/2.0.0/lib/tinyusb/src/portable/raspberrypi/rp2040/rp2040_usb.c.obj
 .time_critical.e15_is_bulkin_ep
                0x20000bac       0x28 CMakeFiles/RTOS_setup.dir/C_/Users/yoshi/.pico-sdk/sdk/2.0.0/lib/tinyusb/src/portable/raspberrypi/rp2040/rp2040_usb.c.obj
 .time_critical.e15_is_critical_frame_period
                0x20000bd4       0x34 CMakeFiles/RTOS_setup.dir/C_/Users/yoshi/.pico-sdk/sdk/2.0.0/lib/tinyusb/src/portable/raspberrypi/rp2040/rp2040_usb.c.obj
 .time_critical.hw_endpoint_reset_transfer
                0x20000c08        0xc CMakeFiles/RTOS_setup.dir/C_/Users/yoshi/.pico-sdk/sdk/2.0.0/lib/tinyusb/src/portable/raspberrypi/rp2040/rp2040_usb.c.obj
                0x20000c08                hw_endpoint_reset_transfer
 .time_critical._hw_endpoint_buffer_control_update32
                0x20000c14       0x50 CMakeFiles/RTOS_setup.dir/C_/Users/yoshi/.pico-sdk/sdk/2.0.0/lib/tinyusb/src/portable/raspberrypi/rp2040/rp2040_usb.c.obj
                0x20000c14                _hw_endpoint_buffer_control_update32
 .time_critical.hw_endpoint_start_next_buffer
                0x20000c64       0x6c CMakeFiles/RTOS_setup.dir/C_/Users/yoshi/.pico-sdk/sdk/2.0.0/lib/tinyusb/src/portable/raspberrypi/rp2040/rp2040_usb.c.obj
                0x20000c64                hw_endpoint_start_next_buffer
 .time_critical.hw_endpoint_xfer_continue
                0x20000cd0       0x40 CMakeFiles/RTOS_setup.dir/C_/Users/yoshi/.pico-sdk/sdk/2.0.0/lib/tinyusb/src/portable/raspberrypi/rp2040/rp2040_usb.c.obj
                0x20000cd0                hw_endpoint_xfer_continue
 .time_critical.tinyusb
                0x20000d10      0x1e4 CMakeFiles/RTOS_setup.dir/C_/Users/yoshi/.pico-sdk/sdk/2.0.0/lib/tinyusb/src/device/usbd.c.obj
                0x20000d10                dcd_event_handler
 *(.text*)
 .text          0x20000ef4        0x4 C:/Users/yoshi/.pico-sdk/toolchain/13_2_Rel1/bin/../lib/gcc/arm-none-eabi/13.2.1/thumb/v6-m/nofp\libgcc.a(_dvmd_tls.o)
                0x20000ef4                __aeabi_idiv0
                0x20000ef4                __aeabi_ldiv0
 .text.__stub   0x20000ef8       0xa0 linker stubs
                0x20000f98                        . = ALIGN (0x4)
 *(.rodata*)
                0x20000f98                        . = ALIGN (0x4)
 *(.data*)
 .data.striped_spin_lock_num
                0x20000f98        0x1 CMakeFiles/RTOS_setup.dir/C_/Users/yoshi/.pico-sdk/sdk/2.0.0/src/rp2_common/hardware_sync/sync.c.obj
 *fill*         0x20000f99        0x3 
 .data          0x20000f9c       0x48 CMakeFiles/RTOS_setup.dir/C_/Users/yoshi/.pico-sdk/sdk/2.0.0/src/rp2_common/hardware_irq/irq_handler_chain.S.obj
                0x20000f9c                irq_handler_chain_slots
                0x20000fcc                irq_handler_chain_first_slot
                0x20000fd6                irq_handler_chain_remove_tail
 .data.default_alarm_pool
                0x20000fe4       0x18 CMakeFiles/RTOS_setup.dir/C_/Users/yoshi/.pico-sdk/sdk/2.0.0/src/common/pico_time/time.c.obj
 *fill*         0x20000ffc        0x4 
 .data.aeabi_bits_funcs
                0x20001000       0x10 CMakeFiles/RTOS_setup.dir/C_/Users/yoshi/.pico-sdk/sdk/2.0.0/src/rp2_common/pico_bit_ops/bit_ops_aeabi.S.obj
                0x20001000                aeabi_bits_funcs
                0x20001010                aeabi_bits_funcs_end
 .data.aeabi_mem_funcs
                0x20001010       0x10 CMakeFiles/RTOS_setup.dir/C_/Users/yoshi/.pico-sdk/sdk/2.0.0/src/rp2_common/pico_mem_ops/mem_ops_aeabi.S.obj
                0x20001010                aeabi_mem_funcs
                0x20001020                aeabi_mem_funcs_end
 .data.stdio_usb
                0x20001020       0x18 CMakeFiles/RTOS_setup.dir/C_/Users/yoshi/.pico-sdk/sdk/2.0.0/src/rp2_common/pico_stdio_usb/stdio_usb.c.obj
                0x20001020                stdio_usb
 .data._usbd_qdef
                0x20001038       0x1c CMakeFiles/RTOS_setup.dir/C_/Users/yoshi/.pico-sdk/sdk/2.0.0/lib/tinyusb/src/device/usbd.c.obj
                0x20001038                _usbd_qdef
 .data._usbd_rhport
                0x20001054        0x1 CMakeFiles/RTOS_setup.dir/C_/Users/yoshi/.pico-sdk/sdk/2.0.0/lib/tinyusb/src/device/usbd.c.obj
 .data.ucPrimaryCoreNum
                0x20001055        0x1 CMakeFiles/RTOS_setup.dir/C_/Users/yoshi/Documents/Pico/FreeRTOS-Kernel/portable/ThirdParty/GCC/RP2040/port.c.obj
                0x20001058                        . = ALIGN (0x4)
 *fill*         0x20001056        0x2 
 *(.after_data.*)
                0x20001058                        . = ALIGN (0x4)
                0x20001058                        PROVIDE (__mutex_array_start = .)
 *(SORT_BY_NAME(.mutex_array.*))
 *(.mutex_array)
 .mutex_array   0x20001058        0x8 CMakeFiles/RTOS_setup.dir/C_/Users/yoshi/.pico-sdk/sdk/2.0.0/src/rp2_common/pico_malloc/malloc.c.obj
 .mutex_array   0x20001060        0x8 CMakeFiles/RTOS_setup.dir/C_/Users/yoshi/.pico-sdk/sdk/2.0.0/src/rp2_common/pico_stdio/stdio.c.obj
                0x20001068                        PROVIDE (__mutex_array_end = .)
                0x20001068                        . = ALIGN (0x4)
 *(.jcr)
                0x20001068                        . = ALIGN (0x4)

.tm_clone_table
                0x20001068        0x0 load address 0x10007b50
 .tm_clone_table
                0x20001068        0x0 C:/Users/yoshi/.pico-sdk/toolchain/13_2_Rel1/bin/../lib/gcc/arm-none-eabi/13.2.1/thumb/v6-m/nofp/crtbegin.o
 .tm_clone_table
                0x20001068        0x0 C:/Users/yoshi/.pico-sdk/toolchain/13_2_Rel1/bin/../lib/gcc/arm-none-eabi/13.2.1/thumb/v6-m/nofp/crtend.o

.igot.plt       0x20001068        0x0 load address 0x10007b50
 .igot.plt      0x20001068        0x0 C:/Users/yoshi/.pico-sdk/toolchain/13_2_Rel1/bin/../lib/gcc/arm-none-eabi/13.2.1/thumb/v6-m/nofp/crtbegin.o

.tdata          0x20001068        0x0 load address 0x10007b50
                0x20001068                        . = ALIGN (0x4)
 *(.tdata .tdata.* .gnu.linkonce.td.*)
                0x20001068                        __tdata_end = .
                0x20001068                        PROVIDE (__data_end__ = .)
                0x10006ba8                        __etext = LOADADDR (.data)

.tbss           0x20001068        0x0 load address 0x10007b50
                0x20001068                        . = ALIGN (0x4)
                0x20001068                        __bss_start__ = .
                0x20001068                        __tls_base = .
 *(.tbss .tbss.* .gnu.linkonce.tb.*)
 *(.tcommon)
                0x20001068                        __tls_end = .

.bss            0x20001068    0x21440 load address 0x10007b50
                0x20001068                        . = ALIGN (0x4)
                0x20001068                        __tbss_end = .
 *(SORT_BY_ALIGNMENT(SORT_BY_NAME(.bss*)))
 .bss._vendord_itf
                0x20001068      0x2bc CMakeFiles/RTOS_setup.dir/C_/Users/yoshi/.pico-sdk/sdk/2.0.0/lib/tinyusb/src/class/vendor/vendor_device.c.obj
 *fill*         0x20001324        0x4 
 .bss.default_alarm_pool_entries
                0x20001328      0x180 CMakeFiles/RTOS_setup.dir/C_/Users/yoshi/.pico-sdk/sdk/2.0.0/src/common/pico_time/time.c.obj
 .bss.last_avail_time.1
                0x200014a8        0x8 CMakeFiles/RTOS_setup.dir/C_/Users/yoshi/.pico-sdk/sdk/2.0.0/src/rp2_common/pico_stdio_usb/stdio_usb.c.obj
 .bss.sd_table  0x200014b0      0x100 CMakeFiles/RTOS_setup.dir/C_/Users/yoshi/.pico-sdk/sdk/2.0.0/src/rp2_common/pico_double/double_init_rom_rp2040.c.obj
                0x200014b0                sd_table
 .bss.xQueueRegistry
                0x200015b0       0x40 CMakeFiles/RTOS_setup.dir/C_/Users/yoshi/Documents/Pico/FreeRTOS-Kernel/queue.c.obj
                0x200015b0                xQueueRegistry
 .bss._app_driver
                0x200015f0        0x4 CMakeFiles/RTOS_setup.dir/C_/Users/yoshi/.pico-sdk/sdk/2.0.0/lib/tinyusb/src/device/usbd.c.obj
 .bss._cdcd_fifo_cfg
                0x200015f4        0x1 CMakeFiles/RTOS_setup.dir/C_/Users/yoshi/.pico-sdk/sdk/2.0.0/lib/tinyusb/src/class/cdc/cdc_device.c.obj
 *fill*         0x200015f5        0x3 
 .bss._cdcd_itf
                0x200015f8      0x2c8 CMakeFiles/RTOS_setup.dir/C_/Users/yoshi/.pico-sdk/sdk/2.0.0/lib/tinyusb/src/class/cdc/cdc_device.c.obj
 .bss._ctrl_xfer
                0x200018c0       0x14 CMakeFiles/RTOS_setup.dir/C_/Users/yoshi/.pico-sdk/sdk/2.0.0/lib/tinyusb/src/device/usbd_control.c.obj
 .bss._ubsd_mutexdef
                0x200018d4        0x8 CMakeFiles/RTOS_setup.dir/C_/Users/yoshi/.pico-sdk/sdk/2.0.0/lib/tinyusb/src/device/usbd.c.obj
 .bss._usbd_ctrl_buf
                0x200018dc       0x40 CMakeFiles/RTOS_setup.dir/C_/Users/yoshi/.pico-sdk/sdk/2.0.0/lib/tinyusb/src/device/usbd_control.c.obj
 .bss._usbd_dev
                0x2000191c       0x54 CMakeFiles/RTOS_setup.dir/C_/Users/yoshi/.pico-sdk/sdk/2.0.0/lib/tinyusb/src/device/usbd.c.obj
 .bss._usbd_mutex
                0x20001970        0x4 CMakeFiles/RTOS_setup.dir/C_/Users/yoshi/.pico-sdk/sdk/2.0.0/lib/tinyusb/src/device/usbd.c.obj
 .bss._usbd_q   0x20001974        0x4 CMakeFiles/RTOS_setup.dir/C_/Users/yoshi/.pico-sdk/sdk/2.0.0/lib/tinyusb/src/device/usbd.c.obj
 .bss._usbd_qdef_buf
                0x20001978       0xc0 CMakeFiles/RTOS_setup.dir/C_/Users/yoshi/.pico-sdk/sdk/2.0.0/lib/tinyusb/src/device/usbd.c.obj
                0x20001978                _usbd_qdef_buf
 .bss.boot2_copyout
                0x20001a38      0x100 CMakeFiles/RTOS_setup.dir/C_/Users/yoshi/.pico-sdk/sdk/2.0.0/src/rp2_common/hardware_flash/flash.c.obj
 .bss.chars_available_callback
                0x20001b38        0x4 CMakeFiles/RTOS_setup.dir/C_/Users/yoshi/.pico-sdk/sdk/2.0.0/src/rp2_common/pico_stdio_usb/stdio_usb.c.obj
 .bss.chars_available_param
                0x20001b3c        0x4 CMakeFiles/RTOS_setup.dir/C_/Users/yoshi/.pico-sdk/sdk/2.0.0/src/rp2_common/pico_stdio_usb/stdio_usb.c.obj
 .bss.claimed   0x20001b40        0x4 CMakeFiles/RTOS_setup.dir/C_/Users/yoshi/.pico-sdk/sdk/2.0.0/src/rp2_common/hardware_sync/sync.c.obj
 .bss.claimed   0x20001b44        0x1 CMakeFiles/RTOS_setup.dir/C_/Users/yoshi/.pico-sdk/sdk/2.0.0/src/rp2_common/hardware_timer/timer.c.obj
 *fill*         0x20001b45        0x3 
 .bss.configured_freq
                0x20001b48       0x28 CMakeFiles/RTOS_setup.dir/C_/Users/yoshi/.pico-sdk/sdk/2.0.0/src/rp2_common/hardware_clocks/clocks.c.obj
 .bss.desc_str.0
                0x20001b70       0x28 CMakeFiles/RTOS_setup.dir/C_/Users/yoshi/.pico-sdk/sdk/2.0.0/src/rp2_common/pico_stdio_usb/stdio_usb_descriptors.c.obj
 .bss.drivers   0x20001b98        0x4 CMakeFiles/RTOS_setup.dir/C_/Users/yoshi/.pico-sdk/sdk/2.0.0/src/rp2_common/pico_stdio/stdio.c.obj
 .bss.e15_last_sof
                0x20001b9c        0x4 CMakeFiles/RTOS_setup.dir/C_/Users/yoshi/.pico-sdk/sdk/2.0.0/lib/tinyusb/src/portable/raspberrypi/rp2040/rp2040_usb.c.obj
                0x20001b9c                e15_last_sof
 .bss.filter    0x20001ba0        0x4 CMakeFiles/RTOS_setup.dir/C_/Users/yoshi/.pico-sdk/sdk/2.0.0/src/rp2_common/pico_stdio/stdio.c.obj
 .bss.hw_endpoints
                0x20001ba4      0x400 CMakeFiles/RTOS_setup.dir/C_/Users/yoshi/.pico-sdk/sdk/2.0.0/lib/tinyusb/src/portable/raspberrypi/rp2040/dcd_rp2040.c.obj
 .bss.lazy_vsnprintf
                0x20001fa4        0x4 CMakeFiles/RTOS_setup.dir/C_/Users/yoshi/.pico-sdk/sdk/2.0.0/src/rp2_common/pico_printf/printf.c.obj
 .bss.load_value
                0x20001fa8        0x4 CMakeFiles/RTOS_setup.dir/C_/Users/yoshi/.pico-sdk/sdk/2.0.0/src/rp2_common/hardware_watchdog/watchdog.c.obj
 .bss.next_buffer_ptr
                0x20001fac        0x4 CMakeFiles/RTOS_setup.dir/C_/Users/yoshi/.pico-sdk/sdk/2.0.0/lib/tinyusb/src/portable/raspberrypi/rp2040/dcd_rp2040.c.obj
 .bss.object.0  0x20001fb0       0x18 C:/Users/yoshi/.pico-sdk/toolchain/13_2_Rel1/bin/../lib/gcc/arm-none-eabi/13.2.1/thumb/v6-m/nofp/crtbegin.o
 .bss.one_shot_timer_crit_sec
                0x20001fc8        0x8 CMakeFiles/RTOS_setup.dir/C_/Users/yoshi/.pico-sdk/sdk/2.0.0/src/rp2_common/pico_stdio_usb/stdio_usb.c.obj
 .bss.pools     0x20001fd0       0x10 CMakeFiles/RTOS_setup.dir/C_/Users/yoshi/.pico-sdk/sdk/2.0.0/src/common/pico_time/time.c.obj
 .bss.pxCrossCoreSpinLock
                0x20001fe0        0x4 CMakeFiles/RTOS_setup.dir/C_/Users/yoshi/Documents/Pico/FreeRTOS-Kernel/portable/ThirdParty/GCC/RP2040/port.c.obj
 .bss.pxCurrentTCB
                0x20001fe4        0x4 CMakeFiles/RTOS_setup.dir/C_/Users/yoshi/Documents/Pico/FreeRTOS-Kernel/tasks.c.obj
                0x20001fe4                pxCurrentTCB
 .bss.pxCurrentTimerList
                0x20001fe8        0x4 CMakeFiles/RTOS_setup.dir/C_/Users/yoshi/Documents/Pico/FreeRTOS-Kernel/timers.c.obj
 .bss.pxDelayedTaskList
                0x20001fec        0x4 CMakeFiles/RTOS_setup.dir/C_/Users/yoshi/Documents/Pico/FreeRTOS-Kernel/tasks.c.obj
 .bss.pxEnd     0x20001ff0        0x4 CMakeFiles/RTOS_setup.dir/C_/Users/yoshi/Documents/Pico/FreeRTOS-Kernel/portable/MemMang/heap_4.c.obj
 .bss.pxOverflowDelayedTaskList
                0x20001ff4        0x4 CMakeFiles/RTOS_setup.dir/C_/Users/yoshi/Documents/Pico/FreeRTOS-Kernel/tasks.c.obj
 .bss.pxOverflowTimerList
                0x20001ff8        0x4 CMakeFiles/RTOS_setup.dir/C_/Users/yoshi/Documents/Pico/FreeRTOS-Kernel/timers.c.obj
 .bss.pxReadyTasksLists
                0x20001ffc      0x280 CMakeFiles/RTOS_setup.dir/C_/Users/yoshi/Documents/Pico/FreeRTOS-Kernel/tasks.c.obj
 .bss.pxYieldSpinLock
                0x2000227c        0x4 CMakeFiles/RTOS_setup.dir/C_/Users/yoshi/Documents/Pico/FreeRTOS-Kernel/portable/ThirdParty/GCC/RP2040/port.c.obj
 .bss.retrieved_id
                0x20002280        0x8 CMakeFiles/RTOS_setup.dir/C_/Users/yoshi/.pico-sdk/sdk/2.0.0/src/rp2_common/pico_unique_id/unique_id.c.obj
 .bss.sf_clz_func
                0x20002288        0x4 CMakeFiles/RTOS_setup.dir/C_/Users/yoshi/.pico-sdk/sdk/2.0.0/src/rp2_common/pico_double/double_init_rom_rp2040.c.obj
                0x20002288                sf_clz_func
 .bss.sf_table  0x2000228c      0x100 CMakeFiles/RTOS_setup.dir/C_/Users/yoshi/.pico-sdk/sdk/2.0.0/src/rp2_common/pico_float/float_init_rom_rp2040.c.obj
                0x2000228c                sf_table
 .bss.sleep_notifier
                0x2000238c        0x4 CMakeFiles/RTOS_setup.dir/C_/Users/yoshi/.pico-sdk/sdk/2.0.0/src/common/pico_time/time.c.obj
 .bss.stdio_usb_mutex
                0x20002390        0x8 CMakeFiles/RTOS_setup.dir/C_/Users/yoshi/.pico-sdk/sdk/2.0.0/src/rp2_common/pico_stdio_usb/stdio_usb.c.obj
 .bss.ucHeap    0x20002398    0x20000 CMakeFiles/RTOS_setup.dir/C_/Users/yoshi/Documents/Pico/FreeRTOS-Kernel/portable/MemMang/heap_4.c.obj
 .bss.ulYieldSpinLockSaveValue
                0x20022398        0x4 CMakeFiles/RTOS_setup.dir/C_/Users/yoshi/Documents/Pico/FreeRTOS-Kernel/portable/ThirdParty/GCC/RP2040/port.c.obj
 .bss.usbd_serial_str
                0x2002239c       0x11 CMakeFiles/RTOS_setup.dir/C_/Users/yoshi/.pico-sdk/sdk/2.0.0/src/rp2_common/pico_stdio_usb/stdio_usb_descriptors.c.obj
 *fill*         0x200223ad        0x3 
 .bss.uxCriticalNesting
                0x200223b0        0x4 CMakeFiles/RTOS_setup.dir/C_/Users/yoshi/Documents/Pico/FreeRTOS-Kernel/portable/ThirdParty/GCC/RP2040/port.c.obj
 .bss.uxCrossCoreEventBits
                0x200223b4        0x4 CMakeFiles/RTOS_setup.dir/C_/Users/yoshi/Documents/Pico/FreeRTOS-Kernel/portable/ThirdParty/GCC/RP2040/port.c.obj
 .bss.uxCurrentNumberOfTasks
                0x200223b8        0x4 CMakeFiles/RTOS_setup.dir/C_/Users/yoshi/Documents/Pico/FreeRTOS-Kernel/tasks.c.obj
 .bss.uxDeletedTasksWaitingCleanUp
                0x200223bc        0x4 CMakeFiles/RTOS_setup.dir/C_/Users/yoshi/Documents/Pico/FreeRTOS-Kernel/tasks.c.obj
 .bss.uxSchedulerSuspended
                0x200223c0        0x4 CMakeFiles/RTOS_setup.dir/C_/Users/yoshi/Documents/Pico/FreeRTOS-Kernel/tasks.c.obj
 .bss.uxTaskNumber
                0x200223c4        0x4 CMakeFiles/RTOS_setup.dir/C_/Users/yoshi/Documents/Pico/FreeRTOS-Kernel/tasks.c.obj
 .bss.uxTopReadyPriority
                0x200223c8        0x4 CMakeFiles/RTOS_setup.dir/C_/Users/yoshi/Documents/Pico/FreeRTOS-Kernel/tasks.c.obj
 .bss.xActiveTimerList1
                0x200223cc       0x14 CMakeFiles/RTOS_setup.dir/C_/Users/yoshi/Documents/Pico/FreeRTOS-Kernel/timers.c.obj
 .bss.xActiveTimerList2
                0x200223e0       0x14 CMakeFiles/RTOS_setup.dir/C_/Users/yoshi/Documents/Pico/FreeRTOS-Kernel/timers.c.obj
 .bss.xDelayedTaskList1
                0x200223f4       0x14 CMakeFiles/RTOS_setup.dir/C_/Users/yoshi/Documents/Pico/FreeRTOS-Kernel/tasks.c.obj
 .bss.xDelayedTaskList2
                0x20022408       0x14 CMakeFiles/RTOS_setup.dir/C_/Users/yoshi/Documents/Pico/FreeRTOS-Kernel/tasks.c.obj
 .bss.xEventGroup
                0x2002241c        0x4 CMakeFiles/RTOS_setup.dir/C_/Users/yoshi/Documents/Pico/FreeRTOS-Kernel/portable/ThirdParty/GCC/RP2040/port.c.obj
 .bss.xFreeBytesRemaining
                0x20022420        0x4 CMakeFiles/RTOS_setup.dir/C_/Users/yoshi/Documents/Pico/FreeRTOS-Kernel/portable/MemMang/heap_4.c.obj
 .bss.xIdleTaskHandles
                0x20022424        0x4 CMakeFiles/RTOS_setup.dir/C_/Users/yoshi/Documents/Pico/FreeRTOS-Kernel/tasks.c.obj
 .bss.xLastTime.0
                0x20022428        0x4 CMakeFiles/RTOS_setup.dir/C_/Users/yoshi/Documents/Pico/FreeRTOS-Kernel/timers.c.obj
 .bss.xMinimumEverFreeBytesRemaining
                0x2002242c        0x4 CMakeFiles/RTOS_setup.dir/C_/Users/yoshi/Documents/Pico/FreeRTOS-Kernel/portable/MemMang/heap_4.c.obj
 .bss.xNextTaskUnblockTime
                0x20022430        0x4 CMakeFiles/RTOS_setup.dir/C_/Users/yoshi/Documents/Pico/FreeRTOS-Kernel/tasks.c.obj
 .bss.xNumOfOverflows
                0x20022434        0x4 CMakeFiles/RTOS_setup.dir/C_/Users/yoshi/Documents/Pico/FreeRTOS-Kernel/tasks.c.obj
 .bss.xNumberOfSuccessfulAllocations
                0x20022438        0x4 CMakeFiles/RTOS_setup.dir/C_/Users/yoshi/Documents/Pico/FreeRTOS-Kernel/portable/MemMang/heap_4.c.obj
 .bss.xNumberOfSuccessfulFrees