Archive member included to satisfy reference by file (symbol)

C:/Users/yoshi/.pico-sdk/toolchain/13_2_Rel1/bin/../lib/gcc/arm-none-eabi/13.2.1/thumb/v6-m/nofp\libgcc.a(_dvmd_tls.o)
                              CMakeFiles/RTOS_setup.dir/C_/Users/yoshi/.pico-sdk/sdk/2.0.0/src/rp2_common/pico_divider/divider_hardware.S.obj (__aeabi_idiv0)
C:/Users/yoshi/.pico-sdk/toolchain/13_2_Rel1/bin/../lib/gcc/arm-none-eabi/13.2.1/thumb/v6-m/nofp\libg.a(libc_a-atoi.o)
                              CMakeFiles/RTOS_setup.dir/C_/Users/yoshi/.pico-sdk/sdk/2.0.0/lib/lwip/src/core/netif.c.obj (atoi)
C:/Users/yoshi/.pico-sdk/toolchain/13_2_Rel1/bin/../lib/gcc/arm-none-eabi/13.2.1/thumb/v6-m/nofp\libg.a(libc_a-calloc.o)
                              CMakeFiles/RTOS_setup.dir/C_/Users/yoshi/.pico-sdk/sdk/2.0.0/src/rp2_common/pico_malloc/malloc.c.obj (calloc)
C:/Users/yoshi/.pico-sdk/toolchain/13_2_Rel1/bin/../lib/gcc/arm-none-eabi/13.2.1/thumb/v6-m/nofp\libg.a(libc_a-callocr.o)
                              C:/Users/yoshi/.pico-sdk/toolchain/13_2_Rel1/bin/../lib/gcc/arm-none-eabi/13.2.1/thumb/v6-m/nofp\libg.a(libc_a-calloc.o) (_calloc_r)
C:/Users/yoshi/.pico-sdk/toolchain/13_2_Rel1/bin/../lib/gcc/arm-none-eabi/13.2.1/thumb/v6-m/nofp\libg.a(libc_a-malloc.o)
                              CMakeFiles/RTOS_setup.dir/C_/Users/yoshi/.pico-sdk/sdk/2.0.0/src/rp2_common/pico_malloc/malloc.c.obj (malloc)
C:/Users/yoshi/.pico-sdk/toolchain/13_2_Rel1/bin/../lib/gcc/arm-none-eabi/13.2.1/thumb/v6-m/nofp\libg.a(libc_a-mallocr.o)
                              C:/Users/yoshi/.pico-sdk/toolchain/13_2_Rel1/bin/../lib/gcc/arm-none-eabi/13.2.1/thumb/v6-m/nofp\libg.a(libc_a-callocr.o) (_malloc_r)
C:/Users/yoshi/.pico-sdk/toolchain/13_2_Rel1/bin/../lib/gcc/arm-none-eabi/13.2.1/thumb/v6-m/nofp\libg.a(libc_a-mlock.o)
                              C:/Users/yoshi/.pico-sdk/toolchain/13_2_Rel1/bin/../lib/gcc/arm-none-eabi/13.2.1/thumb/v6-m/nofp\libg.a(libc_a-mallocr.o) (__malloc_lock)
C:/Users/yoshi/.pico-sdk/toolchain/13_2_Rel1/bin/../lib/gcc/arm-none-eabi/13.2.1/thumb/v6-m/nofp\libg.a(libc_a-realloc.o)
                              CMakeFiles/RTOS_setup.dir/C_/Users/yoshi/.pico-sdk/sdk/2.0.0/src/rp2_common/pico_malloc/malloc.c.obj (realloc)
C:/Users/yoshi/.pico-sdk/toolchain/13_2_Rel1/bin/../lib/gcc/arm-none-eabi/13.2.1/thumb/v6-m/nofp\libg.a(libc_a-reallocr.o)
                              C:/Users/yoshi/.pico-sdk/toolchain/13_2_Rel1/bin/../lib/gcc/arm-none-eabi/13.2.1/thumb/v6-m/nofp\libg.a(libc_a-realloc.o) (_realloc_r)
C:/Users/yoshi/.pico-sdk/toolchain/13_2_Rel1/bin/../lib/gcc/arm-none-eabi/13.2.1/thumb/v6-m/nofp\libg.a(libc_a-strtol.o)
                              C:/Users/yoshi/.pico-sdk/toolchain/13_2_Rel1/bin/../lib/gcc/arm-none-eabi/13.2.1/thumb/v6-m/nofp\libg.a(libc_a-atoi.o) (_strtol_r)
C:/Users/yoshi/.pico-sdk/toolchain/13_2_Rel1/bin/../lib/gcc/arm-none-eabi/13.2.1/thumb/v6-m/nofp\libg.a(libc_a-ctype_.o)
                              CMakeFiles/RTOS_setup.dir/C_/Users/yoshi/.pico-sdk/sdk/2.0.0/lib/lwip/src/core/dns.c.obj (_ctype_)
C:/Users/yoshi/.pico-sdk/toolchain/13_2_Rel1/bin/../lib/gcc/arm-none-eabi/13.2.1/thumb/v6-m/nofp\libg.a(libc_a-memcmp.o)
                              CMakeFiles/RTOS_setup.dir/C_/Users/yoshi/.pico-sdk/sdk/2.0.0/src/rp2_common/pico_atomic/atomic.c.obj (memcmp)
C:/Users/yoshi/.pico-sdk/toolchain/13_2_Rel1/bin/../lib/gcc/arm-none-eabi/13.2.1/thumb/v6-m/nofp\libg.a(libc_a-memmove.o)
                              CMakeFiles/RTOS_setup.dir/C_/Users/yoshi/.pico-sdk/sdk/2.0.0/lib/lwip/src/core/def.c.obj (memmove)
C:/Users/yoshi/.pico-sdk/toolchain/13_2_Rel1/bin/../lib/gcc/arm-none-eabi/13.2.1/thumb/v6-m/nofp\libg.a(libc_a-strncmp.o)
                              CMakeFiles/RTOS_setup.dir/C_/Users/yoshi/.pico-sdk/sdk/2.0.0/lib/lwip/src/core/def.c.obj (strncmp)
C:/Users/yoshi/.pico-sdk/toolchain/13_2_Rel1/bin/../lib/gcc/arm-none-eabi/13.2.1/thumb/v6-m/nofp\libg.a(libc_a-lcltime_r.o)
                              CMakeFiles/RTOS_setup.dir/C_/Users/yoshi/.pico-sdk/sdk/2.0.0/src/common/pico_util/datetime.c.obj (localtime_r)
C:/Users/yoshi/.pico-sdk/toolchain/13_2_Rel1/bin/../lib/gcc/arm-none-eabi/13.2.1/thumb/v6-m/nofp\libg.a(libc_a-mktime.o)
                              CMakeFiles/RTOS_setup.dir/C_/Users/yoshi/.pico-sdk/sdk/2.0.0/src/common/pico_util/datetime.c.obj (mktime)
C:/Users/yoshi/.pico-sdk/toolchain/13_2_Rel1/bin/../lib/gcc/arm-none-eabi/13.2.1/thumb/v6-m/nofp\libg.a(libc_a-month_lengths.o)
                              C:/Users/yoshi/.pico-sdk/toolchain/13_2_Rel1/bin/../lib/gcc/arm-none-eabi/13.2.1/thumb/v6-m/nofp\libg.a(libc_a-lcltime_r.o) (__month_lengths)
C:/Users/yoshi/.pico-sdk/toolchain/13_2_Rel1/bin/../lib/gcc/arm-none-eabi/13.2.1/thumb/v6-m/nofp\libg.a(libc_a-tzcalc_limits.o)
                              C:/Users/yoshi/.pico-sdk/toolchain/13_2_Rel1/bin/../lib/gcc/arm-none-eabi/13.2.1/thumb/v6-m/nofp\libg.a(libc_a-lcltime_r.o) (__tzcalc_limits)
[...]
Memory Configuration

Name             Origin             Length             Attributes
FLASH            0x10000000         0x00200000         xr
RAM              0x20000000         0x00040000         xrw
SCRATCH_X        0x20040000         0x00001000         xrw
SCRATCH_Y        0x20041000         0x00001000         xrw
*default*        0x00000000         0xffffffff

Linker script and memory map

LOAD C:/Users/yoshi/.pico-sdk/toolchain/13_2_Rel1/bin/../lib/gcc/arm-none-eabi/13.2.1/thumb/v6-m/nofp/crti.o
LOAD C:/Users/yoshi/.pico-sdk/toolchain/13_2_Rel1/bin/../lib/gcc/arm-none-eabi/13.2.1/thumb/v6-m/nofp/crtbegin.o
LOAD C:/Users/yoshi/.pico-sdk/toolchain/13_2_Rel1/bin/../lib/gcc/arm-none-eabi/13.2.1/thumb/v6-m/nofp/crt0.o

.flash_begin    0x10000000        0x0
                0x10000000                        __flash_binary_start = .

.boot2          0x10000000      0x100
                0x10000000                        __boot2_start__ = .
 *(.boot2)
 .boot2         0x10000000      0x100 C:\Users\yoshi\AppData\Local\Temp\ccVgBRum.o
                0x10000100                        __boot2_end__ = .
                0x00000001                        ASSERT (((__boot2_end__ - __boot2_start__) == 0x100), ERROR: Pico second stage bootloader must be 256 bytes in size)

.text           0x10000100    0x17680
                0x10000100                        __logical_binary_start = .
 *(.vectors)
 .vectors       0x10000100       0xd4 CMakeFiles/RTOS_setup.dir/C_/Users/yoshi/.pico-sdk/sdk/2.0.0/src/rp2_common/pico_crt0/crt0.S.obj
                0x10000100                __VECTOR_TABLE
                0x10000100                __vectors
                0x100001c0                isr_invalid
                0x100001c0                __default_isrs_start
                0x100001c2                isr_nmi
                0x100001c4                isr_hardfault
                0x100001c6                isr_svcall
                0x100001c8                isr_pendsv
                0x100001ca                isr_systick
                0x100001cc                isr_irq23
                0x100001cc                isr_irq18
                0x100001cc                isr_irq11
                0x100001cc                isr_irq28
                0x100001cc                isr_irq19
                0x100001cc                isr_irq0
                0x100001cc                isr_irq6
                0x100001cc                isr_irq5
                0x100001cc                isr_irq12
                0x100001cc                isr_irq22
                0x100001cc                isr_irq31
                0x100001cc                isr_irq17
                0x100001cc                isr_irq27
                0x100001cc                isr_irq30
                0x100001cc                isr_irq2
                0x100001cc                isr_irq10
                0x100001cc                isr_irq8
                0x100001cc                isr_irq24
                0x100001cc                isr_irq1
                0x100001cc                isr_irq7
                0x100001cc                isr_irq21
                0x100001cc                isr_irq20
                0x100001cc                isr_irq15
                0x100001cc                isr_irq25
                0x100001cc                isr_irq13
                0x100001cc                __unhandled_user_irq
                0x100001cc                isr_irq4
                0x100001cc                isr_irq16
                0x100001cc                isr_irq29
                0x100001cc                isr_irq26
                0x100001cc                __default_isrs_end
                0x100001cc                isr_irq3
                0x100001cc                isr_irq14
                0x100001cc                isr_irq9
                0x100001d2                unhandled_user_irq_num_in_r0
 *(.binary_info_header)
 .binary_info_header
                0x100001d4       0x14 CMakeFiles/RTOS_setup.dir/C_/Users/yoshi/.pico-sdk/sdk/2.0.0/src/rp2_common/pico_crt0/crt0.S.obj
                0x100001e8                        __binary_info_header_end = .
 *(.embedded_block)
                0x100001e8                        __embedded_block_end = .
 *(.reset)
 .reset         0x100001e8       0x9c CMakeFiles/RTOS_setup.dir/C_/Users/yoshi/.pico-sdk/sdk/2.0.0/src/rp2_common/pico_crt0/crt0.S.obj
                0x100001e8                _entry_point
 *(.init)
 .init          0x10000284        0x4 C:/Users/yoshi/.pico-sdk/toolchain/13_2_Rel1/bin/../lib/gcc/arm-none-eabi/13.2.1/thumb/v6-m/nofp/crti.o
                0x10000284                _init
 *(EXCLUDE_FILE(*libm.a: *libc.a:*lib_a-mem*.o *libgcc.a:) .text*)
 .text.register_tm_clones
                0x10000288       0x28 C:/Users/yoshi/.pico-sdk/toolchain/13_2_Rel1/bin/../lib/gcc/arm-none-eabi/13.2.1/thumb/v6-m/nofp/crtbegin.o
 .text.frame_dummy
                0x100002b0       0x24 C:/Users/yoshi/.pico-sdk/toolchain/13_2_Rel1/bin/../lib/gcc/arm-none-eabi/13.2.1/thumb/v6-m/nofp/crtbegin.o
 .text.startup.main
                0x100002d4       0xbc CMakeFiles/RTOS_setup.dir/RTOS_setup.cpp.obj
                0x100002d4                main
 .text.gpio_set_function
                0x10000390       0x34 CMakeFiles/RTOS_setup.dir/C_/Users/yoshi/.pico-sdk/sdk/2.0.0/src/rp2_common/hardware_gpio/gpio.c.obj
                0x10000390                gpio_set_function
 .text.gpio_set_pulls
                0x100003c4       0x28 CMakeFiles/RTOS_setup.dir/C_/Users/yoshi/.pico-sdk/sdk/2.0.0/src/rp2_common/hardware_gpio/gpio.c.obj
                0x100003c4                gpio_set_pulls
 .text.gpio_set_input_hysteresis_enabled
                0x100003ec       0x28 CMakeFiles/RTOS_setup.dir/C_/Users/yoshi/.pico-sdk/sdk/2.0.0/src/rp2_common/hardware_gpio/gpio.c.obj
                0x100003ec                gpio_set_input_hysteresis_enabled
 .text.gpio_set_irq_enabled
                0x10000414       0x58 CMakeFiles/RTOS_setup.dir/C_/Users/yoshi/.pico-sdk/sdk/2.0.0/src/rp2_common/hardware_gpio/gpio.c.obj
                0x10000414                gpio_set_irq_enabled
 .text.gpio_add_raw_irq_handler_with_order_priority_masked
                0x1000046c       0x44 CMakeFiles/RTOS_setup.dir/C_/Users/yoshi/.pico-sdk/sdk/2.0.0/src/rp2_common/hardware_gpio/gpio.c.obj
                0x1000046c                gpio_add_raw_irq_handler_with_order_priority_masked
 .text.gpio_remove_raw_irq_handler_masked
                0x100004b0       0x20 CMakeFiles/RTOS_setup.dir/C_/Users/yoshi/.pico-sdk/sdk/2.0.0/src/rp2_common/hardware_gpio/gpio.c.obj
                0x100004b0                gpio_remove_raw_irq_handler_masked
 .text.gpio_init
                0x100004d0       0x40 CMakeFiles/RTOS_setup.dir/C_/Users/yoshi/.pico-sdk/sdk/2.0.0/src/rp2_common/hardware_gpio/gpio.c.obj
                0x100004d0                gpio_init
 .text.rp2040_chip_version
                0x10000510        0xc CMakeFiles/RTOS_setup.dir/C_/Users/yoshi/.pico-sdk/sdk/2.0.0/src/rp2040/pico_platform/platform.c.obj
                0x10000510                rp2040_chip_version
 .text.panic    0x1000051c       0x30 CMakeFiles/RTOS_setup.dir/C_/Users/yoshi/.pico-sdk/sdk/2.0.0/src/rp2_common/pico_platform_panic/panic.c.obj
                0x1000051c                panic
 .text.hw_claim_lock
                0x1000054c       0x18 CMakeFiles/RTOS_setup.dir/C_/Users/yoshi/.pico-sdk/sdk/2.0.0/src/common/hardware_claim/claim.c.obj
                0x1000054c                hw_claim_lock
 .text.hw_claim_unlock
                0x10000564       0x14 CMakeFiles/RTOS_setup.dir/C_/Users/yoshi/.pico-sdk/sdk/2.0.0/src/common/hardware_claim/claim.c.obj
                0x10000564                hw_claim_unlock
 .text.hw_claim_or_assert
                0x10000578       0x44 CMakeFiles/RTOS_setup.dir/C_/Users/yoshi/.pico-sdk/sdk/2.0.0/src/common/hardware_claim/claim.c.obj
                0x10000578                hw_claim_or_assert
 .text.hw_claim_unused_from_range
                0x100005bc       0x9c CMakeFiles/RTOS_setup.dir/C_/Users/yoshi/.pico-sdk/sdk/2.0.0/src/common/hardware_claim/claim.c.obj
                0x100005bc                hw_claim_unused_from_range
 .text.hw_claim_clear
                0x10000658       0x38 CMakeFiles/RTOS_setup.dir/C_/Users/yoshi/.pico-sdk/sdk/2.0.0/src/common/hardware_claim/claim.c.obj
                0x10000658                hw_claim_clear
 .text.next_striped_spin_lock_num
                0x10000690       0x18 CMakeFiles/RTOS_setup.dir/C_/Users/yoshi/.pico-sdk/sdk/2.0.0/src/rp2_common/hardware_sync/sync.c.obj
                0x10000690                next_striped_spin_lock_num
 .text.spin_lock_claim_unused
                0x100006a8       0x24 CMakeFiles/RTOS_setup.dir/C_/Users/yoshi/.pico-sdk/sdk/2.0.0/src/rp2_common/hardware_sync/sync.c.obj
                0x100006a8                spin_lock_claim_unused
 .text.spin_locks_reset
                0x100006cc       0x1c CMakeFiles/RTOS_setup.dir/C_/Users/yoshi/.pico-sdk/sdk/2.0.0/src/rp2_common/hardware_sync_spin_lock/sync_spin_lock.c.obj
                0x100006cc                spin_locks_reset
 .text.runtime_init_per_core_irq_priorities
                0x100006e8       0x24 CMakeFiles/RTOS_setup.dir/C_/Users/yoshi/.pico-sdk/sdk/2.0.0/src/rp2_common/hardware_irq/irq.c.obj
                0x100006e8                runtime_init_per_core_irq_priorities
 .text.irq_set_enabled
                0x1000070c       0x24 CMakeFiles/RTOS_setup.dir/C_/Users/yoshi/.pico-sdk/sdk/2.0.0/src/rp2_common/hardware_irq/irq.c.obj
                0x1000070c                irq_set_enabled
 .text.irq_is_enabled
                0x10000730       0x18 CMakeFiles/RTOS_setup.dir/C_/Users/yoshi/.pico-sdk/sdk/2.0.0/src/rp2_common/hardware_irq/irq.c.obj
                0x10000730                irq_is_enabled
 .text.irq_set_pending
                0x10000748       0x10 CMakeFiles/RTOS_setup.dir/C_/Users/yoshi/.pico-sdk/sdk/2.0.0/src/rp2_common/hardware_irq/irq.c.obj
                0x10000748                irq_set_pending
 .text.irq_has_shared_handler
                0x10000758       0x2c CMakeFiles/RTOS_setup.dir/C_/Users/yoshi/.pico-sdk/sdk/2.0.0/src/rp2_common/hardware_irq/irq.c.obj
                0x10000758                irq_has_shared_handler
 .text.irq_set_exclusive_handler
                0x10000784       0x54 CMakeFiles/RTOS_setup.dir/C_/Users/yoshi/.pico-sdk/sdk/2.0.0/src/rp2_common/hardware_irq/irq.c.obj
                0x10000784                irq_set_exclusive_handler
 .text.irq_add_shared_handler
                0x100007d8      0x1f4 CMakeFiles/RTOS_setup.dir/C_/Users/yoshi/.pico-sdk/sdk/2.0.0/src/rp2_common/hardware_irq/irq.c.obj
                0x100007d8                irq_add_shared_handler
 .text.irq_remove_handler
                0x100009cc      0x1d4 CMakeFiles/RTOS_setup.dir/C_/Users/yoshi/.pico-sdk/sdk/2.0.0/src/rp2_common/hardware_irq/irq.c.obj
                0x100009cc                irq_remove_handler
 .text.irq_set_priority
                0x10000ba0       0x28 CMakeFiles/RTOS_setup.dir/C_/Users/yoshi/.pico-sdk/sdk/2.0.0/src/rp2_common/hardware_irq/irq.c.obj
                0x10000ba0                irq_set_priority
 .text.irq_add_tail_to_free_list
                0x10000bc8       0xb4 CMakeFiles/RTOS_setup.dir/C_/Users/yoshi/.pico-sdk/sdk/2.0.0/src/rp2_common/hardware_irq/irq.c.obj
                0x10000bc8                irq_add_tail_to_free_list
 .text.user_irq_unclaim
                0x10000c7c       0x14 CMakeFiles/RTOS_setup.dir/C_/Users/yoshi/.pico-sdk/sdk/2.0.0/src/rp2_common/hardware_irq/irq.c.obj
                0x10000c7c                user_irq_unclaim
 .text.user_irq_claim_unused
                0x10000c90       0x2c CMakeFiles/RTOS_setup.dir/C_/Users/yoshi/.pico-sdk/sdk/2.0.0/src/rp2_common/hardware_irq/irq.c.obj
                0x10000c90                user_irq_claim_unused
 .text.sem_init
                0x10000cbc       0x20 CMakeFiles/RTOS_setup.dir/C_/Users/yoshi/.pico-sdk/sdk/2.0.0/src/common/pico_sync/sem.c.obj
                0x10000cbc                sem_init
 .text.lock_init
                0x10000cdc       0x10 CMakeFiles/RTOS_setup.dir/C_/Users/yoshi/.pico-sdk/sdk/2.0.0/src/common/pico_sync/lock_core.c.obj
                0x10000cdc                lock_init
 .text.runtime_init_mutex
                0x10000cec       0x54 CMakeFiles/RTOS_setup.dir/C_/Users/yoshi/.pico-sdk/sdk/2.0.0/src/common/pico_sync/mutex.c.obj
                0x10000cec                runtime_init_mutex
 .text.mutex_init
                0x10000d40       0x1c CMakeFiles/RTOS_setup.dir/C_/Users/yoshi/.pico-sdk/sdk/2.0.0/src/common/pico_sync/mutex.c.obj
                0x10000d40                mutex_init
 .text.recursive_mutex_init
                0x10000d5c       0x20 CMakeFiles/RTOS_setup.dir/C_/Users/yoshi/.pico-sdk/sdk/2.0.0/src/common/pico_sync/mutex.c.obj
                0x10000d5c                recursive_mutex_init
 .text.critical_section_init
                0x10000d7c       0x1c CMakeFiles/RTOS_setup.dir/C_/Users/yoshi/.pico-sdk/sdk/2.0.0/src/common/pico_sync/critical_section.c.obj
                0x10000d7c                critical_section_init
 .text.critical_section_init_with_lock_num
                0x10000d98       0x14 CMakeFiles/RTOS_setup.dir/C_/Users/yoshi/.pico-sdk/sdk/2.0.0/src/common/pico_sync/critical_section.c.obj
                0x10000d98                critical_section_init_with_lock_num
 .text.alarm_pool_irq_handler
                0x10000dac      0x2e4 CMakeFiles/RTOS_setup.dir/C_/Users/yoshi/.pico-sdk/sdk/2.0.0/src/common/pico_time/time.c.obj
 .text.sleep_until_callback
                0x10001090       0x24 CMakeFiles/RTOS_setup.dir/C_/Users/yoshi/.pico-sdk/sdk/2.0.0/src/common/pico_time/time.c.obj
 .text.runtime_init_default_alarm_pool
                0x100010b4       0xdc CMakeFiles/RTOS_setup.dir/C_/Users/yoshi/.pico-sdk/sdk/2.0.0/src/common/pico_time/time.c.obj
                0x100010b4                runtime_init_default_alarm_pool
 .text.alarm_pool_get_default
                0x10001190        0x8 CMakeFiles/RTOS_setup.dir/C_/Users/yoshi/.pico-sdk/sdk/2.0.0/src/common/pico_time/time.c.obj
                0x10001190                alarm_pool_get_default
 .text.alarm_pool_create_on_timer_with_unused_hardware_alarm
                0x10001198       0xa8 CMakeFiles/RTOS_setup.dir/C_/Users/yoshi/.pico-sdk/sdk/2.0.0/src/common/pico_time/time.c.obj
                0x10001198                alarm_pool_create_on_timer_with_unused_hardware_alarm
 .text.alarm_pool_destroy
                0x10001240       0x58 CMakeFiles/RTOS_setup.dir/C_/Users/yoshi/.pico-sdk/sdk/2.0.0/src/common/pico_time/time.c.obj
                0x10001240                alarm_pool_destroy
 .text.alarm_pool_add_alarm_at
                0x10001298       0xd4 CMakeFiles/RTOS_setup.dir/C_/Users/yoshi/.pico-sdk/sdk/2.0.0/src/common/pico_time/time.c.obj
                0x10001298                alarm_pool_add_alarm_at
 .text.alarm_pool_add_alarm_at_force_in_context
                0x1000136c       0xb0 CMakeFiles/RTOS_setup.dir/C_/Users/yoshi/.pico-sdk/sdk/2.0.0/src/common/pico_time/time.c.obj
                0x1000136c                alarm_pool_add_alarm_at_force_in_context
 .text.alarm_pool_cancel_alarm
                0x1000141c       0x74 CMakeFiles/RTOS_setup.dir/C_/Users/yoshi/.pico-sdk/sdk/2.0.0/src/common/pico_time/time.c.obj
                0x1000141c                alarm_pool_cancel_alarm
 .text.alarm_pool_core_num
                0x10001490        0x4 CMakeFiles/RTOS_setup.dir/C_/Users/yoshi/.pico-sdk/sdk/2.0.0/src/common/pico_time/time.c.obj
                0x10001490                alarm_pool_core_num
 .text.sleep_until
                0x10001494       0xcc CMakeFiles/RTOS_setup.dir/C_/Users/yoshi/.pico-sdk/sdk/2.0.0/src/common/pico_time/time.c.obj
                0x10001494                sleep_until
 .text.sleep_ms
                0x10001560       0x38 CMakeFiles/RTOS_setup.dir/C_/Users/yoshi/.pico-sdk/sdk/2.0.0/src/common/pico_time/time.c.obj
                0x10001560                sleep_ms
 .text.best_effort_wfe_or_timeout
                0x10001598      0x134 CMakeFiles/RTOS_setup.dir/C_/Users/yoshi/.pico-sdk/sdk/2.0.0/src/common/pico_time/time.c.obj
                0x10001598                best_effort_wfe_or_timeout
 .text.alarm_pool_get_default_timer
                0x100016cc        0x8 CMakeFiles/RTOS_setup.dir/C_/Users/yoshi/.pico-sdk/sdk/2.0.0/src/common/pico_time/time.c.obj
                0x100016cc                alarm_pool_get_default_timer
 .text.timer_hardware_alarm_claim
                0x100016d4       0x14 CMakeFiles/RTOS_setup.dir/C_/Users/yoshi/.pico-sdk/sdk/2.0.0/src/rp2_common/hardware_timer/timer.c.obj
                0x100016d4                timer_hardware_alarm_claim
 .text.hardware_alarm_unclaim
                0x100016e8       0x14 CMakeFiles/RTOS_setup.dir/C_/Users/yoshi/.pico-sdk/sdk/2.0.0/src/rp2_common/hardware_timer/timer.c.obj
                0x100016e8                hardware_alarm_unclaim
 .text.timer_hardware_alarm_claim_unused
                0x100016fc       0x20 CMakeFiles/RTOS_setup.dir/C_/Users/yoshi/.pico-sdk/sdk/2.0.0/src/rp2_common/hardware_timer/timer.c.obj
                0x100016fc                timer_hardware_alarm_claim_unused
 .text.timer_time_us_64
                0x1000171c       0x10 CMakeFiles/RTOS_setup.dir/C_/Users/yoshi/.pico-sdk/sdk/2.0.0/src/rp2_common/hardware_timer/timer.c.obj
                0x1000171c                timer_time_us_64
 .text.time_us_64
                0x1000172c       0x14 CMakeFiles/RTOS_setup.dir/C_/Users/yoshi/.pico-sdk/sdk/2.0.0/src/rp2_common/hardware_timer/timer.c.obj
                0x1000172c                time_us_64
 .text.busy_wait_until
                0x10001740       0x20 CMakeFiles/RTOS_setup.dir/C_/Users/yoshi/.pico-sdk/sdk/2.0.0/src/rp2_common/hardware_timer/timer.c.obj
                0x10001740                busy_wait_until
 .text.clock_configure_int_divider
                0x10001760       0xf4 CMakeFiles/RTOS_setup.dir/C_/Users/yoshi/.pico-sdk/sdk/2.0.0/src/rp2_common/hardware_clocks/clocks.c.obj
                0x10001760                clock_configure_int_divider
 .text.clock_configure_undivided
                0x10001854       0xe8 CMakeFiles/RTOS_setup.dir/C_/Users/yoshi/.pico-sdk/sdk/2.0.0/src/rp2_common/hardware_clocks/clocks.c.obj
                0x10001854                clock_configure_undivided
 .text.clock_get_hz
                0x1000193c        0xc CMakeFiles/RTOS_setup.dir/C_/Users/yoshi/.pico-sdk/sdk/2.0.0/src/rp2_common/hardware_clocks/clocks.c.obj
                0x1000193c                clock_get_hz
 .text.pll_init
                0x10001948       0xa4 CMakeFiles/RTOS_setup.dir/C_/Users/yoshi/.pico-sdk/sdk/2.0.0/src/rp2_common/hardware_pll/pll.c.obj
                0x10001948                pll_init
 .text.watchdog_reboot
                0x100019ec       0x9c CMakeFiles/RTOS_setup.dir/C_/Users/yoshi/.pico-sdk/sdk/2.0.0/src/rp2_common/hardware_watchdog/watchdog.c.obj
                0x100019ec                watchdog_reboot
 .text.tick_start
                0x10001a88       0x10 CMakeFiles/RTOS_setup.dir/C_/Users/yoshi/.pico-sdk/sdk/2.0.0/src/rp2_common/hardware_ticks/ticks.c.obj
                0x10001a88                tick_start
 .text.xosc_init
                0x10001a98       0x28 CMakeFiles/RTOS_setup.dir/C_/Users/yoshi/.pico-sdk/sdk/2.0.0/src/rp2_common/hardware_xosc/xosc.c.obj
                0x10001a98                xosc_init
 .text.first_per_core_initializer
                0x10001ac0        0x4 CMakeFiles/RTOS_setup.dir/C_/Users/yoshi/.pico-sdk/sdk/2.0.0/src/rp2_common/pico_runtime/runtime.c.obj
 .text.hard_assertion_failure
                0x10001ac4        0xc CMakeFiles/RTOS_setup.dir/C_/Users/yoshi/.pico-sdk/sdk/2.0.0/src/rp2_common/pico_runtime/runtime.c.obj
                0x10001ac4                hard_assertion_failure
 .text.runtime_run_initializers
                0x10001ad0       0x28 CMakeFiles/RTOS_setup.dir/C_/Users/yoshi/.pico-sdk/sdk/2.0.0/src/rp2_common/pico_runtime/runtime.c.obj
                0x10001ad0                runtime_run_initializers
 .text.runtime_init_early_resets
                0x10001af8       0x2c CMakeFiles/RTOS_setup.dir/C_/Users/yoshi/.pico-sdk/sdk/2.0.0/src/rp2_common/pico_runtime_init/runtime_init.c.obj
                0x10001af8                runtime_init_early_resets
 .text.runtime_init_usb_power_down
                0x10001b24       0x1c CMakeFiles/RTOS_setup.dir/C_/Users/yoshi/.pico-sdk/sdk/2.0.0/src/rp2_common/pico_runtime_init/runtime_init.c.obj
                0x10001b24                runtime_init_usb_power_down
 .text.runtime_init_post_clock_resets
                0x10001b40       0x20 CMakeFiles/RTOS_setup.dir/C_/Users/yoshi/.pico-sdk/sdk/2.0.0/src/rp2_common/pico_runtime_init/runtime_init.c.obj
                0x10001b40                runtime_init_post_clock_resets
 .text.runtime_init_rp2040_gpio_ie_disable
                0x10001b60       0x14 CMakeFiles/RTOS_setup.dir/C_/Users/yoshi/.pico-sdk/sdk/2.0.0/src/rp2_common/pico_runtime_init/runtime_init.c.obj
                0x10001b60                runtime_init_rp2040_gpio_ie_disable
 .text.runtime_init_spin_locks_reset
                0x10001b74        0x8 CMakeFiles/RTOS_setup.dir/C_/Users/yoshi/.pico-sdk/sdk/2.0.0/src/rp2_common/pico_runtime_init/runtime_init.c.obj
                0x10001b74                runtime_init_spin_locks_reset
 .text.runtime_init_install_ram_vector_table
                0x10001b7c       0x1c CMakeFiles/RTOS_setup.dir/C_/Users/yoshi/.pico-sdk/sdk/2.0.0/src/rp2_common/pico_runtime_init/runtime_init.c.obj
                0x10001b7c                runtime_init_install_ram_vector_table
 .text.runtime_init_clocks
                0x10001b98       0xd8 CMakeFiles/RTOS_setup.dir/C_/Users/yoshi/.pico-sdk/sdk/2.0.0/src/rp2_common/pico_runtime_init/runtime_init_clocks.c.obj
                0x10001b98                runtime_init_clocks
 .text          0x10001c70       0x10 CMakeFiles/RTOS_setup.dir/C_/Users/yoshi/.pico-sdk/sdk/2.0.0/src/rp2_common/pico_bit_ops/bit_ops_aeabi.S.obj
 .text.ctzsi    0x10001c80        0xc CMakeFiles/RTOS_setup.dir/C_/Users/yoshi/.pico-sdk/sdk/2.0.0/src/rp2_common/pico_bit_ops/bit_ops_aeabi.S.obj
                0x10001c80                __wrap___ctzsi2
 .text.rom_func_lookup
                0x10001c8c       0x10 CMakeFiles/RTOS_setup.dir/C_/Users/yoshi/.pico-sdk/sdk/2.0.0/src/rp2_common/pico_bootrom/bootrom.c.obj
                0x10001c8c                rom_func_lookup
 .text.rom_data_lookup
                0x10001c9c       0x10 CMakeFiles/RTOS_setup.dir/C_/Users/yoshi/.pico-sdk/sdk/2.0.0/src/rp2_common/pico_bootrom/bootrom.c.obj
                0x10001c9c                rom_data_lookup
 .text.rom_funcs_lookup
                0x10001cac       0x44 CMakeFiles/RTOS_setup.dir/C_/Users/yoshi/.pico-sdk/sdk/2.0.0/src/rp2_common/pico_bootrom/bootrom.c.obj
                0x10001cac                rom_funcs_lookup
 .text.rom_reset_usb_boot
                0x10001cf0       0x20 CMakeFiles/RTOS_setup.dir/C_/Users/yoshi/.pico-sdk/sdk/2.0.0/src/rp2_common/pico_bootrom/bootrom.c.obj
                0x10001cf0                rom_reset_usb_boot
 .text.__wrap___aeabi_idiv
                0x10001d10       0x50 CMakeFiles/RTOS_setup.dir/C_/Users/yoshi/.pico-sdk/sdk/2.0.0/src/rp2_common/pico_divider/divider_hardware.S.obj
                0x10001d10                __wrap___aeabi_idivmod
                0x10001d10                divmod_s32s32
                0x10001d10                div_s32s32
                0x10001d10                __wrap___aeabi_idiv
                0x10001d18                divmod_s32s32_unsafe
                0x10001d44                divmod_s32s32_savestate
 .text.__wrap___aeabi_uidiv
                0x10001d60       0x4c CMakeFiles/RTOS_setup.dir/C_/Users/yoshi/.pico-sdk/sdk/2.0.0/src/rp2_common/pico_divider/divider_hardware.S.obj
                0x10001d60                __wrap___aeabi_uidiv
                0x10001d60                __wrap___aeabi_uidivmod
                0x10001d60                div_u32u32
                0x10001d60                divmod_u32u32
                0x10001d68                divmod_u32u32_unsafe
                0x10001d90                divmod_u32u32_savestate
 .text.__wrap___aeabi_ldiv
                0x10001dac      0x424 CMakeFiles/RTOS_setup.dir/C_/Users/yoshi/.pico-sdk/sdk/2.0.0/src/rp2_common/pico_divider/divider_hardware.S.obj
                0x10001dac                div_s64s64
                0x10001dac                divmod_s64s64
                0x10001dac                __wrap___aeabi_ldivmod
                0x10001ddc                divmod_u64u64
                0x10001ddc                div_u64u64
                0x10001ddc                __wrap___aeabi_uldivmod
                0x10001dec                divmod_u64u64_savestate
                0x10001e0c                divmod_s64s64_unsafe
                0x10001e94                divmod_u64u64_unsafe
 .text.__wrap___aeabi_darithmetic
                0x100021d0       0x60 CMakeFiles/RTOS_setup.dir/C_/Users/yoshi/.pico-sdk/sdk/2.0.0/src/rp2_common/pico_double/double_aeabi_rp2040.S.obj
                0x100021d0                __wrap___aeabi_drsub
                0x100021d6                __wrap___aeabi_dsub
                0x100021e0                __wrap___aeabi_dadd
                0x100021ea                __wrap___aeabi_ddiv
                0x1000221e                __wrap___aeabi_dmul
 .text.__wrap___aeabi_cdcmple
                0x10002230       0x6c CMakeFiles/RTOS_setup.dir/C_/Users/yoshi/.pico-sdk/sdk/2.0.0/src/rp2_common/pico_double/double_aeabi_rp2040.S.obj
                0x10002230                __wrap___aeabi_cdrcmple
                0x10002240                __wrap___aeabi_cdcmpeq
                0x10002240                __wrap___aeabi_cdcmple
 .text.__wrap___aeabi_dcmplt
                0x1000229c        0xc CMakeFiles/RTOS_setup.dir/C_/Users/yoshi/.pico-sdk/sdk/2.0.0/src/rp2_common/pico_double/double_aeabi_rp2040.S.obj
                0x1000229c                __wrap___aeabi_dcmplt
 .text.__wrap___aeabi_dcmpge
                0x100022a8       0x10 CMakeFiles/RTOS_setup.dir/C_/Users/yoshi/.pico-sdk/sdk/2.0.0/src/rp2_common/pico_double/double_aeabi_rp2040.S.obj
                0x100022a8                __wrap___aeabi_dcmpge
 .text.__wrap___aeabi_dcmpgt
                0x100022b8        0xa CMakeFiles/RTOS_setup.dir/C_/Users/yoshi/.pico-sdk/sdk/2.0.0/src/rp2_common/pico_double/double_aeabi_rp2040.S.obj
                0x100022b8                __wrap___aeabi_dcmpgt
 .text.__wrap___aeabi_dcmpun
                0x100022c2       0x18 CMakeFiles/RTOS_setup.dir/C_/Users/yoshi/.pico-sdk/sdk/2.0.0/src/rp2_common/pico_double/double_aeabi_rp2040.S.obj
                0x100022c2                __wrap___aeabi_dcmpun
 *fill*         0x100022da        0x2 
 .text.__wrap___aeabi_i2d
                0x100022dc       0x38 CMakeFiles/RTOS_setup.dir/C_/Users/yoshi/.pico-sdk/sdk/2.0.0/src/rp2_common/pico_double/double_aeabi_rp2040.S.obj
                0x100022dc                __wrap___aeabi_ui2d
                0x100022e4                __wrap___aeabi_i2d
 .text.__wrap___aeabi_d2iz
                0x10002314       0x48 CMakeFiles/RTOS_setup.dir/C_/Users/yoshi/.pico-sdk/sdk/2.0.0/src/rp2_common/pico_double/double_aeabi_rp2040.S.obj
                0x10002314                double2int_z
                0x10002314                __wrap___aeabi_d2iz
 .text.__wrap___aeabi_d2uiz
                0x1000235c       0x10 CMakeFiles/RTOS_setup.dir/C_/Users/yoshi/.pico-sdk/sdk/2.0.0/src/rp2_common/pico_double/double_aeabi_rp2040.S.obj
                0x1000235c                __wrap___aeabi_d2uiz
                0x1000235c                double2uint
 .text.missing_double_func_shim
                0x1000236c        0xc CMakeFiles/RTOS_setup.dir/C_/Users/yoshi/.pico-sdk/sdk/2.0.0/src/rp2_common/pico_double/double_init_rom_rp2040.c.obj
 .text.__aeabi_double_init
                0x10002378       0xa0 CMakeFiles/RTOS_setup.dir/C_/Users/yoshi/.pico-sdk/sdk/2.0.0/src/rp2_common/pico_double/double_init_rom_rp2040.c.obj
                0x10002378                __aeabi_double_init
 .text.double_table_shim_on_use_helper
                0x10002418       0x2c CMakeFiles/RTOS_setup.dir/C_/Users/yoshi/.pico-sdk/sdk/2.0.0/src/rp2_common/pico_double/double_v1_rom_shim_rp2040.S.obj
                0x10002418                double_table_shim_on_use_helper
 .text.__aeabi_lmul
                0x10002444       0x32 CMakeFiles/RTOS_setup.dir/C_/Users/yoshi/.pico-sdk/sdk/2.0.0/src/rp2_common/pico_int64_ops/pico_int64_ops_aeabi.S.obj
                0x10002444                __wrap___aeabi_lmul
 *fill*         0x10002476        0x2 
 .text.missing_float_func_shim
                0x10002478        0xc CMakeFiles/RTOS_setup.dir/C_/Users/yoshi/.pico-sdk/sdk/2.0.0/src/rp2_common/pico_float/float_init_rom_rp2040.c.obj
 .text.__aeabi_float_init
                0x10002484       0x5c CMakeFiles/RTOS_setup.dir/C_/Users/yoshi/.pico-sdk/sdk/2.0.0/src/rp2_common/pico_float/float_init_rom_rp2040.c.obj
                0x10002484                __aeabi_float_init
 .text.__wrap_malloc
                0x100024e0       0x3c CMakeFiles/RTOS_setup.dir/C_/Users/yoshi/.pico-sdk/sdk/2.0.0/src/rp2_common/pico_malloc/malloc.c.obj
                0x100024e0                __wrap_malloc
 .text.__wrap_calloc
                0x1000251c       0x44 CMakeFiles/RTOS_setup.dir/C_/Users/yoshi/.pico-sdk/sdk/2.0.0/src/rp2_common/pico_malloc/malloc.c.obj
                0x1000251c                __wrap_calloc
 .text.__wrap_free
                0x10002560       0x20 CMakeFiles/RTOS_setup.dir/C_/Users/yoshi/.pico-sdk/sdk/2.0.0/src/rp2_common/pico_malloc/malloc.c.obj
                0x10002560                __wrap_free
 .text          0x10002580       0x10 CMakeFiles/RTOS_setup.dir/C_/Users/yoshi/.pico-sdk/sdk/2.0.0/src/rp2_common/pico_mem_ops/mem_ops_aeabi.S.obj
                0x10002580                __aeabi_mem_init
 .text.memset   0x10002590        0xc CMakeFiles/RTOS_setup.dir/C_/Users/yoshi/.pico-sdk/sdk/2.0.0/src/rp2_common/pico_mem_ops/mem_ops_aeabi.S.obj
                0x10002590                __wrap_memset
 .text.memcpy   0x1000259c        0xc CMakeFiles/RTOS_setup.dir/C_/Users/yoshi/.pico-sdk/sdk/2.0.0/src/rp2_common/pico_mem_ops/mem_ops_aeabi.S.obj
                0x1000259c                __wrap_memcpy
                0x1000259c                __wrap___aeabi_memcpy
 .text._out_null
                0x100025a8        0x4 CMakeFiles/RTOS_setup.dir/C_/Users/yoshi/.pico-sdk/sdk/2.0.0/src/rp2_common/pico_printf/printf.c.obj
 .text._out_rev
                0x100025ac       0xac CMakeFiles/RTOS_setup.dir/C_/Users/yoshi/.pico-sdk/sdk/2.0.0/src/rp2_common/pico_printf/printf.c.obj
 .text._ntoa_format
                0x10002658      0x250 CMakeFiles/RTOS_setup.dir/C_/Users/yoshi/.pico-sdk/sdk/2.0.0/src/rp2_common/pico_printf/printf.c.obj
 .text._out_char
                0x100028a8       0x10 CMakeFiles/RTOS_setup.dir/C_/Users/yoshi/.pico-sdk/sdk/2.0.0/src/rp2_common/pico_printf/printf.c.obj
 .text._out_fct
                0x100028b8       0x10 CMakeFiles/RTOS_setup.dir/C_/Users/yoshi/.pico-sdk/sdk/2.0.0/src/rp2_common/pico_printf/printf.c.obj
 .text._etoa    0x100028c8      0x464 CMakeFiles/RTOS_setup.dir/C_/Users/yoshi/.pico-sdk/sdk/2.0.0/src/rp2_common/pico_printf/printf.c.obj
 .text._ftoa    0x10002d2c      0x3c0 CMakeFiles/RTOS_setup.dir/C_/Users/yoshi/.pico-sdk/sdk/2.0.0/src/rp2_common/pico_printf/printf.c.obj
 .text._vsnprintf
                0x100030ec      0xbc8 CMakeFiles/RTOS_setup.dir/C_/Users/yoshi/.pico-sdk/sdk/2.0.0/src/rp2_common/pico_printf/printf.c.obj
 .text.vfctprintf
                0x10003cb4       0x20 CMakeFiles/RTOS_setup.dir/C_/Users/yoshi/.pico-sdk/sdk/2.0.0/src/rp2_common/pico_printf/printf.c.obj
                0x10003cb4                vfctprintf
 .text.weak_raw_vprintf
                0x10003cd4       0x30 CMakeFiles/RTOS_setup.dir/C_/Users/yoshi/.pico-sdk/sdk/2.0.0/src/rp2_common/pico_printf/printf.c.obj
                0x10003cd4                weak_raw_vprintf
 .text._exit    0x10003d04        0x4 CMakeFiles/RTOS_setup.dir/C_/Users/yoshi/.pico-sdk/sdk/2.0.0/src/rp2_common/pico_clib_interface/newlib_interface.c.obj
                0x10003d04                _exit
 .text._sbrk    0x10003d08       0x34 CMakeFiles/RTOS_setup.dir/C_/Users/yoshi/.pico-sdk/sdk/2.0.0/src/rp2_common/pico_clib_interface/newlib_interface.c.obj
                0x10003d08                _sbrk
 .text.exit     0x10003d3c        0x8 CMakeFiles/RTOS_setup.dir/C_/Users/yoshi/.pico-sdk/sdk/2.0.0/src/rp2_common/pico_clib_interface/newlib_interface.c.obj
                0x10003d3c                exit
 .text.runtime_init
                0x10003d44       0x2c CMakeFiles/RTOS_setup.dir/C_/Users/yoshi/.pico-sdk/sdk/2.0.0/src/rp2_common/pico_clib_interface/newlib_interface.c.obj
                0x10003d44                runtime_init
 .text.stdio_out_chars_no_crlf
                0x10003d70       0x10 CMakeFiles/RTOS_setup.dir/C_/Users/yoshi/.pico-sdk/sdk/2.0.0/src/rp2_common/pico_stdio/stdio.c.obj
 .text.stdio_out_chars_crlf
                0x10003d80       0x94 CMakeFiles/RTOS_setup.dir/C_/Users/yoshi/.pico-sdk/sdk/2.0.0/src/rp2_common/pico_stdio/stdio.c.obj
 .text.stdio_buffered_printer
                0x10003e14       0x64 CMakeFiles/RTOS_setup.dir/C_/Users/yoshi/.pico-sdk/sdk/2.0.0/src/rp2_common/pico_stdio/stdio.c.obj
 .text.stdio_put_string
                0x10003e78      0x100 CMakeFiles/RTOS_setup.dir/C_/Users/yoshi/.pico-sdk/sdk/2.0.0/src/rp2_common/pico_stdio/stdio.c.obj
                0x10003e78                stdio_put_string
 .text.stdio_set_driver_enabled
                0x10003f78       0x30 CMakeFiles/RTOS_setup.dir/C_/Users/yoshi/.pico-sdk/sdk/2.0.0/src/rp2_common/pico_stdio/stdio.c.obj
                0x10003f78                stdio_set_driver_enabled
 .text.stdio_init_all
                0x10003fa8        0x8 CMakeFiles/RTOS_setup.dir/C_/Users/yoshi/.pico-sdk/sdk/2.0.0/src/rp2_common/pico_stdio/stdio.c.obj
                0x10003fa8                stdio_init_all
 .text.__wrap_putchar
                0x10003fb0       0x98 CMakeFiles/RTOS_setup.dir/C_/Users/yoshi/.pico-sdk/sdk/2.0.0/src/rp2_common/pico_stdio/stdio.c.obj
                0x10003fb0                __wrap_putchar
                0x10003fb0                stdio_putchar
 .text.__wrap_puts
                0x10004048       0x3c CMakeFiles/RTOS_setup.dir/C_/Users/yoshi/.pico-sdk/sdk/2.0.0/src/rp2_common/pico_stdio/stdio.c.obj
                0x10004048                stdio_puts
                0x10004048                __wrap_puts
 .text.__wrap_vprintf
                0x10004084       0xd4 CMakeFiles/RTOS_setup.dir/C_/Users/yoshi/.pico-sdk/sdk/2.0.0/src/rp2_common/pico_stdio/stdio.c.obj
                0x10004084                stdio_vprintf
                0x10004084                __wrap_vprintf
 .text.__wrap_printf
                0x10004158       0x18 CMakeFiles/RTOS_setup.dir/C_/Users/yoshi/.pico-sdk/sdk/2.0.0/src/rp2_common/pico_stdio/stdio.c.obj
                0x10004158                __wrap_printf
                0x10004158                stdio_printf
 .text.resetd_init
                0x10004170        0x4 CMakeFiles/RTOS_setup.dir/C_/Users/yoshi/.pico-sdk/sdk/2.0.0/src/rp2_common/pico_stdio_usb/reset_interface.c.obj
 .text.resetd_reset
                0x10004174        0xc CMakeFiles/RTOS_setup.dir/C_/Users/yoshi/.pico-sdk/sdk/2.0.0/src/rp2_common/pico_stdio_usb/reset_interface.c.obj
 .text.resetd_open
                0x10004180       0x28 CMakeFiles/RTOS_setup.dir/C_/Users/yoshi/.pico-sdk/sdk/2.0.0/src/rp2_common/pico_stdio_usb/reset_interface.c.obj
 .text.resetd_xfer_cb
                0x100041a8        0x4 CMakeFiles/RTOS_setup.dir/C_/Users/yoshi/.pico-sdk/sdk/2.0.0/src/rp2_common/pico_stdio_usb/reset_interface.c.obj
 .text.resetd_control_xfer_cb
                0x100041ac       0x54 CMakeFiles/RTOS_setup.dir/C_/Users/yoshi/.pico-sdk/sdk/2.0.0/src/rp2_common/pico_stdio_usb/reset_interface.c.obj
 .text.tud_descriptor_bos_cb
                0x10004200        0x8 CMakeFiles/RTOS_setup.dir/C_/Users/yoshi/.pico-sdk/sdk/2.0.0/src/rp2_common/pico_stdio_usb/reset_interface.c.obj
                0x10004200                tud_descriptor_bos_cb
 .text.tud_vendor_control_xfer_cb
                0x10004208       0x34 CMakeFiles/RTOS_setup.dir/C_/Users/yoshi/.pico-sdk/sdk/2.0.0/src/rp2_common/pico_stdio_usb/reset_interface.c.obj
                0x10004208                tud_vendor_control_xfer_cb
 .text.usbd_app_driver_get_cb
                0x1000423c        0xc CMakeFiles/RTOS_setup.dir/C_/Users/yoshi/.pico-sdk/sdk/2.0.0/src/rp2_common/pico_stdio_usb/reset_interface.c.obj
                0x1000423c                usbd_app_driver_get_cb
 .text.tud_cdc_line_coding_cb
                0x10004248       0x28 CMakeFiles/RTOS_setup.dir/C_/Users/yoshi/.pico-sdk/sdk/2.0.0/src/rp2_common/pico_stdio_usb/reset_interface.c.obj
                0x10004248                tud_cdc_line_coding_cb
 .text.stdio_usb_set_chars_available_callback
                0x10004270       0x14 CMakeFiles/RTOS_setup.dir/C_/Users/yoshi/.pico-sdk/sdk/2.0.0/src/rp2_common/pico_stdio_usb/stdio_usb.c.obj
                0x10004270                stdio_usb_set_chars_available_callback
 .text.usb_irq  0x10004284       0x10 CMakeFiles/RTOS_setup.dir/C_/Users/yoshi/.pico-sdk/sdk/2.0.0/src/rp2_common/pico_stdio_usb/stdio_usb.c.obj
 .text.timer_task
                0x10004294       0x64 CMakeFiles/RTOS_setup.dir/C_/Users/yoshi/.pico-sdk/sdk/2.0.0/src/rp2_common/pico_stdio_usb/stdio_usb.c.obj
 .text.stdio_usb_in_chars
                0x100042f8       0x90 CMakeFiles/RTOS_setup.dir/C_/Users/yoshi/.pico-sdk/sdk/2.0.0/src/rp2_common/pico_stdio_usb/stdio_usb.c.obj
                0x100042f8                stdio_usb_in_chars
 .text.stdio_usb_out_flush
                0x10004388       0x50 CMakeFiles/RTOS_setup.dir/C_/Users/yoshi/.pico-sdk/sdk/2.0.0/src/rp2_common/pico_stdio_usb/stdio_usb.c.obj
 .text.stdio_usb_out_chars
                0x100043d8      0x104 CMakeFiles/RTOS_setup.dir/C_/Users/yoshi/.pico-sdk/sdk/2.0.0/src/rp2_common/pico_stdio_usb/stdio_usb.c.obj
 .text.low_priority_worker_irq
                0x100044dc       0xcc CMakeFiles/RTOS_setup.dir/C_/Users/yoshi/.pico-sdk/sdk/2.0.0/src/rp2_common/pico_stdio_usb/stdio_usb.c.obj
 .text.stdio_usb_init
                0x100045a8       0xe8 CMakeFiles/RTOS_setup.dir/C_/Users/yoshi/.pico-sdk/sdk/2.0.0/src/rp2_common/pico_stdio_usb/stdio_usb.c.obj
                0x100045a8                stdio_usb_init
 .text.tud_descriptor_device_cb
                0x10004690        0x8 CMakeFiles/RTOS_setup.dir/C_/Users/yoshi/.pico-sdk/sdk/2.0.0/src/rp2_common/pico_stdio_usb/stdio_usb_descriptors.c.obj
                0x10004690                tud_descriptor_device_cb
 .text.tud_descriptor_configuration_cb
                0x10004698        0x8 CMakeFiles/RTOS_setup.dir/C_/Users/yoshi/.pico-sdk/sdk/2.0.0/src/rp2_common/pico_stdio_usb/stdio_usb_descriptors.c.obj
                0x10004698                tud_descriptor_configuration_cb
 .text.tud_descriptor_string_cb
                0x100046a0       0x78 CMakeFiles/RTOS_setup.dir/C_/Users/yoshi/.pico-sdk/sdk/2.0.0/src/rp2_common/pico_stdio_usb/stdio_usb_descriptors.c.obj
                0x100046a0                tud_descriptor_string_cb
 .text.startup._retrieve_unique_id_on_boot
                0x10004718       0x10 CMakeFiles/RTOS_setup.dir/C_/Users/yoshi/.pico-sdk/sdk/2.0.0/src/rp2_common/pico_unique_id/unique_id.c.obj
 .text.pico_get_unique_board_id
                0x10004728       0x10 CMakeFiles/RTOS_setup.dir/C_/Users/yoshi/.pico-sdk/sdk/2.0.0/src/rp2_common/pico_unique_id/unique_id.c.obj
                0x10004728                pico_get_unique_board_id
 .text.pico_get_unique_board_id_string
                0x10004738      0x1a8 CMakeFiles/RTOS_setup.dir/C_/Users/yoshi/.pico-sdk/sdk/2.0.0/src/rp2_common/pico_unique_id/unique_id.c.obj
                0x10004738                pico_get_unique_board_id_string
 .text.flash_get_unique_id
                0x100048e0       0x3c CMakeFiles/RTOS_setup.dir/C_/Users/yoshi/.pico-sdk/sdk/2.0.0/src/rp2_common/hardware_flash/flash.c.obj
                0x100048e0                flash_get_unique_id
 .text.dcd_init
                0x1000491c       0x8c CMakeFiles/RTOS_setup.dir/C_/Users/yoshi/.pico-sdk/sdk/2.0.0/lib/tinyusb/src/portable/raspberrypi/rp2040/dcd_rp2040.c.obj
                0x1000491c                dcd_init
 .text.dcd_int_enable
                0x100049a8        0xc CMakeFiles/RTOS_setup.dir/C_/Users/yoshi/.pico-sdk/sdk/2.0.0/lib/tinyusb/src/portable/raspberrypi/rp2040/dcd_rp2040.c.obj
                0x100049a8                dcd_int_enable
 .text.dcd_set_address
                0x100049b4       0x14 CMakeFiles/RTOS_setup.dir/C_/Users/yoshi/.pico-sdk/sdk/2.0.0/lib/tinyusb/src/portable/raspberrypi/rp2040/dcd_rp2040.c.obj
                0x100049b4                dcd_set_address
 .text.dcd_sof_enable
                0x100049c8       0x1c CMakeFiles/RTOS_setup.dir/C_/Users/yoshi/.pico-sdk/sdk/2.0.0/lib/tinyusb/src/portable/raspberrypi/rp2040/dcd_rp2040.c.obj
                0x100049c8                dcd_sof_enable
 .text.dcd_edpt0_status_complete
                0x100049e4       0x1c CMakeFiles/RTOS_setup.dir/C_/Users/yoshi/.pico-sdk/sdk/2.0.0/lib/tinyusb/src/portable/raspberrypi/rp2040/dcd_rp2040.c.obj
                0x100049e4                dcd_edpt0_status_complete
 .text.dcd_edpt_open
                0x10004a00      0x108 CMakeFiles/RTOS_setup.dir/C_/Users/yoshi/.pico-sdk/sdk/2.0.0/lib/tinyusb/src/portable/raspberrypi/rp2040/dcd_rp2040.c.obj
                0x10004a00                dcd_edpt_open
 .text.dcd_edpt_close_all
                0x10004b08        0x8 CMakeFiles/RTOS_setup.dir/C_/Users/yoshi/.pico-sdk/sdk/2.0.0/lib/tinyusb/src/portable/raspberrypi/rp2040/dcd_rp2040.c.obj
                0x10004b08                dcd_edpt_close_all
 .text.dcd_edpt_xfer
                0x10004b10       0x24 CMakeFiles/RTOS_setup.dir/C_/Users/yoshi/.pico-sdk/sdk/2.0.0/lib/tinyusb/src/portable/raspberrypi/rp2040/dcd_rp2040.c.obj
                0x10004b10                dcd_edpt_xfer
 .text.dcd_edpt_stall
                0x10004b34       0x34 CMakeFiles/RTOS_setup.dir/C_/Users/yoshi/.pico-sdk/sdk/2.0.0/lib/tinyusb/src/portable/raspberrypi/rp2040/dcd_rp2040.c.obj
                0x10004b34                dcd_edpt_stall
 .text.dcd_edpt_clear_stall
                0x10004b68       0x30 CMakeFiles/RTOS_setup.dir/C_/Users/yoshi/.pico-sdk/sdk/2.0.0/lib/tinyusb/src/portable/raspberrypi/rp2040/dcd_rp2040.c.obj
                0x10004b68                dcd_edpt_clear_stall
 .text.rp2040_usb_init
                0x10004b98       0x40 CMakeFiles/RTOS_setup.dir/C_/Users/yoshi/.pico-sdk/sdk/2.0.0/lib/tinyusb/src/portable/raspberrypi/rp2040/rp2040_usb.c.obj
                0x10004b98                rp2040_usb_init
 .text.hw_endpoint_xfer_start
                0x10004bd8       0x40 CMakeFiles/RTOS_setup.dir/C_/Users/yoshi/.pico-sdk/sdk/2.0.0/lib/tinyusb/src/portable/raspberrypi/rp2040/rp2040_usb.c.obj
                0x10004bd8                hw_endpoint_xfer_start
 .text.tud_event_hook_cb
                0x10004c18        0x4 CMakeFiles/RTOS_setup.dir/C_/Users/yoshi/.pico-sdk/sdk/2.0.0/lib/tinyusb/src/device/usbd.c.obj
                0x10004c18                tud_event_hook_cb
 .text.tud_sof_cb
                0x10004c1c        0x4 CMakeFiles/RTOS_setup.dir/C_/Users/yoshi/.pico-sdk/sdk/2.0.0/lib/tinyusb/src/device/usbd.c.obj
                0x10004c1c                tud_sof_cb
 .text.tud_descriptor_device_qualifier_cb
                0x10004c20        0x4 CMakeFiles/RTOS_setup.dir/C_/Users/yoshi/.pico-sdk/sdk/2.0.0/lib/tinyusb/src/device/usbd.c.obj
                0x10004c20                tud_descriptor_device_qualifier_cb
 .text.tud_descriptor_other_speed_configuration_cb
                0x10004c24        0x4 CMakeFiles/RTOS_setup.dir/C_/Users/yoshi/.pico-sdk/sdk/2.0.0/lib/tinyusb/src/device/usbd.c.obj
                0x10004c24                tud_descriptor_other_speed_configuration_cb
 .text.tud_mount_cb
                0x10004c28        0x4 CMakeFiles/RTOS_setup.dir/C_/Users/yoshi/.pico-sdk/sdk/2.0.0/lib/tinyusb/src/device/usbd.c.obj
                0x10004c28                tud_mount_cb
 .text.tud_umount_cb
                0x10004c2c        0x4 CMakeFiles/RTOS_setup.dir/C_/Users/yoshi/.pico-sdk/sdk/2.0.0/lib/tinyusb/src/device/usbd.c.obj
                0x10004c2c                tud_umount_cb
 .text.tud_suspend_cb
                0x10004c30        0x4 CMakeFiles/RTOS_setup.dir/C_/Users/yoshi/.pico-sdk/sdk/2.0.0/lib/tinyusb/src/device/usbd.c.obj
                0x10004c30                tud_suspend_cb
 .text.tud_resume_cb
                0x10004c34        0x4 CMakeFiles/RTOS_setup.dir/C_/Users/yoshi/.pico-sdk/sdk/2.0.0/lib/tinyusb/src/device/usbd.c.obj
                0x10004c34                tud_resume_cb
 .text.tud_mounted
                0x10004c38       0x10 CMakeFiles/RTOS_setup.dir/C_/Users/yoshi/.pico-sdk/sdk/2.0.0/lib/tinyusb/src/device/usbd.c.obj
                0x10004c38                tud_mounted
 .text.tud_suspended
                0x10004c48       0x10 CMakeFiles/RTOS_setup.dir/C_/Users/yoshi/.pico-sdk/sdk/2.0.0/lib/tinyusb/src/device/usbd.c.obj
                0x10004c48                tud_suspended
 .text.tud_init
                0x10004c58       0xe4 CMakeFiles/RTOS_setup.dir/C_/Users/yoshi/.pico-sdk/sdk/2.0.0/lib/tinyusb/src/device/usbd.c.obj
                0x10004c58                tud_init
 .text.tud_task_ext
                0x10004d3c      0x800 CMakeFiles/RTOS_setup.dir/C_/Users/yoshi/.pico-sdk/sdk/2.0.0/lib/tinyusb/src/device/usbd.c.obj
                0x10004d3c                tud_task_ext
 .text.usbd_open_edpt_pair
                0x1000553c       0x9c CMakeFiles/RTOS_setup.dir/C_/Users/yoshi/.pico-sdk/sdk/2.0.0/lib/tinyusb/src/device/usbd.c.obj
                0x1000553c                usbd_open_edpt_pair
 .text.usbd_edpt_open
                0x100055d8       0x34 CMakeFiles/RTOS_setup.dir/C_/Users/yoshi/.pico-sdk/sdk/2.0.0/lib/tinyusb/src/device/usbd.c.obj
                0x100055d8                usbd_edpt_open
 .text.usbd_edpt_claim
                0x1000560c       0x28 CMakeFiles/RTOS_setup.dir/C_/Users/yoshi/.pico-sdk/sdk/2.0.0/lib/tinyusb/src/device/usbd.c.obj
                0x1000560c                usbd_edpt_claim
 .text.usbd_edpt_release
                0x10005634       0x28 CMakeFiles/RTOS_setup.dir/C_/Users/yoshi/.pico-sdk/sdk/2.0.0/lib/tinyusb/src/device/usbd.c.obj
                0x10005634                usbd_edpt_release
 .text.usbd_edpt_xfer
                0x1000565c       0x4c CMakeFiles/RTOS_setup.dir/C_/Users/yoshi/.pico-sdk/sdk/2.0.0/lib/tinyusb/src/device/usbd.c.obj
                0x1000565c                usbd_edpt_xfer
 .text.tud_control_status
                0x100056a8       0x2c CMakeFiles/RTOS_setup.dir/C_/Users/yoshi/.pico-sdk/sdk/2.0.0/lib/tinyusb/src/device/usbd_control.c.obj
                0x100056a8                tud_control_status
 .text.tud_control_xfer
                0x100056d4       0xac CMakeFiles/RTOS_setup.dir/C_/Users/yoshi/.pico-sdk/sdk/2.0.0/lib/tinyusb/src/device/usbd_control.c.obj
                0x100056d4                tud_control_xfer
 .text.usbd_control_reset
                0x10005780       0x14 CMakeFiles/RTOS_setup.dir/C_/Users/yoshi/.pico-sdk/sdk/2.0.0/lib/tinyusb/src/device/usbd_control.c.obj
                0x10005780                usbd_control_reset
 .text.usbd_control_set_complete_callback
                0x10005794        0xc CMakeFiles/RTOS_setup.dir/C_/Users/yoshi/.pico-sdk/sdk/2.0.0/lib/tinyusb/src/device/usbd_control.c.obj
                0x10005794                usbd_control_set_complete_callback
 .text.usbd_control_set_request
                0x100057a0       0x1c CMakeFiles/RTOS_setup.dir/C_/Users/yoshi/.pico-sdk/sdk/2.0.0/lib/tinyusb/src/device/usbd_control.c.obj
                0x100057a0                usbd_control_set_request
 .text.usbd_control_xfer_cb
                0x100057bc       0xec CMakeFiles/RTOS_setup.dir/C_/Users/yoshi/.pico-sdk/sdk/2.0.0/lib/tinyusb/src/device/usbd_control.c.obj
                0x100057bc                usbd_control_xfer_cb
 .text._prep_out_transaction.isra.0
                0x100058a8       0x5c CMakeFiles/RTOS_setup.dir/C_/Users/yoshi/.pico-sdk/sdk/2.0.0/lib/tinyusb/src/class/cdc/cdc_device.c.obj
 .text.tud_cdc_n_connected
                0x10005904       0x30 CMakeFiles/RTOS_setup.dir/C_/Users/yoshi/.pico-sdk/sdk/2.0.0/lib/tinyusb/src/class/cdc/cdc_device.c.obj
                0x10005904                tud_cdc_n_connected
 .text.tud_cdc_n_available
                0x10005934       0x18 CMakeFiles/RTOS_setup.dir/C_/Users/yoshi/.pico-sdk/sdk/2.0.0/lib/tinyusb/src/class/cdc/cdc_device.c.obj
                0x10005934                tud_cdc_n_available
 .text.tud_cdc_n_read
                0x1000594c       0x98 CMakeFiles/RTOS_setup.dir/C_/Users/yoshi/.pico-sdk/sdk/2.0.0/lib/tinyusb/src/class/cdc/cdc_device.c.obj
                0x1000594c                tud_cdc_n_read
 .text.tud_cdc_n_write_flush
                0x100059e4       0x78 CMakeFiles/RTOS_setup.dir/C_/Users/yoshi/.pico-sdk/sdk/2.0.0/lib/tinyusb/src/class/cdc/cdc_device.c.obj
                0x100059e4                tud_cdc_n_write_flush
 .text.tud_cdc_n_write
                0x10005a5c       0x40 CMakeFiles/RTOS_setup.dir/C_/Users/yoshi/.pico-sdk/sdk/2.0.0/lib/tinyusb/src/class/cdc/cdc_device.c.obj
                0x10005a5c                tud_cdc_n_write
 .text.tud_cdc_n_write_available
                0x10005a9c       0x18 CMakeFiles/RTOS_setup.dir/C_/Users/yoshi/.pico-sdk/sdk/2.0.0/lib/tinyusb/src/class/cdc/cdc_device.c.obj
                0x10005a9c                tud_cdc_n_write_available
 .text.cdcd_init
                0x10005ab4       0x7c CMakeFiles/RTOS_setup.dir/C_/Users/yoshi/.pico-sdk/sdk/2.0.0/lib/tinyusb/src/class/cdc/cdc_device.c.obj
                0x10005ab4                cdcd_init
 .text.cdcd_deinit
                0x10005b30       0x34 CMakeFiles/RTOS_setup.dir/C_/Users/yoshi/.pico-sdk/sdk/2.0.0/lib/tinyusb/src/class/cdc/cdc_device.c.obj
                0x10005b30                cdcd_deinit
 .text.cdcd_reset
                0x10005b64       0x4c CMakeFiles/RTOS_setup.dir/C_/Users/yoshi/.pico-sdk/sdk/2.0.0/lib/tinyusb/src/class/cdc/cdc_device.c.obj
                0x10005b64                cdcd_reset
 .text.cdcd_open
                0x10005bb0       0xb0 CMakeFiles/RTOS_setup.dir/C_/Users/yoshi/.pico-sdk/sdk/2.0.0/lib/tinyusb/src/class/cdc/cdc_device.c.obj
                0x10005bb0                cdcd_open
 .text.cdcd_control_xfer_cb
                0x10005c60       0xe4 CMakeFiles/RTOS_setup.dir/C_/Users/yoshi/.pico-sdk/sdk/2.0.0/lib/tinyusb/src/class/cdc/cdc_device.c.obj
                0x10005c60                cdcd_control_xfer_cb
 .text.cdcd_xfer_cb
                0x10005d44      0x100 CMakeFiles/RTOS_setup.dir/C_/Users/yoshi/.pico-sdk/sdk/2.0.0/lib/tinyusb/src/class/cdc/cdc_device.c.obj
                0x10005d44                cdcd_xfer_cb
 .text.tud_vendor_n_write_flush
                0x10005e44       0x78 CMakeFiles/RTOS_setup.dir/C_/Users/yoshi/.pico-sdk/sdk/2.0.0/lib/tinyusb/src/class/vendor/vendor_device.c.obj
                0x10005e44                tud_vendor_n_write_flush
 .text.vendord_init
                0x10005ebc       0x64 CMakeFiles/RTOS_setup.dir/C_/Users/yoshi/.pico-sdk/sdk/2.0.0/lib/tinyusb/src/class/vendor/vendor_device.c.obj
                0x10005ebc                vendord_init
 .text.vendord_deinit
                0x10005f20       0x34 CMakeFiles/RTOS_setup.dir/C_/Users/yoshi/.pico-sdk/sdk/2.0.0/lib/tinyusb/src/class/vendor/vendor_device.c.obj
                0x10005f20                vendord_deinit
 .text.vendord_reset
                0x10005f54       0x1c CMakeFiles/RTOS_setup.dir/C_/Users/yoshi/.pico-sdk/sdk/2.0.0/lib/tinyusb/src/class/vendor/vendor_device.c.obj
                0x10005f54                vendord_reset
 .text.vendord_open
                0x10005f70       0xd8 CMakeFiles/RTOS_setup.dir/C_/Users/yoshi/.pico-sdk/sdk/2.0.0/lib/tinyusb/src/class/vendor/vendor_device.c.obj
                0x10005f70                vendord_open
 .text.vendord_xfer_cb
                0x10006048       0xc8 CMakeFiles/RTOS_setup.dir/C_/Users/yoshi/.pico-sdk/sdk/2.0.0/lib/tinyusb/src/class/vendor/vendor_device.c.obj
                0x10006048                vendord_xfer_cb
 .text.tusb_init
                0x10006110        0xc CMakeFiles/RTOS_setup.dir/C_/Users/yoshi/.pico-sdk/sdk/2.0.0/lib/tinyusb/src/tusb.c.obj
                0x10006110                tusb_init
 .text.tu_edpt_claim
                0x1000611c       0x50 CMakeFiles/RTOS_setup.dir/C_/Users/yoshi/.pico-sdk/sdk/2.0.0/lib/tinyusb/src/tusb.c.obj
                0x1000611c                tu_edpt_claim
 .text.tu_edpt_release
                0x1000616c       0x38 CMakeFiles/RTOS_setup.dir/C_/Users/yoshi/.pico-sdk/sdk/2.0.0/lib/tinyusb/src/tusb.c.obj
                0x1000616c                tu_edpt_release
 .text.tu_edpt_validate
                0x100061a4       0x7c CMakeFiles/RTOS_setup.dir/C_/Users/yoshi/.pico-sdk/sdk/2.0.0/lib/tinyusb/src/tusb.c.obj
                0x100061a4                tu_edpt_validate
 .text.tu_edpt_bind_driver
                0x10006220       0x34 CMakeFiles/RTOS_setup.dir/C_/Users/yoshi/.pico-sdk/sdk/2.0.0/lib/tinyusb/src/tusb.c.obj
                0x10006220                tu_edpt_bind_driver
 .text.tu_fifo_config
                0x10006254       0x6c CMakeFiles/RTOS_setup.dir/C_/Users/yoshi/.pico-sdk/sdk/2.0.0/lib/tinyusb/src/common/tusb_fifo.c.obj
                0x10006254                tu_fifo_config
 .text.tu_fifo_count
                0x100062c0       0x2c CMakeFiles/RTOS_setup.dir/C_/Users/yoshi/.pico-sdk/sdk/2.0.0/lib/tinyusb/src/common/tusb_fifo.c.obj
                0x100062c0                tu_fifo_count
 .text.tu_fifo_empty
                0x100062ec       0x10 CMakeFiles/RTOS_setup.dir/C_/Users/yoshi/.pico-sdk/sdk/2.0.0/lib/tinyusb/src/common/tusb_fifo.c.obj
                0x100062ec                tu_fifo_empty
 .text.tu_fifo_remaining
                0x100062fc       0x2c CMakeFiles/RTOS_setup.dir/C_/Users/yoshi/.pico-sdk/sdk/2.0.0/lib/tinyusb/src/common/tusb_fifo.c.obj
                0x100062fc                tu_fifo_remaining
 .text.tu_fifo_read
                0x10006328       0x9c CMakeFiles/RTOS_setup.dir/C_/Users/yoshi/.pico-sdk/sdk/2.0.0/lib/tinyusb/src/common/tusb_fifo.c.obj
                0x10006328                tu_fifo_read
 .text.tu_fifo_read_n
                0x100063c4       0xe8 CMakeFiles/RTOS_setup.dir/C_/Users/yoshi/.pico-sdk/sdk/2.0.0/lib/tinyusb/src/common/tusb_fifo.c.obj
                0x100063c4                tu_fifo_read_n
 .text.tu_fifo_write
                0x100064ac       0xa8 CMakeFiles/RTOS_setup.dir/C_/Users/yoshi/.pico-sdk/sdk/2.0.0/lib/tinyusb/src/common/tusb_fifo.c.obj
                0x100064ac                tu_fifo_write
 .text.tu_fifo_write_n
                0x10006554      0x178 CMakeFiles/RTOS_setup.dir/C_/Users/yoshi/.pico-sdk/sdk/2.0.0/lib/tinyusb/src/common/tusb_fifo.c.obj
                0x10006554                tu_fifo_write_n
 .text.tu_fifo_clear
                0x100066cc       0x40 CMakeFiles/RTOS_setup.dir/C_/Users/yoshi/.pico-sdk/sdk/2.0.0/lib/tinyusb/src/common/tusb_fifo.c.obj
                0x100066cc                tu_fifo_clear
 .text.tu_fifo_set_overwritable
                0x1000670c       0x48 CMakeFiles/RTOS_setup.dir/C_/Users/yoshi/.pico-sdk/sdk/2.0.0/lib/tinyusb/src/common/tusb_fifo.c.obj
                0x1000670c                tu_fifo_set_overwritable
 .text.vPortYield
                0x10006754       0x18 CMakeFiles/RTOS_setup.dir/C_/Users/yoshi/Documents/Pico/FreeRTOS-Kernel/portable/ThirdParty/GCC/RP2040/port.c.obj
                0x10006754                vPortYield
 .text.vPortEnterCritical
                0x1000676c       0x18 CMakeFiles/RTOS_setup.dir/C_/Users/yoshi/Documents/Pico/FreeRTOS-Kernel/portable/ThirdParty/GCC/RP2040/port.c.obj
                0x1000676c                vPortEnterCritical
 .text.vPortExitCritical
                0x10006784       0x34 CMakeFiles/RTOS_setup.dir/C_/Users/yoshi/Documents/Pico/FreeRTOS-Kernel/portable/ThirdParty/GCC/RP2040/port.c.obj
                0x10006784                vPortExitCritical
 .text.ulSetInterruptMaskFromISR
                0x100067b8        0x8 CMakeFiles/RTOS_setup.dir/C_/Users/yoshi/Documents/Pico/FreeRTOS-Kernel/portable/ThirdParty/GCC/RP2040/port.c.obj
                0x100067b8                ulSetInterruptMaskFromISR
 .text.vClearInterruptMaskFromISR
                0x100067c0        0x8 CMakeFiles/RTOS_setup.dir/C_/Users/yoshi/Documents/Pico/FreeRTOS-Kernel/portable/ThirdParty/GCC/RP2040/port.c.obj
                0x100067c0                vClearInterruptMaskFromISR
 .text.ulPortLockGetCurrentOwnerId
                0x100067c8       0x2c CMakeFiles/RTOS_setup.dir/C_/Users/yoshi/Documents/Pico/FreeRTOS-Kernel/portable/ThirdParty/GCC/RP2040/port.c.obj
                0x100067c8                ulPortLockGetCurrentOwnerId
 .text.vPortLockInternalSpinUnlockWithWait
                0x100067f4       0x68 CMakeFiles/RTOS_setup.dir/C_/Users/yoshi/Documents/Pico/FreeRTOS-Kernel/portable/ThirdParty/GCC/RP2040/port.c.obj
                0x100067f4                vPortLockInternalSpinUnlockWithWait
 .text.vPortLockInternalSpinUnlockWithNotify
                0x1000685c       0xc8 CMakeFiles/RTOS_setup.dir/C_/Users/yoshi/Documents/Pico/FreeRTOS-Kernel/portable/ThirdParty/GCC/RP2040/port.c.obj
                0x1000685c                vPortLockInternalSpinUnlockWithNotify
 .text.xPortLockInternalSpinUnlockWithBestEffortWaitOrTimeout
                0x10006924       0xfc CMakeFiles/RTOS_setup.dir/C_/Users/yoshi/Documents/Pico/FreeRTOS-Kernel/portable/ThirdParty/GCC/RP2040/port.c.obj
                0x10006924                xPortLockInternalSpinUnlockWithBestEffortWaitOrTimeout
 .text.startup.prvRuntimeInitializer
                0x10006a20       0x28 CMakeFiles/RTOS_setup.dir/C_/Users/yoshi/Documents/Pico/FreeRTOS-Kernel/portable/ThirdParty/GCC/RP2040/port.c.obj
 .text.vEventGroupSetBitsCallback
                0x10006a48       0x90 CMakeFiles/RTOS_setup.dir/C_/Users/yoshi/Documents/Pico/FreeRTOS-Kernel/event_groups.c.obj
                0x10006a48                vEventGroupSetBitsCallback
 .text.xEventGroupCreate
                0x10006ad8       0x18 CMakeFiles/RTOS_setup.dir/C_/Users/yoshi/Documents/Pico/FreeRTOS-Kernel/event_groups.c.obj
                0x10006ad8                xEventGroupCreate
 .text.xEventGroupWaitBits
                0x10006af0       0xb8 CMakeFiles/RTOS_setup.dir/C_/Users/yoshi/Documents/Pico/FreeRTOS-Kernel/event_groups.c.obj
                0x10006af0                xEventGroupWaitBits
 .text.xEventGroupSetBits
                0x10006ba8       0x9c CMakeFiles/RTOS_setup.dir/C_/Users/yoshi/Documents/Pico/FreeRTOS-Kernel/event_groups.c.obj
                0x10006ba8                xEventGroupSetBits
 .text.xEventGroupSetBitsFromISR
                0x10006c44       0x18 CMakeFiles/RTOS_setup.dir/C_/Users/yoshi/Documents/Pico/FreeRTOS-Kernel/event_groups.c.obj
                0x10006c44                xEventGroupSetBitsFromISR
 .text.vListInitialise
                0x10006c5c       0x18 CMakeFiles/RTOS_setup.dir/C_/Users/yoshi/Documents/Pico/FreeRTOS-Kernel/list.c.obj
                0x10006c5c                vListInitialise
 .text.vListInsert
                0x10006c74       0x30 CMakeFiles/RTOS_setup.dir/C_/Users/yoshi/Documents/Pico/FreeRTOS-Kernel/list.c.obj
                0x10006c74                vListInsert
 .text.uxListRemove
                0x10006ca4       0x20 CMakeFiles/RTOS_setup.dir/C_/Users/yoshi/Documents/Pico/FreeRTOS-Kernel/list.c.obj
                0x10006ca4                uxListRemove
 .text.prvNotifyQueueSetContainer
                0x10006cc4       0x90 CMakeFiles/RTOS_setup.dir/C_/Users/yoshi/Documents/Pico/FreeRTOS-Kernel/queue.c.obj
 .text.xQueueGenericSendFromISR
                0x10006d54      0x134 CMakeFiles/RTOS_setup.dir/C_/Users/yoshi/Documents/Pico/FreeRTOS-Kernel/queue.c.obj
                0x10006d54                xQueueGenericSendFromISR
 .text.xTaskIncrementTick.part.0
                0x10006e88      0x190 CMakeFiles/RTOS_setup.dir/C_/Users/yoshi/Documents/Pico/FreeRTOS-Kernel/tasks.c.obj
 .text.vTaskSuspendAll
                0x10007018       0x10 CMakeFiles/RTOS_setup.dir/C_/Users/yoshi/Documents/Pico/FreeRTOS-Kernel/tasks.c.obj
                0x10007018                vTaskSuspendAll
 .text.xTaskResumeAll
                0x10007028      0x188 CMakeFiles/RTOS_setup.dir/C_/Users/yoshi/Documents/Pico/FreeRTOS-Kernel/tasks.c.obj
                0x10007028                xTaskResumeAll
 .text.uxTaskGetNumberOfTasks
                0x100071b0        0xc CMakeFiles/RTOS_setup.dir/C_/Users/yoshi/Documents/Pico/FreeRTOS-Kernel/tasks.c.obj
                0x100071b0                uxTaskGetNumberOfTasks
 .text.vTaskPlaceOnUnorderedEventList
                0x100071bc       0xc4 CMakeFiles/RTOS_setup.dir/C_/Users/yoshi/Documents/Pico/FreeRTOS-Kernel/tasks.c.obj
                0x100071bc                vTaskPlaceOnUnorderedEventList
 .text.xTaskRemoveFromEventList
                0x10007280       0xcc CMakeFiles/RTOS_setup.dir/C_/Users/yoshi/Documents/Pico/FreeRTOS-Kernel/tasks.c.obj
                0x10007280                xTaskRemoveFromEventList
 .text.vTaskRemoveFromUnorderedEventList
                0x1000734c       0x94 CMakeFiles/RTOS_setup.dir/C_/Users/yoshi/Documents/Pico/FreeRTOS-Kernel/tasks.c.obj
                0x1000734c                vTaskRemoveFromUnorderedEventList
 .text.xTaskGetCurrentTaskHandle
                0x100073e0        0xc CMakeFiles/RTOS_setup.dir/C_/Users/yoshi/Documents/Pico/FreeRTOS-Kernel/tasks.c.obj
                0x100073e0                xTaskGetCurrentTaskHandle
 .text.xTaskPriorityDisinherit
                0x100073ec       0x64 CMakeFiles/RTOS_setup.dir/C_/Users/yoshi/Documents/Pico/FreeRTOS-Kernel/tasks.c.obj
                0x100073ec                xTaskPriorityDisinherit
 .text.uxTaskResetEventItemValue
                0x10007450       0x18 CMakeFiles/RTOS_setup.dir/C_/Users/yoshi/Documents/Pico/FreeRTOS-Kernel/tasks.c.obj
                0x10007450                uxTaskResetEventItemValue
 .text.xTimerPendFunctionCallFromISR
                0x10007468       0x28 CMakeFiles/RTOS_setup.dir/C_/Users/yoshi/Documents/Pico/FreeRTOS-Kernel/timers.c.obj
                0x10007468                xTimerPendFunctionCallFromISR
 .text.pvPortMalloc
                0x10007490      0x124 CMakeFiles/RTOS_setup.dir/C_/Users/yoshi/Documents/Pico/FreeRTOS-Kernel/portable/MemMang/heap_4.c.obj
                0x10007490                pvPortMalloc
 .text.lwip_timeout_reached
                0x100075b4        0x8 CMakeFiles/RTOS_setup.dir/C_/Users/yoshi/.pico-sdk/sdk/2.0.0/src/rp2_common/pico_lwip/lwip_nosys.c.obj
 .text.update_next_timeout
                0x100075bc       0x60 CMakeFiles/RTOS_setup.dir/C_/Users/yoshi/.pico-sdk/sdk/2.0.0/src/rp2_common/pico_lwip/lwip_nosys.c.obj
 .text.lwip_nosys_init
                0x1000761c       0x30 CMakeFiles/RTOS_setup.dir/C_/Users/yoshi/.pico-sdk/sdk/2.0.0/src/rp2_common/pico_lwip/lwip_nosys.c.obj
                0x1000761c                lwip_nosys_init
 .text.lwip_nosys_deinit
                0x1000764c       0x20 CMakeFiles/RTOS_setup.dir/C_/Users/yoshi/.pico-sdk/sdk/2.0.0/src/rp2_common/pico_lwip/lwip_nosys.c.obj
                0x1000764c                lwip_nosys_deinit
 .text.sys_arch_protect
                0x1000766c        0x4 CMakeFiles/RTOS_setup.dir/C_/Users/yoshi/.pico-sdk/sdk/2.0.0/src/rp2_common/pico_lwip/lwip_nosys.c.obj
                0x1000766c                sys_arch_protect
 .text.sys_arch_unprotect
                0x10007670        0x4 CMakeFiles/RTOS_setup.dir/C_/Users/yoshi/.pico-sdk/sdk/2.0.0/src/rp2_common/pico_lwip/lwip_nosys.c.obj
                0x10007670                sys_arch_unprotect
 .text.sys_now  0x10007674       0x20 CMakeFiles/RTOS_setup.dir/C_/Users/yoshi/.pico-sdk/sdk/2.0.0/src/rp2_common/pico_lwip/lwip_nosys.c.obj
                0x10007674                sys_now
 .text.async_context_base_add_at_time_worker
                0x10007694       0x24 CMakeFiles/RTOS_setup.dir/C_/Users/yoshi/.pico-sdk/sdk/2.0.0/src/rp2_common/pico_async_context/async_context_base.c.obj
                0x10007694                async_context_base_add_at_time_worker
 .text.async_context_base_remove_at_time_worker
                0x100076b8       0x28 CMakeFiles/RTOS_setup.dir/C_/Users/yoshi/.pico-sdk/sdk/2.0.0/src/rp2_common/pico_async_context/async_context_base.c.obj
                0x100076b8                async_context_base_remove_at_time_worker
 .text.async_context_base_add_when_pending_worker
                0x100076e0       0x24 CMakeFiles/RTOS_setup.dir/C_/Users/yoshi/.pico-sdk/sdk/2.0.0/src/rp2_common/pico_async_context/async_context_base.c.obj
                0x100076e0                async_context_base_add_when_pending_worker
 .text.async_context_base_remove_when_pending_worker
                0x10007704       0x28 CMakeFiles/RTOS_setup.dir/C_/Users/yoshi/.pico-sdk/sdk/2.0.0/src/rp2_common/pico_async_context/async_context_base.c.obj
                0x10007704                async_context_base_remove_when_pending_worker
 .text.async_context_base_execute_once
                0x1000772c      0x108 CMakeFiles/RTOS_setup.dir/C_/Users/yoshi/.pico-sdk/sdk/2.0.0/src/rp2_common/pico_async_context/async_context_base.c.obj
                0x1000772c                async_context_base_execute_once
 .text.async_context_base_needs_servicing
                0x10007834       0x54 CMakeFiles/RTOS_setup.dir/C_/Users/yoshi/.pico-sdk/sdk/2.0.0/src/rp2_common/pico_async_context/async_context_base.c.obj
                0x10007834                async_context_base_needs_servicing
 .text.splitmix64
                0x10007888       0x58 CMakeFiles/RTOS_setup.dir/C_/Users/yoshi/.pico-sdk/sdk/2.0.0/src/rp2_common/pico_rand/rand.c.obj
 .text.xoroshiro128ss
                0x100078e0       0x90 CMakeFiles/RTOS_setup.dir/C_/Users/yoshi/.pico-sdk/sdk/2.0.0/src/rp2_common/pico_rand/rand.c.obj
 .text.get_rand_64
                0x10007970      0x42c CMakeFiles/RTOS_setup.dir/C_/Users/yoshi/.pico-sdk/sdk/2.0.0/src/rp2_common/pico_rand/rand.c.obj
                0x10007970                get_rand_64
 .text.get_rand_32
                0x10007d9c        0x8 CMakeFiles/RTOS_setup.dir/C_/Users/yoshi/.pico-sdk/sdk/2.0.0/src/rp2_common/pico_rand/rand.c.obj
                0x10007d9c                get_rand_32
 .text.lwip_init
                0x10007da4       0x24 CMakeFiles/RTOS_setup.dir/C_/Users/yoshi/.pico-sdk/sdk/2.0.0/lib/lwip/src/core/init.c.obj
                0x10007da4                lwip_init
 .text.lwip_htons
                0x10007dc8        0x8 CMakeFiles/RTOS_setup.dir/C_/Users/yoshi/.pico-sdk/sdk/2.0.0/lib/lwip/src/core/def.c.obj
                0x10007dc8                lwip_htons
 .text.lwip_htonl
                0x10007dd0        0x4 CMakeFiles/RTOS_setup.dir/C_/Users/yoshi/.pico-sdk/sdk/2.0.0/lib/lwip/src/core/def.c.obj
                0x10007dd0                lwip_htonl
 .text.dns_call_found
                0x10007dd4      0x184 CMakeFiles/RTOS_setup.dir/C_/Users/yoshi/.pico-sdk/sdk/2.0.0/lib/lwip/src/core/dns.c.obj
 .text.dns_send.isra.0
                0x10007f58      0x174 CMakeFiles/RTOS_setup.dir/C_/Users/yoshi/.pico-sdk/sdk/2.0.0/lib/lwip/src/core/dns.c.obj
 .text.dns_init
                0x100080cc        0x4 CMakeFiles/RTOS_setup.dir/C_/Users/yoshi/.pico-sdk/sdk/2.0.0/lib/lwip/src/core/dns.c.obj
                0x100080cc                dns_init
 .text.dns_setserver
                0x100080d0       0x24 CMakeFiles/RTOS_setup.dir/C_/Users/yoshi/.pico-sdk/sdk/2.0.0/lib/lwip/src/core/dns.c.obj
                0x100080d0                dns_setserver
 .text.dns_tmr  0x100080f4      0x140 CMakeFiles/RTOS_setup.dir/C_/Users/yoshi/.pico-sdk/sdk/2.0.0/lib/lwip/src/core/dns.c.obj
                0x100080f4                dns_tmr
 .text.lwip_standard_chksum
                0x10008234       0xdc CMakeFiles/RTOS_setup.dir/C_/Users/yoshi/.pico-sdk/sdk/2.0.0/lib/lwip/src/core/inet_chksum.c.obj
                0x10008234                lwip_standard_chksum
 .text.inet_chksum_pseudo
                0x10008310       0xbc CMakeFiles/RTOS_setup.dir/C_/Users/yoshi/.pico-sdk/sdk/2.0.0/lib/lwip/src/core/inet_chksum.c.obj
                0x10008310                inet_chksum_pseudo
 .text.ip_chksum_pseudo
                0x100083cc       0x10 CMakeFiles/RTOS_setup.dir/C_/Users/yoshi/.pico-sdk/sdk/2.0.0/lib/lwip/src/core/inet_chksum.c.obj
                0x100083cc                ip_chksum_pseudo
 .text.inet_chksum
                0x100083dc        0xc CMakeFiles/RTOS_setup.dir/C_/Users/yoshi/.pico-sdk/sdk/2.0.0/lib/lwip/src/core/inet_chksum.c.obj
                0x100083dc                inet_chksum
 .text.inet_chksum_pbuf
                0x100083e8       0x78 CMakeFiles/RTOS_setup.dir/C_/Users/yoshi/.pico-sdk/sdk/2.0.0/lib/lwip/src/core/inet_chksum.c.obj
                0x100083e8                inet_chksum_pbuf
 .text.mem_init
                0x10008460       0x3c CMakeFiles/RTOS_setup.dir/C_/Users/yoshi/.pico-sdk/sdk/2.0.0/lib/lwip/src/core/mem.c.obj
                0x10008460                mem_init
 .text.mem_free
                0x1000849c      0x130 CMakeFiles/RTOS_setup.dir/C_/Users/yoshi/.pico-sdk/sdk/2.0.0/lib/lwip/src/core/mem.c.obj
                0x1000849c                mem_free
 .text.mem_trim
                0x100085cc      0x104 CMakeFiles/RTOS_setup.dir/C_/Users/yoshi/.pico-sdk/sdk/2.0.0/lib/lwip/src/core/mem.c.obj
                0x100085cc                mem_trim
 .text.mem_malloc
                0x100086d0      0x124 CMakeFiles/RTOS_setup.dir/C_/Users/yoshi/.pico-sdk/sdk/2.0.0/lib/lwip/src/core/mem.c.obj
                0x100086d0                mem_malloc
 .text.memp_init
                0x100087f4       0x6c CMakeFiles/RTOS_setup.dir/C_/Users/yoshi/.pico-sdk/sdk/2.0.0/lib/lwip/src/core/memp.c.obj
                0x100087f4                memp_init
 .text.memp_malloc
                0x10008860       0x40 CMakeFiles/RTOS_setup.dir/C_/Users/yoshi/.pico-sdk/sdk/2.0.0/lib/lwip/src/core/memp.c.obj
                0x10008860                memp_malloc
 .text.memp_free
                0x100088a0       0x38 CMakeFiles/RTOS_setup.dir/C_/Users/yoshi/.pico-sdk/sdk/2.0.0/lib/lwip/src/core/memp.c.obj
                0x100088a0                memp_free
 .text.netif_null_output_ip4
                0x100088d8        0x8 CMakeFiles/RTOS_setup.dir/C_/Users/yoshi/.pico-sdk/sdk/2.0.0/lib/lwip/src/core/netif.c.obj
 .text.netif_do_set_ipaddr.isra.0
                0x100088e0       0x60 CMakeFiles/RTOS_setup.dir/C_/Users/yoshi/.pico-sdk/sdk/2.0.0/lib/lwip/src/core/netif.c.obj
 .text.netif_init
                0x10008940        0x4 CMakeFiles/RTOS_setup.dir/C_/Users/yoshi/.pico-sdk/sdk/2.0.0/lib/lwip/src/core/netif.c.obj
                0x10008940                netif_init
 .text.netif_add
                0x10008944      0x16c CMakeFiles/RTOS_setup.dir/C_/Users/yoshi/.pico-sdk/sdk/2.0.0/lib/lwip/src/core/netif.c.obj
                0x10008944                netif_add
 .text.netif_set_addr
                0x10008ab0       0xb4 CMakeFiles/RTOS_setup.dir/C_/Users/yoshi/.pico-sdk/sdk/2.0.0/lib/lwip/src/core/netif.c.obj
                0x10008ab0                netif_set_addr
 .text.netif_remove
                0x10008b64       0x94 CMakeFiles/RTOS_setup.dir/C_/Users/yoshi/.pico-sdk/sdk/2.0.0/lib/lwip/src/core/netif.c.obj
                0x10008b64                netif_remove
 .text.netif_set_default
                0x10008bf8        0xc CMakeFiles/RTOS_setup.dir/C_/Users/yoshi/.pico-sdk/sdk/2.0.0/lib/lwip/src/core/netif.c.obj
                0x10008bf8                netif_set_default
 .text.netif_set_up
                0x10008c04       0x40 CMakeFiles/RTOS_setup.dir/C_/Users/yoshi/.pico-sdk/sdk/2.0.0/lib/lwip/src/core/netif.c.obj
                0x10008c04                netif_set_up
 .text.netif_set_link_up
                0x10008c44       0x44 CMakeFiles/RTOS_setup.dir/C_/Users/yoshi/.pico-sdk/sdk/2.0.0/lib/lwip/src/core/netif.c.obj
                0x10008c44                netif_set_link_up
 .text.netif_set_link_down
                0x10008c88       0x20 CMakeFiles/RTOS_setup.dir/C_/Users/yoshi/.pico-sdk/sdk/2.0.0/lib/lwip/src/core/netif.c.obj
                0x10008c88                netif_set_link_down
 .text.netif_get_by_index
                0x10008ca8       0x2c CMakeFiles/RTOS_setup.dir/C_/Users/yoshi/.pico-sdk/sdk/2.0.0/lib/lwip/src/core/netif.c.obj
                0x10008ca8                netif_get_by_index
 .text.pbuf_free.part.0
                0x10008cd4       0x7c CMakeFiles/RTOS_setup.dir/C_/Users/yoshi/.pico-sdk/sdk/2.0.0/lib/lwip/src/core/pbuf.c.obj
 .text.pbuf_free_ooseq
                0x10008d50       0x34 CMakeFiles/RTOS_setup.dir/C_/Users/yoshi/.pico-sdk/sdk/2.0.0/lib/lwip/src/core/pbuf.c.obj
                0x10008d50                pbuf_free_ooseq
 .text.pbuf_alloc
                0x10008d84      0x134 CMakeFiles/RTOS_setup.dir/C_/Users/yoshi/.pico-sdk/sdk/2.0.0/lib/lwip/src/core/pbuf.c.obj
                0x10008d84                pbuf_alloc
 .text.pbuf_realloc
                0x10008eb8       0x84 CMakeFiles/RTOS_setup.dir/C_/Users/yoshi/.pico-sdk/sdk/2.0.0/lib/lwip/src/core/pbuf.c.obj
                0x10008eb8                pbuf_realloc
 .text.pbuf_add_header
                0x10008f3c       0x50 CMakeFiles/RTOS_setup.dir/C_/Users/yoshi/.pico-sdk/sdk/2.0.0/lib/lwip/src/core/pbuf.c.obj
                0x10008f3c                pbuf_add_header
 .text.pbuf_remove_header
                0x10008f8c       0x3c CMakeFiles/RTOS_setup.dir/C_/Users/yoshi/.pico-sdk/sdk/2.0.0/lib/lwip/src/core/pbuf.c.obj
                0x10008f8c                pbuf_remove_header
 .text.pbuf_header_force
                0x10008fc8       0x68 CMakeFiles/RTOS_setup.dir/C_/Users/yoshi/.pico-sdk/sdk/2.0.0/lib/lwip/src/core/pbuf.c.obj
                0x10008fc8                pbuf_header_force
 .text.pbuf_free
                0x10009030       0x18 CMakeFiles/RTOS_setup.dir/C_/Users/yoshi/.pico-sdk/sdk/2.0.0/lib/lwip/src/core/pbuf.c.obj
                0x10009030                pbuf_free
 .text.pbuf_clen
                0x10009048       0x14 CMakeFiles/RTOS_setup.dir/C_/Users/yoshi/.pico-sdk/sdk/2.0.0/lib/lwip/src/core/pbuf.c.obj
                0x10009048                pbuf_clen
 .text.pbuf_ref
                0x1000905c       0x28 CMakeFiles/RTOS_setup.dir/C_/Users/yoshi/.pico-sdk/sdk/2.0.0/lib/lwip/src/core/pbuf.c.obj
                0x1000905c                pbuf_ref
 .text.pbuf_cat
                0x10009084       0x44 CMakeFiles/RTOS_setup.dir/C_/Users/yoshi/.pico-sdk/sdk/2.0.0/lib/lwip/src/core/pbuf.c.obj
                0x10009084                pbuf_cat
 .text.pbuf_chain
                0x100090c8       0x64 CMakeFiles/RTOS_setup.dir/C_/Users/yoshi/.pico-sdk/sdk/2.0.0/lib/lwip/src/core/pbuf.c.obj
                0x100090c8                pbuf_chain
 .text.pbuf_copy_partial_pbuf
                0x1000912c      0x148 CMakeFiles/RTOS_setup.dir/C_/Users/yoshi/.pico-sdk/sdk/2.0.0/lib/lwip/src/core/pbuf.c.obj
                0x1000912c                pbuf_copy_partial_pbuf
 .text.pbuf_copy
                0x10009274       0x18 CMakeFiles/RTOS_setup.dir/C_/Users/yoshi/.pico-sdk/sdk/2.0.0/lib/lwip/src/core/pbuf.c.obj
                0x10009274                pbuf_copy
 .text.pbuf_copy_partial
                0x1000928c       0x68 CMakeFiles/RTOS_setup.dir/C_/Users/yoshi/.pico-sdk/sdk/2.0.0/lib/lwip/src/core/pbuf.c.obj
                0x1000928c                pbuf_copy_partial
 .text.pbuf_take
                0x100092f4       0x78 CMakeFiles/RTOS_setup.dir/C_/Users/yoshi/.pico-sdk/sdk/2.0.0/lib/lwip/src/core/pbuf.c.obj
                0x100092f4                pbuf_take
 .text.pbuf_take_at
                0x1000936c       0xcc CMakeFiles/RTOS_setup.dir/C_/Users/yoshi/.pico-sdk/sdk/2.0.0/lib/lwip/src/core/pbuf.c.obj
                0x1000936c                pbuf_take_at
 .text.pbuf_clone
                0x10009438       0x30 CMakeFiles/RTOS_setup.dir/C_/Users/yoshi/.pico-sdk/sdk/2.0.0/lib/lwip/src/core/pbuf.c.obj
                0x10009438                pbuf_clone
 .text.pbuf_put_at
                0x10009468       0x1c CMakeFiles/RTOS_setup.dir/C_/Users/yoshi/.pico-sdk/sdk/2.0.0/lib/lwip/src/core/pbuf.c.obj
                0x10009468                pbuf_put_at
 .text.raw_input
                0x10009484      0x164 CMakeFiles/RTOS_setup.dir/C_/Users/yoshi/.pico-sdk/sdk/2.0.0/lib/lwip/src/core/raw.c.obj
                0x10009484                raw_input
 .text.raw_netif_ip_addr_changed
                0x100095e8       0x40 CMakeFiles/RTOS_setup.dir/C_/Users/yoshi/.pico-sdk/sdk/2.0.0/lib/lwip/src/core/raw.c.obj
                0x100095e8                raw_netif_ip_addr_changed
 .text.stats_init
                0x10009628        0x4 CMakeFiles/RTOS_setup.dir/C_/Users/yoshi/.pico-sdk/sdk/2.0.0/lib/lwip/src/core/stats.c.obj
                0x10009628                stats_init
 .text.tcp_close_shutdown_fin
                0x1000962c       0x54 CMakeFiles/RTOS_setup.dir/C_/Users/yoshi/.pico-sdk/sdk/2.0.0/lib/lwip/src/core/tcp.c.obj
 .text.tcp_pcb_purge.part.0
                0x10009680       0xc4 CMakeFiles/RTOS_setup.dir/C_/Users/yoshi/.pico-sdk/sdk/2.0.0/lib/lwip/src/core/tcp.c.obj
 .text.tcp_init
                0x10009744       0x20 CMakeFiles/RTOS_setup.dir/C_/Users/yoshi/.pico-sdk/sdk/2.0.0/lib/lwip/src/core/tcp.c.obj
                0x10009744                tcp_init
 .text.tcp_free
                0x10009764       0x1c CMakeFiles/RTOS_setup.dir/C_/Users/yoshi/.pico-sdk/sdk/2.0.0/lib/lwip/src/core/tcp.c.obj
                0x10009764                tcp_free
 .text.tcp_update_rcv_ann_wnd
                0x10009780       0x58 CMakeFiles/RTOS_setup.dir/C_/Users/yoshi/.pico-sdk/sdk/2.0.0/lib/lwip/src/core/tcp.c.obj
                0x10009780                tcp_update_rcv_ann_wnd
 .text.tcp_recved
                0x100097d8       0x98 CMakeFiles/RTOS_setup.dir/C_/Users/yoshi/.pico-sdk/sdk/2.0.0/lib/lwip/src/core/tcp.c.obj
                0x100097d8                tcp_recved
 .text.tcp_slowtmr
                0x10009870      0x524 CMakeFiles/RTOS_setup.dir/C_/Users/yoshi/.pico-sdk/sdk/2.0.0/lib/lwip/src/core/tcp.c.obj
                0x10009870                tcp_slowtmr
 .text.tcp_segs_free
                0x10009d94       0x38 CMakeFiles/RTOS_setup.dir/C_/Users/yoshi/.pico-sdk/sdk/2.0.0/lib/lwip/src/core/tcp.c.obj
                0x10009d94                tcp_segs_free
 .text.tcp_seg_free
                0x10009dcc       0x1c CMakeFiles/RTOS_setup.dir/C_/Users/yoshi/.pico-sdk/sdk/2.0.0/lib/lwip/src/core/tcp.c.obj
                0x10009dcc                tcp_seg_free
 .text.tcp_seg_copy
                0x10009de8       0x2c CMakeFiles/RTOS_setup.dir/C_/Users/yoshi/.pico-sdk/sdk/2.0.0/lib/lwip/src/core/tcp.c.obj
                0x10009de8                tcp_seg_copy
 .text.tcp_pcb_purge
                0x10009e14       0x18 CMakeFiles/RTOS_setup.dir/C_/Users/yoshi/.pico-sdk/sdk/2.0.0/lib/lwip/src/core/tcp.c.obj
                0x10009e14                tcp_pcb_purge
 .text.tcp_pcb_remove
                0x10009e2c       0xc8 CMakeFiles/RTOS_setup.dir/C_/Users/yoshi/.pico-sdk/sdk/2.0.0/lib/lwip/src/core/tcp.c.obj
                0x10009e2c                tcp_pcb_remove
 .text.tcp_abandon
                0x10009ef4      0x1a0 CMakeFiles/RTOS_setup.dir/C_/Users/yoshi/.pico-sdk/sdk/2.0.0/lib/lwip/src/core/tcp.c.obj
                0x10009ef4                tcp_abandon
 .text.tcp_abort
                0x1000a094        0xc CMakeFiles/RTOS_setup.dir/C_/Users/yoshi/.pico-sdk/sdk/2.0.0/lib/lwip/src/core/tcp.c.obj
                0x1000a094                tcp_abort
 .text.tcp_alloc
                0x1000a0a0      0x1d4 CMakeFiles/RTOS_setup.dir/C_/Users/yoshi/.pico-sdk/sdk/2.0.0/lib/lwip/src/core/tcp.c.obj
                0x1000a0a0                tcp_alloc
 .text.tcp_close_shutdown
                0x1000a274      0x188 CMakeFiles/RTOS_setup.dir/C_/Users/yoshi/.pico-sdk/sdk/2.0.0/lib/lwip/src/core/tcp.c.obj
 .text.tcp_recv_null
                0x1000a3fc       0xcc CMakeFiles/RTOS_setup.dir/C_/Users/yoshi/.pico-sdk/sdk/2.0.0/lib/lwip/src/core/tcp.c.obj
                0x1000a3fc                tcp_recv_null
 .text.tcp_process_refused_data
                0x1000a4c8       0x78 CMakeFiles/RTOS_setup.dir/C_/Users/yoshi/.pico-sdk/sdk/2.0.0/lib/lwip/src/core/tcp.c.obj
                0x1000a4c8                tcp_process_refused_data
 .text.tcp_fasttmr
                0x1000a540       0x98 CMakeFiles/RTOS_setup.dir/C_/Users/yoshi/.pico-sdk/sdk/2.0.0/lib/lwip/src/core/tcp.c.obj
                0x1000a540                tcp_fasttmr
 .text.tcp_tmr  0x1000a5d8       0x20 CMakeFiles/RTOS_setup.dir/C_/Users/yoshi/.pico-sdk/sdk/2.0.0/lib/lwip/src/core/tcp.c.obj
                0x1000a5d8                tcp_tmr
 .text.tcp_next_iss
                0x1000a5f8       0x28 CMakeFiles/RTOS_setup.dir/C_/Users/yoshi/.pico-sdk/sdk/2.0.0/lib/lwip/src/core/tcp.c.obj
                0x1000a5f8                tcp_next_iss
 .text.tcp_eff_send_mss_netif
                0x1000a620       0x34 CMakeFiles/RTOS_setup.dir/C_/Users/yoshi/.pico-sdk/sdk/2.0.0/lib/lwip/src/core/tcp.c.obj
                0x1000a620                tcp_eff_send_mss_netif
 .text.tcp_netif_ip_addr_changed
                0x1000a654       0x94 CMakeFiles/RTOS_setup.dir/C_/Users/yoshi/.pico-sdk/sdk/2.0.0/lib/lwip/src/core/tcp.c.obj
                0x1000a654                tcp_netif_ip_addr_changed
 .text.tcp_free_ooseq
                0x1000a6e8       0x40 CMakeFiles/RTOS_setup.dir/C_/Users/yoshi/.pico-sdk/sdk/2.0.0/lib/lwip/src/core/tcp.c.obj
                0x1000a6e8                tcp_free_ooseq
 .text.tcp_parseopt
                0x1000a728      0x1bc CMakeFiles/RTOS_setup.dir/C_/Users/yoshi/.pico-sdk/sdk/2.0.0/lib/lwip/src/core/tcp_in.c.obj
 .text.tcp_oos_insert_segment
                0x1000a8e4       0xdc CMakeFiles/RTOS_setup.dir/C_/Users/yoshi/.pico-sdk/sdk/2.0.0/lib/lwip/src/core/tcp_in.c.obj
 .text.tcp_free_acked_segments.isra.0
                0x1000a9c0       0xdc CMakeFiles/RTOS_setup.dir/C_/Users/yoshi/.pico-sdk/sdk/2.0.0/lib/lwip/src/core/tcp_in.c.obj
 .text.tcp_receive
                0x1000aa9c      0xa00 CMakeFiles/RTOS_setup.dir/C_/Users/yoshi/.pico-sdk/sdk/2.0.0/lib/lwip/src/core/tcp_in.c.obj
 .text.tcp_input
                0x1000b49c      0xe54 CMakeFiles/RTOS_setup.dir/C_/Users/yoshi/.pico-sdk/sdk/2.0.0/lib/lwip/src/core/tcp_in.c.obj
                0x1000b49c                tcp_input
 .text.tcp_trigger_input_pcb_close
                0x1000c2f0       0x10 CMakeFiles/RTOS_setup.dir/C_/Users/yoshi/.pico-sdk/sdk/2.0.0/lib/lwip/src/core/tcp_in.c.obj
                0x1000c2f0                tcp_trigger_input_pcb_close
 .text.tcp_create_segment
                0x1000c300       0xf8 CMakeFiles/RTOS_setup.dir/C_/Users/yoshi/.pico-sdk/sdk/2.0.0/lib/lwip/src/core/tcp_out.c.obj
 .text.tcp_output_control_segment
                0x1000c3f8       0xc0 CMakeFiles/RTOS_setup.dir/C_/Users/yoshi/.pico-sdk/sdk/2.0.0/lib/lwip/src/core/tcp_out.c.obj
 .text.tcp_output_alloc_header.constprop.0
                0x1000c4b8       0xc8 CMakeFiles/RTOS_setup.dir/C_/Users/yoshi/.pico-sdk/sdk/2.0.0/lib/lwip/src/core/tcp_out.c.obj
 .text.tcp_split_unsent_seg
                0x1000c580      0x1b4 CMakeFiles/RTOS_setup.dir/C_/Users/yoshi/.pico-sdk/sdk/2.0.0/lib/lwip/src/core/tcp_out.c.obj
                0x1000c580                tcp_split_unsent_seg
 .text.tcp_send_fin
                0x1000c734      0x118 CMakeFiles/RTOS_setup.dir/C_/Users/yoshi/.pico-sdk/sdk/2.0.0/lib/lwip/src/core/tcp_out.c.obj
                0x1000c734                tcp_send_fin
 .text.tcp_enqueue_flags
                0x1000c84c      0x108 CMakeFiles/RTOS_setup.dir/C_/Users/yoshi/.pico-sdk/sdk/2.0.0/lib/lwip/src/core/tcp_out.c.obj
                0x1000c84c                tcp_enqueue_flags
 .text.tcp_rexmit_rto_prepare
                0x1000c954       0x9c CMakeFiles/RTOS_setup.dir/C_/Users/yoshi/.pico-sdk/sdk/2.0.0/lib/lwip/src/core/tcp_out.c.obj
                0x1000c954                tcp_rexmit_rto_prepare
 .text.tcp_rexmit
                0x1000c9f0       0x9c CMakeFiles/RTOS_setup.dir/C_/Users/yoshi/.pico-sdk/sdk/2.0.0/lib/lwip/src/core/tcp_out.c.obj
                0x1000c9f0                tcp_rexmit
 .text.tcp_rexmit_fast
                0x1000ca8c       0x64 CMakeFiles/RTOS_setup.dir/C_/Users/yoshi/.pico-sdk/sdk/2.0.0/lib/lwip/src/core/tcp_out.c.obj
                0x1000ca8c                tcp_rexmit_fast
 .text.tcp_rst  0x1000caf0       0xe8 CMakeFiles/RTOS_setup.dir/C_/Users/yoshi/.pico-sdk/sdk/2.0.0/lib/lwip/src/core/tcp_out.c.obj
                0x1000caf0                tcp_rst
 .text.tcp_rst_netif
                0x1000cbd8      0x130 CMakeFiles/RTOS_setup.dir/C_/Users/yoshi/.pico-sdk/sdk/2.0.0/lib/lwip/src/core/tcp_out.c.obj
                0x1000cbd8                tcp_rst_netif
 .text.tcp_send_empty_ack
                0x1000cd08       0x4c CMakeFiles/RTOS_setup.dir/C_/Users/yoshi/.pico-sdk/sdk/2.0.0/lib/lwip/src/core/tcp_out.c.obj
                0x1000cd08                tcp_send_empty_ack
 .text.tcp_output
                0x1000cd54      0x454 CMakeFiles/RTOS_setup.dir/C_/Users/yoshi/.pico-sdk/sdk/2.0.0/lib/lwip/src/core/tcp_out.c.obj
                0x1000cd54                tcp_output
 .text.tcp_rexmit_rto_commit
                0x1000d1a8       0x24 CMakeFiles/RTOS_setup.dir/C_/Users/yoshi/.pico-sdk/sdk/2.0.0/lib/lwip/src/core/tcp_out.c.obj
                0x1000d1a8                tcp_rexmit_rto_commit
 .text.tcp_rexmit_rto
                0x1000d1cc       0xa4 CMakeFiles/RTOS_setup.dir/C_/Users/yoshi/.pico-sdk/sdk/2.0.0/lib/lwip/src/core/tcp_out.c.obj
                0x1000d1cc                tcp_rexmit_rto
 .text.tcp_keepalive
                0x1000d270       0xdc CMakeFiles/RTOS_setup.dir/C_/Users/yoshi/.pico-sdk/sdk/2.0.0/lib/lwip/src/core/tcp_out.c.obj
                0x1000d270                tcp_keepalive
 .text.tcp_zero_window_probe
                0x1000d34c      0x110 CMakeFiles/RTOS_setup.dir/C_/Users/yoshi/.pico-sdk/sdk/2.0.0/lib/lwip/src/core/tcp_out.c.obj
                0x1000d34c                tcp_zero_window_probe
 .text.tcpip_tcp_timer
                0x1000d45c       0x78 CMakeFiles/RTOS_setup.dir/C_/Users/yoshi/.pico-sdk/sdk/2.0.0/lib/lwip/src/core/timeouts.c.obj
 .text.lwip_cyclic_timer
                0x1000d4d4       0x98 CMakeFiles/RTOS_setup.dir/C_/Users/yoshi/.pico-sdk/sdk/2.0.0/lib/lwip/src/core/timeouts.c.obj
 .text.tcp_timer_needed
                0x1000d56c       0x7c CMakeFiles/RTOS_setup.dir/C_/Users/yoshi/.pico-sdk/sdk/2.0.0/lib/lwip/src/core/timeouts.c.obj
                0x1000d56c                tcp_timer_needed
 .text.sys_timeouts_init
                0x1000d5e8       0x8c CMakeFiles/RTOS_setup.dir/C_/Users/yoshi/.pico-sdk/sdk/2.0.0/lib/lwip/src/core/timeouts.c.obj
                0x1000d5e8                sys_timeouts_init
 .text.sys_check_timeouts
                0x1000d674       0x68 CMakeFiles/RTOS_setup.dir/C_/Users/yoshi/.pico-sdk/sdk/2.0.0/lib/lwip/src/core/timeouts.c.obj
                0x1000d674                sys_check_timeouts
 .text.sys_timeouts_sleeptime
                0x1000d6dc       0x28 CMakeFiles/RTOS_setup.dir/C_/Users/yoshi/.pico-sdk/sdk/2.0.0/lib/lwip/src/core/timeouts.c.obj
                0x1000d6dc                sys_timeouts_sleeptime
 .text.udp_init
                0x1000d704       0x20 CMakeFiles/RTOS_setup.dir/C_/Users/yoshi/.pico-sdk/sdk/2.0.0/lib/lwip/src/core/udp.c.obj
                0x1000d704                udp_init
 .text.udp_input
                0x1000d724      0x320 CMakeFiles/RTOS_setup.dir/C_/Users/yoshi/.pico-sdk/sdk/2.0.0/lib/lwip/src/core/udp.c.obj
                0x1000d724                udp_input
 .text.udp_bind
                0x1000da44      0x118 CMakeFiles/RTOS_setup.dir/C_/Users/yoshi/.pico-sdk/sdk/2.0.0/lib/lwip/src/core/udp.c.obj
                0x1000da44                udp_bind
 .text.udp_sendto_if_src
                0x1000db5c      0x130 CMakeFiles/RTOS_setup.dir/C_/Users/yoshi/.pico-sdk/sdk/2.0.0/lib/lwip/src/core/udp.c.obj
                0x1000db5c                udp_sendto_if_src
 .text.udp_sendto_if
                0x1000dc8c       0x48 CMakeFiles/RTOS_setup.dir/C_/Users/yoshi/.pico-sdk/sdk/2.0.0/lib/lwip/src/core/udp.c.obj
                0x1000dc8c                udp_sendto_if
 .text.udp_sendto
                0x1000dcd4       0x78 CMakeFiles/RTOS_setup.dir/C_/Users/yoshi/.pico-sdk/sdk/2.0.0/lib/lwip/src/core/udp.c.obj
                0x1000dcd4                udp_sendto
 .text.udp_connect
                0x1000dd4c       0x60 CMakeFiles/RTOS_setup.dir/C_/Users/yoshi/.pico-sdk/sdk/2.0.0/lib/lwip/src/core/udp.c.obj
                0x1000dd4c                udp_connect
 .text.udp_recv
                0x1000ddac        0xc CMakeFiles/RTOS_setup.dir/C_/Users/yoshi/.pico-sdk/sdk/2.0.0/lib/lwip/src/core/udp.c.obj
                0x1000ddac                udp_recv
 .text.udp_remove
                0x1000ddb8       0x3c CMakeFiles/RTOS_setup.dir/C_/Users/yoshi/.pico-sdk/sdk/2.0.0/lib/lwip/src/core/udp.c.obj
                0x1000ddb8                udp_remove
 .text.udp_new  0x1000ddf4       0x1c CMakeFiles/RTOS_setup.dir/C_/Users/yoshi/.pico-sdk/sdk/2.0.0/lib/lwip/src/core/udp.c.obj
                0x1000ddf4                udp_new
 .text.udp_netif_ip_addr_changed
                0x1000de10       0x40 CMakeFiles/RTOS_setup.dir/C_/Users/yoshi/.pico-sdk/sdk/2.0.0/lib/lwip/src/core/udp.c.obj
                0x1000de10                udp_netif_ip_addr_changed
 .text.dhcp_create_msg
                0x1000de50      0x164 CMakeFiles/RTOS_setup.dir/C_/Users/yoshi/.pico-sdk/sdk/2.0.0/lib/lwip/src/core/ipv4/dhcp.c.obj
 .text.dhcp_inc_pcb_refcount
                0x1000dfb4       0x6c CMakeFiles/RTOS_setup.dir/C_/Users/yoshi/.pico-sdk/sdk/2.0.0/lib/lwip/src/core/ipv4/dhcp.c.obj
 .text.dhcp_bind
                0x1000e020      0x138 CMakeFiles/RTOS_setup.dir/C_/Users/yoshi/.pico-sdk/sdk/2.0.0/lib/lwip/src/core/ipv4/dhcp.c.obj
 .text.dhcp_option_hostname.isra.0
                0x1000e158       0x84 CMakeFiles/RTOS_setup.dir/C_/Users/yoshi/.pico-sdk/sdk/2.0.0/lib/lwip/src/core/ipv4/dhcp.c.obj
 .text.dhcp_handle_ack.isra.0
                0x1000e1dc       0xcc CMakeFiles/RTOS_setup.dir/C_/Users/yoshi/.pico-sdk/sdk/2.0.0/lib/lwip/src/core/ipv4/dhcp.c.obj
 .text.dhcp_reboot.isra.0
                0x1000e2a8      0x178 CMakeFiles/RTOS_setup.dir/C_/Users/yoshi/.pico-sdk/sdk/2.0.0/lib/lwip/src/core/ipv4/dhcp.c.obj
 .text.dhcp_discover
                0x1000e420      0x140 CMakeFiles/RTOS_setup.dir/C_/Users/yoshi/.pico-sdk/sdk/2.0.0/lib/lwip/src/core/ipv4/dhcp.c.obj
 .text.dhcp_select.isra.0
                0x1000e560      0x1e0 CMakeFiles/RTOS_setup.dir/C_/Users/yoshi/.pico-sdk/sdk/2.0.0/lib/lwip/src/core/ipv4/dhcp.c.obj
 .text.dhcp_recv
                0x1000e740      0x47c CMakeFiles/RTOS_setup.dir/C_/Users/yoshi/.pico-sdk/sdk/2.0.0/lib/lwip/src/core/ipv4/dhcp.c.obj
 .text.dhcp_set_struct
                0x1000ebbc       0x44 CMakeFiles/RTOS_setup.dir/C_/Users/yoshi/.pico-sdk/sdk/2.0.0/lib/lwip/src/core/ipv4/dhcp.c.obj
                0x1000ebbc                dhcp_set_struct
 .text.dhcp_network_changed_link_up
                0x1000ec00       0x40 CMakeFiles/RTOS_setup.dir/C_/Users/yoshi/.pico-sdk/sdk/2.0.0/lib/lwip/src/core/ipv4/dhcp.c.obj
                0x1000ec00                dhcp_network_changed_link_up
 .text.dhcp_renew
                0x1000ec40      0x138 CMakeFiles/RTOS_setup.dir/C_/Users/yoshi/.pico-sdk/sdk/2.0.0/lib/lwip/src/core/ipv4/dhcp.c.obj
                0x1000ec40                dhcp_renew
 .text.dhcp_release_and_stop
                0x1000ed78      0x158 CMakeFiles/RTOS_setup.dir/C_/Users/yoshi/.pico-sdk/sdk/2.0.0/lib/lwip/src/core/ipv4/dhcp.c.obj
                0x1000ed78                dhcp_release_and_stop
 .text.dhcp_start
                0x1000eed0       0xb0 CMakeFiles/RTOS_setup.dir/C_/Users/yoshi/.pico-sdk/sdk/2.0.0/lib/lwip/src/core/ipv4/dhcp.c.obj
                0x1000eed0                dhcp_start
 .text.dhcp_coarse_tmr
                0x1000ef80      0x1d8 CMakeFiles/RTOS_setup.dir/C_/Users/yoshi/.pico-sdk/sdk/2.0.0/lib/lwip/src/core/ipv4/dhcp.c.obj
                0x1000ef80                dhcp_coarse_tmr
 .text.dhcp_fine_tmr
                0x1000f158       0x78 CMakeFiles/RTOS_setup.dir/C_/Users/yoshi/.pico-sdk/sdk/2.0.0/lib/lwip/src/core/ipv4/dhcp.c.obj
                0x1000f158                dhcp_fine_tmr
 .text.dhcp_stop
                0x1000f1d0      0x158 CMakeFiles/RTOS_setup.dir/C_/Users/yoshi/.pico-sdk/sdk/2.0.0/lib/lwip/src/core/ipv4/dhcp.c.obj
                0x1000f1d0                dhcp_stop
 .text.etharp_find_entry
                0x1000f328      0x3c0 CMakeFiles/RTOS_setup.dir/C_/Users/yoshi/.pico-sdk/sdk/2.0.0/lib/lwip/src/core/ipv4/etharp.c.obj
 .text.etharp_raw
                0x1000f6e8       0xec CMakeFiles/RTOS_setup.dir/C_/Users/yoshi/.pico-sdk/sdk/2.0.0/lib/lwip/src/core/ipv4/etharp.c.obj
 .text.etharp_output_to_arp_index
                0x1000f7d4       0xd0 CMakeFiles/RTOS_setup.dir/C_/Users/yoshi/.pico-sdk/sdk/2.0.0/lib/lwip/src/core/ipv4/etharp.c.obj
 .text.etharp_tmr
                0x1000f8a4       0x94 CMakeFiles/RTOS_setup.dir/C_/Users/yoshi/.pico-sdk/sdk/2.0.0/lib/lwip/src/core/ipv4/etharp.c.obj
                0x1000f8a4                etharp_tmr
 .text.etharp_cleanup_netif
                0x1000f938      0x188 CMakeFiles/RTOS_setup.dir/C_/Users/yoshi/.pico-sdk/sdk/2.0.0/lib/lwip/src/core/ipv4/etharp.c.obj
                0x1000f938                etharp_cleanup_netif
 .text.etharp_input
                0x1000fac0      0x1b8 CMakeFiles/RTOS_setup.dir/C_/Users/yoshi/.pico-sdk/sdk/2.0.0/lib/lwip/src/core/ipv4/etharp.c.obj
                0x1000fac0                etharp_input
 .text.etharp_query
                0x1000fc78      0x1b8 CMakeFiles/RTOS_setup.dir/C_/Users/yoshi/.pico-sdk/sdk/2.0.0/lib/lwip/src/core/ipv4/etharp.c.obj
                0x1000fc78                etharp_query
 .text.etharp_output
                0x1000fe30      0x24c CMakeFiles/RTOS_setup.dir/C_/Users/yoshi/.pico-sdk/sdk/2.0.0/lib/lwip/src/core/ipv4/etharp.c.obj
                0x1000fe30                etharp_output
 .text.etharp_request
                0x1001007c       0x2c CMakeFiles/RTOS_setup.dir/C_/Users/yoshi/.pico-sdk/sdk/2.0.0/lib/lwip/src/core/ipv4/etharp.c.obj